[2022-09-24T10:17:45.510-0400][0.015s] CardTable entry size: 512
[2022-09-24T10:17:45.510-0400][0.016s] Using G1
[2022-09-24T10:17:45.706-0400][0.205s] Version: 18.0.1.1+2-6 (release)
[2022-09-24T10:17:45.706-0400][0.205s] CPUs: 8 total, 8 available
[2022-09-24T10:17:45.706-0400][0.206s] Memory: 7987M
[2022-09-24T10:17:45.706-0400][0.206s] Large Page Support: Disabled
[2022-09-24T10:17:45.706-0400][0.206s] NUMA Support: Disabled
[2022-09-24T10:17:45.706-0400][0.206s] Compressed Oops: Enabled (32-bit)
[2022-09-24T10:17:45.706-0400][0.206s] Heap Region Size: 1M
[2022-09-24T10:17:45.706-0400][0.206s] Heap Min Capacity: 512M
[2022-09-24T10:17:45.706-0400][0.206s] Heap Initial Capacity: 512M
[2022-09-24T10:17:45.706-0400][0.206s] Heap Max Capacity: 512M
[2022-09-24T10:17:45.708-0400][0.207s] Pre-touch: Enabled
[2022-09-24T10:17:45.708-0400][0.207s] Parallel Workers: 8
[2022-09-24T10:17:45.708-0400][0.207s] Concurrent Workers: 2
[2022-09-24T10:17:45.708-0400][0.207s] Concurrent Refinement Workers: 8
[2022-09-24T10:17:45.708-0400][0.207s] Periodic GC: Disabled
[2022-09-24T10:17:45.709-0400][0.208s] CDS archive(s) mapped at: [0x0000000800000000-0x0000000800ba0000-0x0000000800ba0000), size 12189696, SharedBaseAddress: 0x0000000800000000, ArchiveRelocationMode: 0.
[2022-09-24T10:17:45.709-0400][0.208s] Compressed class space mapped at: 0x0000000800c00000-0x0000000840c00000, reserved size: 1073741824
[2022-09-24T10:17:45.709-0400][0.208s] Narrow klass base: 0x0000000800000000, Narrow klass shift: 0, Narrow klass range: 0x100000000
[2022-09-24T10:17:52.080-0400][6.592s] GC(0) Pause Young (Normal) (G1 Evacuation Pause)
[2022-09-24T10:17:52.080-0400][6.592s] GC(0) Using 8 workers of 8 for evacuation
[2022-09-24T10:17:52.096-0400][6.597s] GC(0)   Pre Evacuate Collection Set: 0.1ms
[2022-09-24T10:17:52.096-0400][6.597s] GC(0)   Merge Heap Roots: 0.2ms
[2022-09-24T10:17:52.096-0400][6.597s] GC(0)   Evacuate Collection Set: 2.6ms
[2022-09-24T10:17:52.096-0400][6.597s] GC(0)   Post Evacuate Collection Set: 1.2ms
[2022-09-24T10:17:52.096-0400][6.597s] GC(0)   Other: 0.7ms
[2022-09-24T10:17:52.096-0400][6.597s] GC(0) Eden regions: 29->0(40)
[2022-09-24T10:17:52.096-0400][6.597s] GC(0) Survivor regions: 0->4(4)
[2022-09-24T10:17:52.096-0400][6.597s] GC(0) Old regions: 0->1
[2022-09-24T10:17:52.096-0400][6.597s] GC(0) Archive regions: 0->0
[2022-09-24T10:17:52.096-0400][6.597s] GC(0) Humongous regions: 0->0
[2022-09-24T10:17:52.096-0400][6.597s] GC(0) Metaspace: 9519K(9728K)->9519K(9728K) NonClass: 8442K(8576K)->8442K(8576K) Class: 1076K(1152K)->1076K(1152K)
[2022-09-24T10:17:52.096-0400][6.597s] GC(0) Pause Young (Normal) (G1 Evacuation Pause) 29M->4M(512M) 5.122ms
[2022-09-24T10:17:52.096-0400][6.597s] GC(0) User=0.12s Sys=0.00s Real=0.02s
[2022-09-24T10:17:52.921-0400][7.422s] GC(1) Pause Young (Normal) (G1 Evacuation Pause)
[2022-09-24T10:17:52.921-0400][7.422s] GC(1) Using 8 workers of 8 for evacuation
[2022-09-24T10:17:52.921-0400][7.432s] GC(1)   Pre Evacuate Collection Set: 0.3ms
[2022-09-24T10:17:52.921-0400][7.432s] GC(1)   Merge Heap Roots: 0.2ms
[2022-09-24T10:17:52.921-0400][7.432s] GC(1)   Evacuate Collection Set: 8.3ms
[2022-09-24T10:17:52.921-0400][7.432s] GC(1)   Post Evacuate Collection Set: 1.3ms
[2022-09-24T10:17:52.921-0400][7.432s] GC(1)   Other: 0.1ms
[2022-09-24T10:17:52.921-0400][7.432s] GC(1) Eden regions: 38->0(69)
[2022-09-24T10:17:52.921-0400][7.432s] GC(1) Survivor regions: 4->6(6)
[2022-09-24T10:17:52.921-0400][7.432s] GC(1) Old regions: 1->8
[2022-09-24T10:17:52.921-0400][7.432s] GC(1) Archive regions: 0->0
[2022-09-24T10:17:52.921-0400][7.432s] GC(1) Humongous regions: 4->4
[2022-09-24T10:17:52.921-0400][7.432s] GC(1) Metaspace: 16363K(16704K)->16363K(16704K) NonClass: 14482K(14656K)->14482K(14656K) Class: 1881K(2048K)->1881K(2048K)
[2022-09-24T10:17:52.921-0400][7.432s] GC(1) Pause Young (Normal) (G1 Evacuation Pause) 46M->17M(512M) 10.522ms
[2022-09-24T10:17:52.921-0400][7.432s] GC(1) User=0.00s Sys=0.00s Real=0.00s
[2022-09-24T10:17:53.948-0400][8.450s] GC(2) Pause Young (Normal) (G1 Evacuation Pause)
[2022-09-24T10:17:53.948-0400][8.450s] GC(2) Using 8 workers of 8 for evacuation
[2022-09-24T10:17:53.948-0400][8.455s] GC(2)   Pre Evacuate Collection Set: 0.1ms
[2022-09-24T10:17:53.948-0400][8.455s] GC(2)   Merge Heap Roots: 0.0ms
[2022-09-24T10:17:53.948-0400][8.455s] GC(2)   Evacuate Collection Set: 3.6ms
[2022-09-24T10:17:53.948-0400][8.455s] GC(2)   Post Evacuate Collection Set: 0.6ms
[2022-09-24T10:17:53.948-0400][8.455s] GC(2)   Other: 0.1ms
[2022-09-24T10:17:53.948-0400][8.455s] GC(2) Eden regions: 69->0(302)
[2022-09-24T10:17:53.948-0400][8.455s] GC(2) Survivor regions: 6->5(10)
[2022-09-24T10:17:53.948-0400][8.455s] GC(2) Old regions: 8->14
[2022-09-24T10:17:53.948-0400][8.455s] GC(2) Archive regions: 0->0
[2022-09-24T10:17:53.948-0400][8.455s] GC(2) Humongous regions: 4->4
[2022-09-24T10:17:53.948-0400][8.455s] GC(2) Metaspace: 20764K(21120K)->20764K(21120K) NonClass: 18454K(18624K)->18454K(18624K) Class: 2310K(2496K)->2310K(2496K)
[2022-09-24T10:17:53.948-0400][8.455s] GC(2) Pause Young (Normal) (G1 Evacuation Pause) 86M->22M(512M) 4.882ms
[2022-09-24T10:17:53.948-0400][8.455s] GC(2) User=0.00s Sys=0.00s Real=0.00s
[2022-09-24T10:17:53.991-0400][8.495s] GC(3) Pause Young (Concurrent Start) (Metadata GC Threshold)
[2022-09-24T10:17:53.991-0400][8.495s] GC(3) Using 8 workers of 8 for evacuation
[2022-09-24T10:17:53.991-0400][8.497s] GC(3)   Pre Evacuate Collection Set: 0.2ms
[2022-09-24T10:17:53.991-0400][8.497s] GC(3)   Merge Heap Roots: 0.0ms
[2022-09-24T10:17:53.991-0400][8.497s] GC(3)   Evacuate Collection Set: 1.1ms
[2022-09-24T10:17:53.991-0400][8.497s] GC(3)   Post Evacuate Collection Set: 0.4ms
[2022-09-24T10:17:53.991-0400][8.497s] GC(3)   Other: 0.1ms
[2022-09-24T10:17:53.991-0400][8.497s] GC(3) Eden regions: 3->0(302)
[2022-09-24T10:17:53.991-0400][8.497s] GC(3) Survivor regions: 5->5(39)
[2022-09-24T10:17:53.991-0400][8.497s] GC(3) Old regions: 14->14
[2022-09-24T10:17:53.991-0400][8.497s] GC(3) Archive regions: 0->0
[2022-09-24T10:17:53.991-0400][8.497s] GC(3) Humongous regions: 4->4
[2022-09-24T10:17:53.991-0400][8.497s] GC(3) Metaspace: 21088K(21504K)->21088K(21504K) NonClass: 18745K(18944K)->18745K(18944K) Class: 2342K(2560K)->2342K(2560K)
[2022-09-24T10:17:53.991-0400][8.497s] GC(3) Pause Young (Concurrent Start) (Metadata GC Threshold) 25M->22M(512M) 2.112ms
[2022-09-24T10:17:53.991-0400][8.497s] GC(4) Concurrent Mark Cycle
[2022-09-24T10:17:53.991-0400][8.497s] GC(3) User=0.00s Sys=0.00s Real=0.00s
[2022-09-24T10:17:53.991-0400][8.497s] GC(4) Concurrent Clear Claimed Marks
[2022-09-24T10:17:53.991-0400][8.498s] GC(4) Concurrent Clear Claimed Marks 0.066ms
[2022-09-24T10:17:53.991-0400][8.498s] GC(4) Concurrent Scan Root Regions
[2022-09-24T10:17:53.991-0400][8.499s] GC(4) Concurrent Scan Root Regions 1.702ms
[2022-09-24T10:17:53.991-0400][8.499s] GC(4) Concurrent Mark
[2022-09-24T10:17:53.991-0400][8.499s] GC(4) Concurrent Mark From Roots
[2022-09-24T10:17:53.991-0400][8.499s] GC(4) Using 2 workers of 2 for marking
[2022-09-24T10:17:54.014-0400][8.522s] GC(4) Concurrent Mark From Roots 22.773ms
[2022-09-24T10:17:54.014-0400][8.522s] GC(4) Concurrent Preclean
[2022-09-24T10:17:54.014-0400][8.522s] GC(4) Concurrent Preclean 0.086ms
[2022-09-24T10:17:54.014-0400][8.522s] GC(4) Pause Remark
[2022-09-24T10:17:54.014-0400][8.525s] GC(4) Pause Remark 24M->24M(512M) 2.240ms
[2022-09-24T10:17:54.014-0400][8.525s] GC(4) User=0.00s Sys=0.00s Real=0.00s
[2022-09-24T10:17:54.014-0400][8.525s] GC(4) Concurrent Mark 25.502ms
[2022-09-24T10:17:54.014-0400][8.525s] GC(4) Concurrent Rebuild Remembered Sets
[2022-09-24T10:17:54.030-0400][8.531s] GC(4) Concurrent Rebuild Remembered Sets 6.450ms
[2022-09-24T10:17:54.033-0400][8.532s] GC(4) Pause Cleanup
[2022-09-24T10:17:54.033-0400][8.532s] GC(4) Pause Cleanup 24M->24M(512M) 0.165ms
[2022-09-24T10:17:54.033-0400][8.532s] GC(4) User=0.00s Sys=0.00s Real=0.00s
[2022-09-24T10:17:54.033-0400][8.532s] GC(4) Concurrent Cleanup for Next Mark
[2022-09-24T10:17:54.033-0400][8.533s] GC(4) Concurrent Cleanup for Next Mark 0.916ms
[2022-09-24T10:17:54.033-0400][8.533s] GC(4) Concurrent Mark Cycle 35.658ms
[2022-09-24T10:18:15.665-0400][30.167s] GC(5) Pause Young (Prepare Mixed) (Metadata GC Threshold)
[2022-09-24T10:18:15.665-0400][30.167s] GC(5) Using 8 workers of 8 for evacuation
[2022-09-24T10:18:15.675-0400][30.175s] GC(5)   Pre Evacuate Collection Set: 0.1ms
[2022-09-24T10:18:15.675-0400][30.175s] GC(5)   Merge Heap Roots: 0.1ms
[2022-09-24T10:18:15.675-0400][30.175s] GC(5)   Evacuate Collection Set: 5.6ms
[2022-09-24T10:18:15.675-0400][30.175s] GC(5)   Post Evacuate Collection Set: 1.5ms
[2022-09-24T10:18:15.675-0400][30.175s] GC(5)   Other: 0.3ms
[2022-09-24T10:18:15.675-0400][30.175s] GC(5) Eden regions: 179->0(13)
[2022-09-24T10:18:15.675-0400][30.175s] GC(5) Survivor regions: 5->12(39)
[2022-09-24T10:18:15.676-0400][30.175s] GC(5) Old regions: 14->14
[2022-09-24T10:18:15.676-0400][30.175s] GC(5) Archive regions: 0->0
[2022-09-24T10:18:15.676-0400][30.175s] GC(5) Humongous regions: 5->4
[2022-09-24T10:18:15.676-0400][30.175s] GC(5) Metaspace: 35982K(36416K)->35982K(36416K) NonClass: 31799K(32000K)->31799K(32000K) Class: 4183K(4416K)->4183K(4416K)
[2022-09-24T10:18:15.676-0400][30.175s] GC(5) Pause Young (Prepare Mixed) (Metadata GC Threshold) 201M->29M(512M) 8.326ms
[2022-09-24T10:18:15.676-0400][30.175s] GC(5) User=0.06s Sys=0.02s Real=0.01s
[2022-09-24T10:18:15.709-0400][30.209s] GC(6) Pause Young (Mixed) (Metadata GC Threshold)
[2022-09-24T10:18:15.709-0400][30.209s] GC(6) Using 8 workers of 8 for evacuation
[2022-09-24T10:18:15.715-0400][30.214s] GC(6)   Pre Evacuate Collection Set: 0.1ms
[2022-09-24T10:18:15.715-0400][30.214s] GC(6)   Merge Heap Roots: 0.1ms
[2022-09-24T10:18:15.715-0400][30.214s] GC(6)   Evacuate Collection Set: 4.2ms
[2022-09-24T10:18:15.715-0400][30.214s] GC(6)   Post Evacuate Collection Set: 0.5ms
[2022-09-24T10:18:15.715-0400][30.214s] GC(6)   Other: 0.1ms
[2022-09-24T10:18:15.715-0400][30.214s] GC(6) Eden regions: 4->0(305)
[2022-09-24T10:18:15.715-0400][30.214s] GC(6) Survivor regions: 12->2(4)
[2022-09-24T10:18:15.715-0400][30.214s] GC(6) Old regions: 14->26
[2022-09-24T10:18:15.715-0400][30.214s] GC(6) Archive regions: 0->0
[2022-09-24T10:18:15.715-0400][30.214s] GC(6) Humongous regions: 4->4
[2022-09-24T10:18:15.715-0400][30.214s] GC(6) Metaspace: 36234K(36736K)->36234K(36736K) NonClass: 32018K(32256K)->32018K(32256K) Class: 4216K(4480K)->4216K(4480K)
[2022-09-24T10:18:15.715-0400][30.214s] GC(6) Pause Young (Mixed) (Metadata GC Threshold) 32M->30M(512M) 5.273ms
[2022-09-24T10:18:15.715-0400][30.214s] GC(6) User=0.00s Sys=0.00s Real=0.01s
[2022-09-24T10:18:15.751-0400][30.251s] GC(7) Pause Young (Concurrent Start) (Metadata GC Threshold)
[2022-09-24T10:18:15.751-0400][30.252s] GC(7) Using 8 workers of 8 for evacuation
[2022-09-24T10:18:15.751-0400][30.253s] GC(7)   Pre Evacuate Collection Set: 0.1ms
[2022-09-24T10:18:15.751-0400][30.253s] GC(7)   Merge Heap Roots: 0.1ms
[2022-09-24T10:18:15.751-0400][30.253s] GC(7)   Evacuate Collection Set: 0.5ms
[2022-09-24T10:18:15.751-0400][30.253s] GC(7)   Post Evacuate Collection Set: 0.2ms
[2022-09-24T10:18:15.751-0400][30.253s] GC(7)   Other: 0.3ms
[2022-09-24T10:18:15.751-0400][30.253s] GC(7) Eden regions: 5->0(306)
[2022-09-24T10:18:15.751-0400][30.253s] GC(7) Survivor regions: 2->1(39)
[2022-09-24T10:18:15.751-0400][30.253s] GC(7) Old regions: 26->26
[2022-09-24T10:18:15.751-0400][30.253s] GC(7) Archive regions: 0->0
[2022-09-24T10:18:15.751-0400][30.253s] GC(7) Humongous regions: 4->4
[2022-09-24T10:18:15.751-0400][30.253s] GC(7) Metaspace: 36567K(37056K)->36567K(37056K) NonClass: 32291K(32512K)->32291K(32512K) Class: 4276K(4544K)->4276K(4544K)
[2022-09-24T10:18:15.751-0400][30.253s] GC(7) Pause Young (Concurrent Start) (Metadata GC Threshold) 34M->29M(512M) 1.534ms
[2022-09-24T10:18:15.751-0400][30.253s] GC(8) Concurrent Mark Cycle
[2022-09-24T10:18:15.751-0400][30.253s] GC(7) User=0.00s Sys=0.00s Real=0.00s
[2022-09-24T10:18:15.751-0400][30.253s] GC(8) Concurrent Clear Claimed Marks
[2022-09-24T10:18:15.751-0400][30.253s] GC(8) Concurrent Clear Claimed Marks 0.062ms
[2022-09-24T10:18:15.751-0400][30.253s] GC(8) Concurrent Scan Root Regions
[2022-09-24T10:18:15.755-0400][30.254s] GC(8) Concurrent Scan Root Regions 0.671ms
[2022-09-24T10:18:15.755-0400][30.254s] GC(8) Concurrent Mark
[2022-09-24T10:18:15.755-0400][30.254s] GC(8) Concurrent Mark From Roots
[2022-09-24T10:18:15.755-0400][30.254s] GC(8) Using 2 workers of 2 for marking
[2022-09-24T10:18:15.769-0400][30.274s] GC(8) Concurrent Mark From Roots 19.735ms
[2022-09-24T10:18:15.769-0400][30.274s] GC(8) Concurrent Preclean
[2022-09-24T10:18:15.769-0400][30.274s] GC(8) Concurrent Preclean 0.091ms
[2022-09-24T10:18:15.784-0400][30.283s] GC(8) Pause Remark
[2022-09-24T10:18:15.784-0400][30.286s] GC(8) Pause Remark 32M->32M(512M) 2.421ms
[2022-09-24T10:18:15.784-0400][30.286s] GC(8) User=0.00s Sys=0.00s Real=0.00s
[2022-09-24T10:18:15.784-0400][30.286s] GC(8) Concurrent Mark 32.059ms
[2022-09-24T10:18:15.784-0400][30.286s] GC(8) Concurrent Rebuild Remembered Sets
[2022-09-24T10:18:15.784-0400][30.295s] GC(8) Concurrent Rebuild Remembered Sets 8.633ms
[2022-09-24T10:18:15.784-0400][30.295s] GC(8) Pause Cleanup
[2022-09-24T10:18:15.784-0400][30.295s] GC(8) Pause Cleanup 33M->33M(512M) 0.112ms
[2022-09-24T10:18:15.784-0400][30.295s] GC(8) User=0.00s Sys=0.00s Real=0.00s
[2022-09-24T10:18:15.784-0400][30.295s] GC(8) Concurrent Cleanup for Next Mark
[2022-09-24T10:18:15.784-0400][30.296s] GC(8) Concurrent Cleanup for Next Mark 0.935ms
[2022-09-24T10:18:15.784-0400][30.296s] GC(8) Concurrent Mark Cycle 43.025ms
[2022-09-24T10:27:48.661-0400][603.160s] GC(9) Pause Young (Prepare Mixed) (G1 Evacuation Pause)
[2022-09-24T10:27:48.661-0400][603.160s] GC(9) Using 8 workers of 8 for evacuation
[2022-09-24T10:27:48.728-0400][603.227s] GC(9)   Pre Evacuate Collection Set: 1.5ms
[2022-09-24T10:27:48.728-0400][603.227s] GC(9)   Merge Heap Roots: 0.4ms
[2022-09-24T10:27:48.728-0400][603.227s] GC(9)   Evacuate Collection Set: 63.3ms
[2022-09-24T10:27:48.728-0400][603.227s] GC(9)   Post Evacuate Collection Set: 1.6ms
[2022-09-24T10:27:48.728-0400][603.227s] GC(9)   Other: 0.2ms
[2022-09-24T10:27:48.728-0400][603.227s] GC(9) Eden regions: 306->0(10)
[2022-09-24T10:27:48.728-0400][603.227s] GC(9) Survivor regions: 1->15(39)
[2022-09-24T10:27:48.728-0400][603.227s] GC(9) Old regions: 26->26
[2022-09-24T10:27:48.728-0400][603.227s] GC(9) Archive regions: 0->0
[2022-09-24T10:27:48.728-0400][603.227s] GC(9) Humongous regions: 7->7
[2022-09-24T10:27:48.728-0400][603.227s] GC(9) Metaspace: 49807K(50368K)->49807K(50368K) NonClass: 43930K(44224K)->43930K(44224K) Class: 5876K(6144K)->5876K(6144K)
[2022-09-24T10:27:48.728-0400][603.227s] GC(9) Pause Young (Prepare Mixed) (G1 Evacuation Pause) 338M->46M(512M) 67.388ms
[2022-09-24T10:27:48.728-0400][603.227s] GC(9) User=0.12s Sys=0.23s Real=0.07s
[2022-09-24T10:28:07.284-0400][621.784s] GC(10) Pause Young (Mixed) (G1 Evacuation Pause)
[2022-09-24T10:28:07.284-0400][621.784s] GC(10) Using 8 workers of 8 for evacuation
[2022-09-24T10:28:07.298-0400][621.798s] GC(10)   Pre Evacuate Collection Set: 0.7ms
[2022-09-24T10:28:07.298-0400][621.798s] GC(10)   Merge Heap Roots: 0.1ms
[2022-09-24T10:28:07.298-0400][621.798s] GC(10)   Evacuate Collection Set: 11.9ms
[2022-09-24T10:28:07.298-0400][621.798s] GC(10)   Post Evacuate Collection Set: 1.1ms
[2022-09-24T10:28:07.298-0400][621.798s] GC(10)   Other: 0.1ms
[2022-09-24T10:28:07.298-0400][621.798s] GC(10) Eden regions: 10->0(305)
[2022-09-24T10:28:07.298-0400][621.798s] GC(10) Survivor regions: 15->2(4)
[2022-09-24T10:28:07.298-0400][621.798s] GC(10) Old regions: 26->40
[2022-09-24T10:28:07.298-0400][621.798s] GC(10) Archive regions: 0->0
[2022-09-24T10:28:07.298-0400][621.798s] GC(10) Humongous regions: 7->7
[2022-09-24T10:28:07.298-0400][621.798s] GC(10) Metaspace: 49844K(50432K)->49844K(50432K) NonClass: 43967K(44288K)->43967K(44288K) Class: 5877K(6144K)->5877K(6144K)
[2022-09-24T10:28:07.298-0400][621.798s] GC(10) Pause Young (Mixed) (G1 Evacuation Pause) 56M->48M(512M) 14.285ms
[2022-09-24T10:28:07.298-0400][621.798s] GC(10) User=0.03s Sys=0.00s Real=0.01s
[2022-09-24T10:29:25.745-0400][700.245s] Heap
[2022-09-24T10:29:25.745-0400][700.245s]  garbage-first heap   total 524288K, used 72898K [0x00000000e0000000, 0x0000000100000000)
[2022-09-24T10:29:25.745-0400][700.245s]   region size 1024K, 25 young (25600K), 2 survivors (2048K)
[2022-09-24T10:29:25.745-0400][700.246s]  Metaspace       used 50145K, committed 50752K, reserved 1114112K
[2022-09-24T10:29:25.745-0400][700.246s]   class space    used 5905K, committed 6208K, reserved 1048576K
