[2022-09-24T10:32:30.594-0400][0.023s] CardTable entry size: 512
[2022-09-24T10:32:30.594-0400][0.023s] Using G1
[2022-09-24T10:32:30.758-0400][0.199s] Version: 18.0.1.1+2-6 (release)
[2022-09-24T10:32:30.758-0400][0.199s] CPUs: 8 total, 8 available
[2022-09-24T10:32:30.758-0400][0.199s] Memory: 7987M
[2022-09-24T10:32:30.758-0400][0.199s] Large Page Support: Disabled
[2022-09-24T10:32:30.758-0400][0.199s] NUMA Support: Disabled
[2022-09-24T10:32:30.758-0400][0.199s] Compressed Oops: Enabled (32-bit)
[2022-09-24T10:32:30.758-0400][0.199s] Heap Region Size: 1M
[2022-09-24T10:32:30.758-0400][0.199s] Heap Min Capacity: 512M
[2022-09-24T10:32:30.758-0400][0.199s] Heap Initial Capacity: 512M
[2022-09-24T10:32:30.758-0400][0.199s] Heap Max Capacity: 512M
[2022-09-24T10:32:30.758-0400][0.200s] Pre-touch: Enabled
[2022-09-24T10:32:30.758-0400][0.200s] Parallel Workers: 8
[2022-09-24T10:32:30.758-0400][0.200s] Concurrent Workers: 2
[2022-09-24T10:32:30.758-0400][0.200s] Concurrent Refinement Workers: 8
[2022-09-24T10:32:30.758-0400][0.200s] Periodic GC: Disabled
[2022-09-24T10:32:30.758-0400][0.200s] CDS archive(s) mapped at: [0x0000000800000000-0x0000000800ba0000-0x0000000800ba0000), size 12189696, SharedBaseAddress: 0x0000000800000000, ArchiveRelocationMode: 0.
[2022-09-24T10:32:30.758-0400][0.200s] Compressed class space mapped at: 0x0000000800c00000-0x0000000840c00000, reserved size: 1073741824
[2022-09-24T10:32:30.758-0400][0.200s] Narrow klass base: 0x0000000800000000, Narrow klass shift: 0, Narrow klass range: 0x100000000
[2022-09-24T10:32:37.344-0400][6.778s] GC(0) Pause Young (Normal) (G1 Evacuation Pause)
[2022-09-24T10:32:37.344-0400][6.779s] GC(0) Using 8 workers of 8 for evacuation
[2022-09-24T10:32:37.358-0400][6.786s] GC(0)   Pre Evacuate Collection Set: 0.1ms
[2022-09-24T10:32:37.358-0400][6.786s] GC(0)   Merge Heap Roots: 0.1ms
[2022-09-24T10:32:37.358-0400][6.786s] GC(0)   Evacuate Collection Set: 5.4ms
[2022-09-24T10:32:37.358-0400][6.786s] GC(0)   Post Evacuate Collection Set: 0.8ms
[2022-09-24T10:32:37.358-0400][6.786s] GC(0)   Other: 1.0ms
[2022-09-24T10:32:37.358-0400][6.786s] GC(0) Eden regions: 29->0(40)
[2022-09-24T10:32:37.358-0400][6.786s] GC(0) Survivor regions: 0->4(4)
[2022-09-24T10:32:37.358-0400][6.786s] GC(0) Old regions: 0->1
[2022-09-24T10:32:37.358-0400][6.786s] GC(0) Archive regions: 0->0
[2022-09-24T10:32:37.358-0400][6.786s] GC(0) Humongous regions: 0->0
[2022-09-24T10:32:37.358-0400][6.786s] GC(0) Metaspace: 9525K(9728K)->9525K(9728K) NonClass: 8448K(8576K)->8448K(8576K) Class: 1076K(1152K)->1076K(1152K)
[2022-09-24T10:32:37.358-0400][6.786s] GC(0) Pause Young (Normal) (G1 Evacuation Pause) 29M->4M(512M) 7.850ms
[2022-09-24T10:32:37.358-0400][6.786s] GC(0) User=0.05s Sys=0.00s Real=0.01s
[2022-09-24T10:32:38.291-0400][7.731s] GC(1) Pause Young (Normal) (G1 Evacuation Pause)
[2022-09-24T10:32:38.291-0400][7.731s] GC(1) Using 8 workers of 8 for evacuation
[2022-09-24T10:32:38.313-0400][7.741s] GC(1)   Pre Evacuate Collection Set: 0.2ms
[2022-09-24T10:32:38.313-0400][7.741s] GC(1)   Merge Heap Roots: 0.2ms
[2022-09-24T10:32:38.313-0400][7.741s] GC(1)   Evacuate Collection Set: 7.8ms
[2022-09-24T10:32:38.313-0400][7.741s] GC(1)   Post Evacuate Collection Set: 1.6ms
[2022-09-24T10:32:38.313-0400][7.741s] GC(1)   Other: 0.2ms
[2022-09-24T10:32:38.313-0400][7.741s] GC(1) Eden regions: 39->0(69)
[2022-09-24T10:32:38.313-0400][7.741s] GC(1) Survivor regions: 4->6(6)
[2022-09-24T10:32:38.313-0400][7.741s] GC(1) Old regions: 1->9
[2022-09-24T10:32:38.313-0400][7.741s] GC(1) Archive regions: 0->0
[2022-09-24T10:32:38.313-0400][7.742s] GC(1) Humongous regions: 4->4
[2022-09-24T10:32:38.313-0400][7.742s] GC(1) Metaspace: 16367K(16704K)->16367K(16704K) NonClass: 14486K(14656K)->14486K(14656K) Class: 1881K(2048K)->1881K(2048K)
[2022-09-24T10:32:38.313-0400][7.742s] GC(1) Pause Young (Normal) (G1 Evacuation Pause) 47M->18M(512M) 10.292ms
[2022-09-24T10:32:38.313-0400][7.742s] GC(1) User=0.12s Sys=0.00s Real=0.02s
[2022-09-24T10:32:39.354-0400][8.782s] GC(2) Pause Young (Normal) (G1 Evacuation Pause)
[2022-09-24T10:32:39.354-0400][8.782s] GC(2) Using 8 workers of 8 for evacuation
[2022-09-24T10:32:39.358-0400][8.786s] GC(2)   Pre Evacuate Collection Set: 0.1ms
[2022-09-24T10:32:39.358-0400][8.786s] GC(2)   Merge Heap Roots: 0.0ms
[2022-09-24T10:32:39.358-0400][8.786s] GC(2)   Evacuate Collection Set: 3.3ms
[2022-09-24T10:32:39.358-0400][8.786s] GC(2)   Post Evacuate Collection Set: 0.6ms
[2022-09-24T10:32:39.358-0400][8.786s] GC(2)   Other: 0.1ms
[2022-09-24T10:32:39.358-0400][8.786s] GC(2) Eden regions: 69->0(302)
[2022-09-24T10:32:39.358-0400][8.786s] GC(2) Survivor regions: 6->5(10)
[2022-09-24T10:32:39.358-0400][8.786s] GC(2) Old regions: 9->15
[2022-09-24T10:32:39.358-0400][8.786s] GC(2) Archive regions: 0->0
[2022-09-24T10:32:39.358-0400][8.786s] GC(2) Humongous regions: 4->4
[2022-09-24T10:32:39.358-0400][8.786s] GC(2) Metaspace: 20930K(21312K)->20930K(21312K) NonClass: 18600K(18816K)->18600K(18816K) Class: 2329K(2496K)->2329K(2496K)
[2022-09-24T10:32:39.358-0400][8.786s] GC(2) Pause Young (Normal) (G1 Evacuation Pause) 87M->22M(512M) 4.584ms
[2022-09-24T10:32:39.358-0400][8.786s] GC(2) User=0.00s Sys=0.00s Real=0.00s
[2022-09-24T10:32:39.374-0400][8.815s] GC(3) Pause Young (Concurrent Start) (Metadata GC Threshold)
[2022-09-24T10:32:39.374-0400][8.815s] GC(3) Using 8 workers of 8 for evacuation
[2022-09-24T10:32:39.388-0400][8.817s] GC(3)   Pre Evacuate Collection Set: 0.2ms
[2022-09-24T10:32:39.388-0400][8.817s] GC(3)   Merge Heap Roots: 0.0ms
[2022-09-24T10:32:39.388-0400][8.817s] GC(3)   Evacuate Collection Set: 1.2ms
[2022-09-24T10:32:39.388-0400][8.817s] GC(3)   Post Evacuate Collection Set: 0.4ms
[2022-09-24T10:32:39.388-0400][8.817s] GC(3)   Other: 0.1ms
[2022-09-24T10:32:39.388-0400][8.817s] GC(3) Eden regions: 2->0(302)
[2022-09-24T10:32:39.388-0400][8.817s] GC(3) Survivor regions: 5->5(39)
[2022-09-24T10:32:39.388-0400][8.817s] GC(3) Old regions: 15->15
[2022-09-24T10:32:39.388-0400][8.817s] GC(3) Archive regions: 0->0
[2022-09-24T10:32:39.388-0400][8.817s] GC(3) Humongous regions: 4->4
[2022-09-24T10:32:39.388-0400][8.817s] GC(3) Metaspace: 21093K(21504K)->21093K(21504K) NonClass: 18750K(18944K)->18750K(18944K) Class: 2343K(2560K)->2343K(2560K)
[2022-09-24T10:32:39.388-0400][8.817s] GC(3) Pause Young (Concurrent Start) (Metadata GC Threshold) 24M->22M(512M) 2.257ms
[2022-09-24T10:32:39.388-0400][8.817s] GC(3) User=0.11s Sys=0.00s Real=0.01s
[2022-09-24T10:32:39.388-0400][8.817s] GC(4) Concurrent Mark Cycle
[2022-09-24T10:32:39.388-0400][8.817s] GC(4) Concurrent Clear Claimed Marks
[2022-09-24T10:32:39.388-0400][8.817s] GC(4) Concurrent Clear Claimed Marks 0.041ms
[2022-09-24T10:32:39.388-0400][8.817s] GC(4) Concurrent Scan Root Regions
[2022-09-24T10:32:39.388-0400][8.819s] GC(4) Concurrent Scan Root Regions 1.621ms
[2022-09-24T10:32:39.388-0400][8.819s] GC(4) Concurrent Mark
[2022-09-24T10:32:39.388-0400][8.819s] GC(4) Concurrent Mark From Roots
[2022-09-24T10:32:39.388-0400][8.819s] GC(4) Using 2 workers of 2 for marking
[2022-09-24T10:32:39.404-0400][8.840s] GC(4) Concurrent Mark From Roots 20.696ms
[2022-09-24T10:32:39.404-0400][8.840s] GC(4) Concurrent Preclean
[2022-09-24T10:32:39.404-0400][8.840s] GC(4) Concurrent Preclean 0.082ms
[2022-09-24T10:32:39.419-0400][8.847s] GC(4) Pause Remark
[2022-09-24T10:32:39.421-0400][8.849s] GC(4) Pause Remark 23M->23M(512M) 1.788ms
[2022-09-24T10:32:39.421-0400][8.849s] GC(4) User=0.00s Sys=0.00s Real=0.00s
[2022-09-24T10:32:39.421-0400][8.849s] GC(4) Concurrent Mark 30.151ms
[2022-09-24T10:32:39.421-0400][8.849s] GC(4) Concurrent Rebuild Remembered Sets
[2022-09-24T10:32:39.421-0400][8.856s] GC(4) Concurrent Rebuild Remembered Sets 6.948ms
[2022-09-24T10:32:39.421-0400][8.857s] GC(4) Pause Cleanup
[2022-09-24T10:32:39.421-0400][8.857s] GC(4) Pause Cleanup 24M->24M(512M) 0.131ms
[2022-09-24T10:32:39.421-0400][8.857s] GC(4) User=0.00s Sys=0.00s Real=0.00s
[2022-09-24T10:32:39.421-0400][8.857s] GC(4) Concurrent Cleanup for Next Mark
[2022-09-24T10:32:39.421-0400][8.858s] GC(4) Concurrent Cleanup for Next Mark 0.990ms
[2022-09-24T10:32:39.421-0400][8.858s] GC(4) Concurrent Mark Cycle 40.930ms
[2022-09-24T10:33:01.663-0400][31.104s] GC(5) Pause Young (Prepare Mixed) (Metadata GC Threshold)
[2022-09-24T10:33:01.663-0400][31.104s] GC(5) Using 8 workers of 8 for evacuation
[2022-09-24T10:33:01.684-0400][31.114s] GC(5)   Pre Evacuate Collection Set: 0.2ms
[2022-09-24T10:33:01.684-0400][31.114s] GC(5)   Merge Heap Roots: 0.1ms
[2022-09-24T10:33:01.684-0400][31.114s] GC(5)   Evacuate Collection Set: 8.6ms
[2022-09-24T10:33:01.684-0400][31.114s] GC(5)   Post Evacuate Collection Set: 1.4ms
[2022-09-24T10:33:01.684-0400][31.115s] GC(5)   Other: 0.3ms
[2022-09-24T10:33:01.684-0400][31.115s] GC(5) Eden regions: 145->0(13)
[2022-09-24T10:33:01.684-0400][31.115s] GC(5) Survivor regions: 5->12(39)
[2022-09-24T10:33:01.684-0400][31.115s] GC(5) Old regions: 15->15
[2022-09-24T10:33:01.684-0400][31.115s] GC(5) Archive regions: 0->0
[2022-09-24T10:33:01.684-0400][31.115s] GC(5) Humongous regions: 5->4
[2022-09-24T10:33:01.684-0400][31.115s] GC(5) Metaspace: 35742K(36160K)->35742K(36160K) NonClass: 31592K(31808K)->31592K(31808K) Class: 4150K(4352K)->4150K(4352K)
[2022-09-24T10:33:01.684-0400][31.115s] GC(5) Pause Young (Prepare Mixed) (Metadata GC Threshold) 168M->29M(512M) 11.289ms
[2022-09-24T10:33:01.684-0400][31.115s] GC(5) User=0.08s Sys=0.00s Real=0.02s
[2022-09-24T10:33:01.731-0400][31.169s] GC(6) Pause Young (Mixed) (Metadata GC Threshold)
[2022-09-24T10:33:01.731-0400][31.169s] GC(6) Using 8 workers of 8 for evacuation
[2022-09-24T10:33:01.747-0400][31.179s] GC(6)   Pre Evacuate Collection Set: 0.2ms
[2022-09-24T10:33:01.747-0400][31.179s] GC(6)   Merge Heap Roots: 0.1ms
[2022-09-24T10:33:01.747-0400][31.179s] GC(6)   Evacuate Collection Set: 8.6ms
[2022-09-24T10:33:01.747-0400][31.179s] GC(6)   Post Evacuate Collection Set: 0.8ms
[2022-09-24T10:33:01.747-0400][31.179s] GC(6)   Other: 0.2ms
[2022-09-24T10:33:01.747-0400][31.179s] GC(6) Eden regions: 3->0(305)
[2022-09-24T10:33:01.747-0400][31.179s] GC(6) Survivor regions: 12->2(4)
[2022-09-24T10:33:01.747-0400][31.179s] GC(6) Old regions: 15->26
[2022-09-24T10:33:01.747-0400][31.179s] GC(6) Archive regions: 0->0
[2022-09-24T10:33:01.747-0400][31.179s] GC(6) Humongous regions: 4->4
[2022-09-24T10:33:01.747-0400][31.179s] GC(6) Metaspace: 36056K(36480K)->36056K(36480K) NonClass: 31859K(32064K)->31859K(32064K) Class: 4196K(4416K)->4196K(4416K)
[2022-09-24T10:33:01.747-0400][31.179s] GC(6) Pause Young (Mixed) (Metadata GC Threshold) 32M->30M(512M) 10.819ms
[2022-09-24T10:33:01.747-0400][31.180s] GC(6) User=0.11s Sys=0.00s Real=0.02s
[2022-09-24T10:33:01.795-0400][31.236s] GC(7) Pause Young (Concurrent Start) (Metadata GC Threshold)
[2022-09-24T10:33:01.795-0400][31.237s] GC(7) Using 8 workers of 8 for evacuation
[2022-09-24T10:33:01.812-0400][31.239s] GC(7)   Pre Evacuate Collection Set: 0.2ms
[2022-09-24T10:33:01.812-0400][31.239s] GC(7)   Merge Heap Roots: 0.1ms
[2022-09-24T10:33:01.812-0400][31.239s] GC(7)   Evacuate Collection Set: 1.6ms
[2022-09-24T10:33:01.812-0400][31.240s] GC(7)   Post Evacuate Collection Set: 0.7ms
[2022-09-24T10:33:01.812-0400][31.240s] GC(7)   Other: 0.2ms
[2022-09-24T10:33:01.812-0400][31.240s] GC(7) Eden regions: 3->0(306)
[2022-09-24T10:33:01.812-0400][31.240s] GC(7) Survivor regions: 2->1(39)
[2022-09-24T10:33:01.812-0400][31.240s] GC(7) Old regions: 26->26
[2022-09-24T10:33:01.812-0400][31.240s] GC(7) Archive regions: 0->0
[2022-09-24T10:33:01.812-0400][31.240s] GC(7) Humongous regions: 4->4
[2022-09-24T10:33:01.812-0400][31.240s] GC(7) Metaspace: 36347K(36800K)->36347K(36800K) NonClass: 32112K(32320K)->32112K(32320K) Class: 4235K(4480K)->4235K(4480K)
[2022-09-24T10:33:01.812-0400][31.240s] GC(7) Pause Young (Concurrent Start) (Metadata GC Threshold) 32M->29M(512M) 3.524ms
[2022-09-24T10:33:01.812-0400][31.240s] GC(7) User=0.05s Sys=0.00s Real=0.02s
[2022-09-24T10:33:01.812-0400][31.240s] GC(8) Concurrent Mark Cycle
[2022-09-24T10:33:01.812-0400][31.240s] GC(8) Concurrent Clear Claimed Marks
[2022-09-24T10:33:01.813-0400][31.240s] GC(8) Concurrent Clear Claimed Marks 0.112ms
[2022-09-24T10:33:01.813-0400][31.240s] GC(8) Concurrent Scan Root Regions
[2022-09-24T10:33:01.814-0400][31.241s] GC(8) Concurrent Scan Root Regions 1.049ms
[2022-09-24T10:33:01.814-0400][31.242s] GC(8) Concurrent Mark
[2022-09-24T10:33:01.814-0400][31.242s] GC(8) Concurrent Mark From Roots
[2022-09-24T10:33:01.814-0400][31.242s] GC(8) Using 2 workers of 2 for marking
[2022-09-24T10:33:01.876-0400][31.311s] GC(8) Concurrent Mark From Roots 68.977ms
[2022-09-24T10:33:01.876-0400][31.311s] GC(8) Concurrent Preclean
[2022-09-24T10:33:01.876-0400][31.311s] GC(8) Concurrent Preclean 0.206ms
[2022-09-24T10:33:01.876-0400][31.311s] GC(8) Pause Remark
[2022-09-24T10:33:01.876-0400][31.316s] GC(8) Pause Remark 36M->36M(512M) 5.007ms
[2022-09-24T10:33:01.876-0400][31.316s] GC(8) User=0.00s Sys=0.00s Real=0.00s
[2022-09-24T10:33:01.876-0400][31.317s] GC(8) Concurrent Mark 74.947ms
[2022-09-24T10:33:01.876-0400][31.317s] GC(8) Concurrent Rebuild Remembered Sets
[2022-09-24T10:33:01.908-0400][31.338s] GC(8) Concurrent Rebuild Remembered Sets 21.637ms
[2022-09-24T10:33:01.908-0400][31.339s] GC(8) Pause Cleanup
[2022-09-24T10:33:01.908-0400][31.339s] GC(8) Pause Cleanup 37M->37M(512M) 0.271ms
[2022-09-24T10:33:01.908-0400][31.339s] GC(8) User=0.00s Sys=0.00s Real=0.00s
[2022-09-24T10:33:01.908-0400][31.339s] GC(8) Concurrent Cleanup for Next Mark
[2022-09-24T10:33:01.908-0400][31.341s] GC(8) Concurrent Cleanup for Next Mark 1.761ms
[2022-09-24T10:33:01.908-0400][31.341s] GC(8) Concurrent Mark Cycle 100.993ms
[2022-09-24T10:33:47.320-0400][76.748s] GC(9) Pause Young (Normal) (G1 Evacuation Pause)
[2022-09-24T10:33:47.320-0400][76.748s] GC(9) Using 8 workers of 8 for evacuation
[2022-09-24T10:33:47.328-0400][76.756s] GC(9)   Pre Evacuate Collection Set: 0.1ms
[2022-09-24T10:33:47.328-0400][76.756s] GC(9)   Merge Heap Roots: 0.1ms
[2022-09-24T10:33:47.328-0400][76.756s] GC(9)   Evacuate Collection Set: 7.2ms
[2022-09-24T10:33:47.328-0400][76.756s] GC(9)   Post Evacuate Collection Set: 0.7ms
[2022-09-24T10:33:47.328-0400][76.756s] GC(9)   Other: 0.1ms
[2022-09-24T10:33:47.328-0400][76.756s] GC(9) Eden regions: 306->0(294)
[2022-09-24T10:33:47.328-0400][76.756s] GC(9) Survivor regions: 1->13(39)
[2022-09-24T10:33:47.328-0400][76.756s] GC(9) Old regions: 26->26
[2022-09-24T10:33:47.329-0400][76.756s] GC(9) Archive regions: 0->0
[2022-09-24T10:33:47.329-0400][76.756s] GC(9) Humongous regions: 7->7
[2022-09-24T10:33:47.329-0400][76.756s] GC(9) Metaspace: 46670K(47232K)->46670K(47232K) NonClass: 41168K(41472K)->41168K(41472K) Class: 5501K(5760K)->5501K(5760K)
[2022-09-24T10:33:47.329-0400][76.756s] GC(9) Pause Young (Normal) (G1 Evacuation Pause) 338M->44M(512M) 8.445ms
[2022-09-24T10:33:47.329-0400][76.756s] GC(9) User=0.00s Sys=0.00s Real=0.01s
[2022-09-24T10:35:15.202-0400][164.630s] Heap
[2022-09-24T10:35:15.202-0400][164.630s]  garbage-first heap   total 524288K, used 250789K [0x00000000e0000000, 0x0000000100000000)
[2022-09-24T10:35:15.202-0400][164.630s]   region size 1024K, 214 young (219136K), 13 survivors (13312K)
[2022-09-24T10:35:15.202-0400][164.630s]  Metaspace       used 50136K, committed 50752K, reserved 1114112K
[2022-09-24T10:35:15.202-0400][164.630s]   class space    used 5899K, committed 6208K, reserved 1048576K
