[2022-09-24T10:11:54.488-0400][0.016s] CardTable entry size: 512
[2022-09-24T10:11:54.488-0400][0.017s] Using G1
[2022-09-24T10:11:54.719-0400][0.249s] Version: 18.0.1.1+2-6 (release)
[2022-09-24T10:11:54.726-0400][0.249s] CPUs: 8 total, 8 available
[2022-09-24T10:11:54.726-0400][0.249s] Memory: 7987M
[2022-09-24T10:11:54.726-0400][0.249s] Large Page Support: Disabled
[2022-09-24T10:11:54.726-0400][0.249s] NUMA Support: Disabled
[2022-09-24T10:11:54.726-0400][0.249s] Compressed Oops: Enabled (32-bit)
[2022-09-24T10:11:54.726-0400][0.249s] Heap Region Size: 1M
[2022-09-24T10:11:54.726-0400][0.249s] Heap Min Capacity: 512M
[2022-09-24T10:11:54.726-0400][0.249s] Heap Initial Capacity: 512M
[2022-09-24T10:11:54.726-0400][0.249s] Heap Max Capacity: 512M
[2022-09-24T10:11:54.726-0400][0.249s] Pre-touch: Enabled
[2022-09-24T10:11:54.726-0400][0.249s] Parallel Workers: 8
[2022-09-24T10:11:54.726-0400][0.249s] Concurrent Workers: 2
[2022-09-24T10:11:54.726-0400][0.249s] Concurrent Refinement Workers: 8
[2022-09-24T10:11:54.726-0400][0.249s] Periodic GC: Disabled
[2022-09-24T10:11:54.726-0400][0.250s] CDS archive(s) mapped at: [0x0000000800000000-0x0000000800ba0000-0x0000000800ba0000), size 12189696, SharedBaseAddress: 0x0000000800000000, ArchiveRelocationMode: 0.
[2022-09-24T10:11:54.726-0400][0.250s] Compressed class space mapped at: 0x0000000800c00000-0x0000000840c00000, reserved size: 1073741824
[2022-09-24T10:11:54.726-0400][0.250s] Narrow klass base: 0x0000000800000000, Narrow klass shift: 0, Narrow klass range: 0x100000000
[2022-09-24T10:12:00.858-0400][6.396s] GC(0) Pause Young (Normal) (G1 Evacuation Pause)
[2022-09-24T10:12:00.858-0400][6.396s] GC(0) Using 8 workers of 8 for evacuation
[2022-09-24T10:12:00.877-0400][6.402s] GC(0)   Pre Evacuate Collection Set: 0.1ms
[2022-09-24T10:12:00.877-0400][6.402s] GC(0)   Merge Heap Roots: 0.1ms
[2022-09-24T10:12:00.877-0400][6.402s] GC(0)   Evacuate Collection Set: 4.0ms
[2022-09-24T10:12:00.877-0400][6.402s] GC(0)   Post Evacuate Collection Set: 1.3ms
[2022-09-24T10:12:00.877-0400][6.402s] GC(0)   Other: 0.7ms
[2022-09-24T10:12:00.877-0400][6.402s] GC(0) Eden regions: 29->0(40)
[2022-09-24T10:12:00.877-0400][6.402s] GC(0) Survivor regions: 0->4(4)
[2022-09-24T10:12:00.877-0400][6.402s] GC(0) Old regions: 0->1
[2022-09-24T10:12:00.877-0400][6.402s] GC(0) Archive regions: 0->0
[2022-09-24T10:12:00.877-0400][6.402s] GC(0) Humongous regions: 0->0
[2022-09-24T10:12:00.895-0400][6.426s] GC(0) Metaspace: 9521K(9728K)->9521K(9728K) NonClass: 8444K(8576K)->8444K(8576K) Class: 1076K(1152K)->1076K(1152K)
[2022-09-24T10:12:00.895-0400][6.426s] GC(0) Pause Young (Normal) (G1 Evacuation Pause) 29M->4M(512M) 29.968ms
[2022-09-24T10:12:00.895-0400][6.426s] GC(0) User=0.00s Sys=0.03s Real=0.04s
[2022-09-24T10:12:01.620-0400][7.154s] GC(1) Pause Young (Normal) (G1 Evacuation Pause)
[2022-09-24T10:12:01.620-0400][7.154s] GC(1) Using 8 workers of 8 for evacuation
[2022-09-24T10:12:01.641-0400][7.164s] GC(1)   Pre Evacuate Collection Set: 0.1ms
[2022-09-24T10:12:01.641-0400][7.164s] GC(1)   Merge Heap Roots: 0.1ms
[2022-09-24T10:12:01.641-0400][7.164s] GC(1)   Evacuate Collection Set: 8.6ms
[2022-09-24T10:12:01.641-0400][7.164s] GC(1)   Post Evacuate Collection Set: 0.9ms
[2022-09-24T10:12:01.641-0400][7.164s] GC(1)   Other: 0.1ms
[2022-09-24T10:12:01.641-0400][7.164s] GC(1) Eden regions: 39->0(70)
[2022-09-24T10:12:01.641-0400][7.164s] GC(1) Survivor regions: 4->6(6)
[2022-09-24T10:12:01.641-0400][7.164s] GC(1) Old regions: 1->8
[2022-09-24T10:12:01.641-0400][7.164s] GC(1) Archive regions: 0->0
[2022-09-24T10:12:01.641-0400][7.164s] GC(1) Humongous regions: 4->4
[2022-09-24T10:12:01.641-0400][7.164s] GC(1) Metaspace: 16357K(16704K)->16357K(16704K) NonClass: 14476K(14656K)->14476K(14656K) Class: 1881K(2048K)->1881K(2048K)
[2022-09-24T10:12:01.641-0400][7.164s] GC(1) Pause Young (Normal) (G1 Evacuation Pause) 47M->17M(512M) 10.102ms
[2022-09-24T10:12:01.641-0400][7.164s] GC(1) User=0.11s Sys=0.00s Real=0.02s
[2022-09-24T10:12:02.481-0400][8.004s] GC(2) Pause Young (Normal) (G1 Evacuation Pause)
[2022-09-24T10:12:02.481-0400][8.005s] GC(2) Using 8 workers of 8 for evacuation
[2022-09-24T10:12:02.486-0400][8.009s] GC(2)   Pre Evacuate Collection Set: 0.1ms
[2022-09-24T10:12:02.486-0400][8.009s] GC(2)   Merge Heap Roots: 0.1ms
[2022-09-24T10:12:02.486-0400][8.009s] GC(2)   Evacuate Collection Set: 3.5ms
[2022-09-24T10:12:02.486-0400][8.009s] GC(2)   Post Evacuate Collection Set: 0.7ms
[2022-09-24T10:12:02.486-0400][8.009s] GC(2)   Other: 0.1ms
[2022-09-24T10:12:02.486-0400][8.009s] GC(2) Eden regions: 70->0(302)
[2022-09-24T10:12:02.486-0400][8.009s] GC(2) Survivor regions: 6->5(10)
[2022-09-24T10:12:02.486-0400][8.009s] GC(2) Old regions: 8->15
[2022-09-24T10:12:02.486-0400][8.009s] GC(2) Archive regions: 0->0
[2022-09-24T10:12:02.486-0400][8.009s] GC(2) Humongous regions: 4->4
[2022-09-24T10:12:02.486-0400][8.009s] GC(2) Metaspace: 20963K(21312K)->20963K(21312K) NonClass: 18629K(18816K)->18629K(18816K) Class: 2334K(2496K)->2334K(2496K)
[2022-09-24T10:12:02.486-0400][8.009s] GC(2) Pause Young (Normal) (G1 Evacuation Pause) 87M->23M(512M) 5.030ms
[2022-09-24T10:12:02.486-0400][8.009s] GC(2) User=0.00s Sys=0.00s Real=0.01s
[2022-09-24T10:12:02.501-0400][8.027s] GC(3) Pause Young (Concurrent Start) (Metadata GC Threshold)
[2022-09-24T10:12:02.501-0400][8.027s] GC(3) Using 8 workers of 8 for evacuation
[2022-09-24T10:12:02.506-0400][8.029s] GC(3)   Pre Evacuate Collection Set: 0.2ms
[2022-09-24T10:12:02.506-0400][8.029s] GC(3)   Merge Heap Roots: 0.0ms
[2022-09-24T10:12:02.506-0400][8.029s] GC(3)   Evacuate Collection Set: 1.1ms
[2022-09-24T10:12:02.506-0400][8.029s] GC(3)   Post Evacuate Collection Set: 0.4ms
[2022-09-24T10:12:02.506-0400][8.029s] GC(3)   Other: 0.4ms
[2022-09-24T10:12:02.506-0400][8.029s] GC(3) Eden regions: 2->0(302)
[2022-09-24T10:12:02.506-0400][8.029s] GC(3) Survivor regions: 5->5(39)
[2022-09-24T10:12:02.506-0400][8.029s] GC(3) Old regions: 15->15
[2022-09-24T10:12:02.506-0400][8.029s] GC(3) Archive regions: 0->0
[2022-09-24T10:12:02.506-0400][8.029s] GC(3) Humongous regions: 4->4
[2022-09-24T10:12:02.506-0400][8.029s] GC(3) Metaspace: 21145K(21504K)->21145K(21504K) NonClass: 18799K(18944K)->18799K(18944K) Class: 2346K(2560K)->2346K(2560K)
[2022-09-24T10:12:02.506-0400][8.029s] GC(3) Pause Young (Concurrent Start) (Metadata GC Threshold) 25M->23M(512M) 2.530ms
[2022-09-24T10:12:02.506-0400][8.029s] GC(3) User=0.05s Sys=0.00s Real=0.01s
[2022-09-24T10:12:02.506-0400][8.029s] GC(4) Concurrent Mark Cycle
[2022-09-24T10:12:02.506-0400][8.029s] GC(4) Concurrent Clear Claimed Marks
[2022-09-24T10:12:02.506-0400][8.030s] GC(4) Concurrent Clear Claimed Marks 0.045ms
[2022-09-24T10:12:02.506-0400][8.030s] GC(4) Concurrent Scan Root Regions
[2022-09-24T10:12:02.506-0400][8.031s] GC(4) Concurrent Scan Root Regions 1.746ms
[2022-09-24T10:12:02.506-0400][8.031s] GC(4) Concurrent Mark
[2022-09-24T10:12:02.506-0400][8.031s] GC(4) Concurrent Mark From Roots
[2022-09-24T10:12:02.506-0400][8.031s] GC(4) Using 2 workers of 2 for marking
[2022-09-24T10:12:02.533-0400][8.056s] GC(4) Concurrent Mark From Roots 25.104ms
[2022-09-24T10:12:02.533-0400][8.057s] GC(4) Concurrent Preclean
[2022-09-24T10:12:02.533-0400][8.057s] GC(4) Concurrent Preclean 0.108ms
[2022-09-24T10:12:02.544-0400][8.067s] GC(4) Pause Remark
[2022-09-24T10:12:02.546-0400][8.069s] GC(4) Pause Remark 24M->24M(512M) 2.145ms
[2022-09-24T10:12:02.546-0400][8.069s] GC(4) User=0.00s Sys=0.00s Real=0.00s
[2022-09-24T10:12:02.546-0400][8.069s] GC(4) Concurrent Mark 38.037ms
[2022-09-24T10:12:02.546-0400][8.069s] GC(4) Concurrent Rebuild Remembered Sets
[2022-09-24T10:12:02.553-0400][8.077s] GC(4) Concurrent Rebuild Remembered Sets 7.297ms
[2022-09-24T10:12:02.554-0400][8.077s] GC(4) Pause Cleanup
[2022-09-24T10:12:02.554-0400][8.077s] GC(4) Pause Cleanup 24M->24M(512M) 0.149ms
[2022-09-24T10:12:02.554-0400][8.077s] GC(4) User=0.00s Sys=0.00s Real=0.00s
[2022-09-24T10:12:02.554-0400][8.077s] GC(4) Concurrent Cleanup for Next Mark
[2022-09-24T10:12:02.556-0400][8.078s] GC(4) Concurrent Cleanup for Next Mark 1.020ms
[2022-09-24T10:12:02.556-0400][8.079s] GC(4) Concurrent Mark Cycle 49.226ms
[2022-09-24T10:12:25.295-0400][30.826s] GC(5) Pause Young (Concurrent Start) (Metadata GC Threshold)
[2022-09-24T10:12:25.295-0400][30.826s] GC(5) Using 8 workers of 8 for evacuation
[2022-09-24T10:12:25.314-0400][30.837s] GC(5)   Pre Evacuate Collection Set: 0.2ms
[2022-09-24T10:12:25.314-0400][30.837s] GC(5)   Merge Heap Roots: 0.1ms
[2022-09-24T10:12:25.314-0400][30.837s] GC(5)   Evacuate Collection Set: 8.3ms
[2022-09-24T10:12:25.314-0400][30.837s] GC(5)   Post Evacuate Collection Set: 1.7ms
[2022-09-24T10:12:25.314-0400][30.837s] GC(5)   Other: 0.3ms
[2022-09-24T10:12:25.314-0400][30.837s] GC(5) Eden regions: 167->0(295)
[2022-09-24T10:12:25.314-0400][30.837s] GC(5) Survivor regions: 5->12(39)
[2022-09-24T10:12:25.314-0400][30.837s] GC(5) Old regions: 15->15
[2022-09-24T10:12:25.315-0400][30.837s] GC(5) Archive regions: 0->0
[2022-09-24T10:12:25.315-0400][30.838s] GC(5) Humongous regions: 5->4
[2022-09-24T10:12:25.315-0400][30.838s] GC(5) Metaspace: 35803K(36288K)->35803K(36288K) NonClass: 31634K(31872K)->31634K(31872K) Class: 4169K(4416K)->4169K(4416K)
[2022-09-24T10:12:25.315-0400][30.838s] GC(5) Pause Young (Concurrent Start) (Metadata GC Threshold) 191M->30M(512M) 11.698ms
[2022-09-24T10:12:25.315-0400][30.838s] GC(5) User=0.03s Sys=0.00s Real=0.02s
[2022-09-24T10:12:25.315-0400][30.838s] GC(6) Concurrent Mark Cycle
[2022-09-24T10:12:25.315-0400][30.838s] GC(6) Concurrent Clear Claimed Marks
[2022-09-24T10:12:25.315-0400][30.838s] GC(6) Concurrent Clear Claimed Marks 0.093ms
[2022-09-24T10:12:25.315-0400][30.838s] GC(6) Concurrent Scan Root Regions
[2022-09-24T10:12:25.325-0400][30.848s] GC(6) Concurrent Scan Root Regions 9.884ms
[2022-09-24T10:12:25.325-0400][30.848s] GC(6) Concurrent Mark
[2022-09-24T10:12:25.325-0400][30.848s] GC(6) Concurrent Mark From Roots
[2022-09-24T10:12:25.325-0400][30.848s] GC(6) Using 2 workers of 2 for marking
[2022-09-24T10:12:25.363-0400][30.893s] GC(6) Concurrent Mark From Roots 45.040ms
[2022-09-24T10:12:25.363-0400][30.893s] GC(6) Concurrent Preclean
[2022-09-24T10:12:25.371-0400][30.894s] GC(6) Concurrent Preclean 0.200ms
[2022-09-24T10:12:25.371-0400][30.894s] GC(6) Pause Remark
[2022-09-24T10:12:25.375-0400][30.899s] GC(6) Pause Remark 35M->35M(512M) 4.720ms
[2022-09-24T10:12:25.376-0400][30.899s] GC(6) User=0.00s Sys=0.00s Real=0.00s
[2022-09-24T10:12:25.376-0400][30.899s] GC(6) Concurrent Mark 50.677ms
[2022-09-24T10:12:25.376-0400][30.899s] GC(6) Concurrent Rebuild Remembered Sets
[2022-09-24T10:12:25.389-0400][30.920s] GC(6) Concurrent Rebuild Remembered Sets 20.762ms
[2022-09-24T10:12:25.389-0400][30.920s] GC(6) Pause Cleanup
[2022-09-24T10:12:25.397-0400][30.920s] GC(6) Pause Cleanup 36M->36M(512M) 0.341ms
[2022-09-24T10:12:25.397-0400][30.921s] GC(6) User=0.05s Sys=0.02s Real=0.01s
[2022-09-24T10:12:25.397-0400][30.921s] GC(6) Concurrent Cleanup for Next Mark
[2022-09-24T10:12:25.399-0400][30.923s] GC(6) Concurrent Cleanup for Next Mark 2.073ms
[2022-09-24T10:12:25.399-0400][30.923s] GC(6) Concurrent Mark Cycle 85.386ms
[2022-09-24T10:13:43.117-0400][108.640s] GC(7) Pause Young (Normal) (G1 Evacuation Pause)
[2022-09-24T10:13:43.117-0400][108.640s] GC(7) Using 8 workers of 8 for evacuation
[2022-09-24T10:13:43.127-0400][108.651s] GC(7)   Pre Evacuate Collection Set: 0.1ms
[2022-09-24T10:13:43.127-0400][108.651s] GC(7)   Merge Heap Roots: 0.2ms
[2022-09-24T10:13:43.127-0400][108.651s] GC(7)   Evacuate Collection Set: 9.1ms
[2022-09-24T10:13:43.127-0400][108.651s] GC(7)   Post Evacuate Collection Set: 1.3ms
[2022-09-24T10:13:43.127-0400][108.651s] GC(7)   Other: 0.1ms
[2022-09-24T10:13:43.127-0400][108.651s] GC(7) Eden regions: 295->0(283)
[2022-09-24T10:13:43.128-0400][108.651s] GC(7) Survivor regions: 12->24(39)
[2022-09-24T10:13:43.128-0400][108.651s] GC(7) Old regions: 15->15
[2022-09-24T10:13:43.128-0400][108.651s] GC(7) Archive regions: 0->0
[2022-09-24T10:13:43.128-0400][108.651s] GC(7) Humongous regions: 7->7
[2022-09-24T10:13:43.128-0400][108.651s] GC(7) Metaspace: 46910K(47424K)->46910K(47424K) NonClass: 41363K(41664K)->41363K(41664K) Class: 5546K(5760K)->5546K(5760K)
[2022-09-24T10:13:43.128-0400][108.651s] GC(7) Pause Young (Normal) (G1 Evacuation Pause) 328M->45M(512M) 11.066ms
[2022-09-24T10:13:43.128-0400][108.651s] GC(7) User=0.00s Sys=0.00s Real=0.01s
[2022-09-24T10:17:40.712-0400][346.235s] Heap
[2022-09-24T10:17:40.713-0400][346.236s]  garbage-first heap   total 524288K, used 224948K [0x00000000e0000000, 0x0000000100000000)
[2022-09-24T10:17:40.713-0400][346.236s]   region size 1024K, 199 young (203776K), 24 survivors (24576K)
[2022-09-24T10:17:40.713-0400][346.236s]  Metaspace       used 50741K, committed 51392K, reserved 1114112K
[2022-09-24T10:17:40.713-0400][346.236s]   class space    used 5954K, committed 6272K, reserved 1048576K
