[2022-09-24T09:24:15.672-0400][0.013s] CardTable entry size: 512
[2022-09-24T09:24:15.673-0400][0.013s] Using G1
[2022-09-24T09:24:15.982-0400][0.327s] Version: 18.0.1.1+2-6 (release)
[2022-09-24T09:24:15.982-0400][0.328s] CPUs: 8 total, 8 available
[2022-09-24T09:24:15.982-0400][0.328s] Memory: 7987M
[2022-09-24T09:24:15.982-0400][0.328s] Large Page Support: Disabled
[2022-09-24T09:24:15.982-0400][0.328s] NUMA Support: Disabled
[2022-09-24T09:24:15.982-0400][0.328s] Compressed Oops: Enabled (32-bit)
[2022-09-24T09:24:15.982-0400][0.328s] Heap Region Size: 1M
[2022-09-24T09:24:15.982-0400][0.328s] Heap Min Capacity: 512M
[2022-09-24T09:24:15.982-0400][0.328s] Heap Initial Capacity: 512M
[2022-09-24T09:24:15.982-0400][0.328s] Heap Max Capacity: 512M
[2022-09-24T09:24:15.982-0400][0.328s] Pre-touch: Enabled
[2022-09-24T09:24:15.982-0400][0.328s] Parallel Workers: 8
[2022-09-24T09:24:15.982-0400][0.328s] Concurrent Workers: 2
[2022-09-24T09:24:15.982-0400][0.328s] Concurrent Refinement Workers: 8
[2022-09-24T09:24:15.982-0400][0.328s] Periodic GC: Disabled
[2022-09-24T09:24:15.982-0400][0.330s] CDS archive(s) mapped at: [0x0000000800000000-0x0000000800ba0000-0x0000000800ba0000), size 12189696, SharedBaseAddress: 0x0000000800000000, ArchiveRelocationMode: 0.
[2022-09-24T09:24:15.982-0400][0.330s] Compressed class space mapped at: 0x0000000800c00000-0x0000000840c00000, reserved size: 1073741824
[2022-09-24T09:24:15.982-0400][0.330s] Narrow klass base: 0x0000000800000000, Narrow klass shift: 0, Narrow klass range: 0x100000000
[2022-09-24T09:24:24.995-0400][9.334s] GC(0) Pause Young (Normal) (G1 Evacuation Pause)
[2022-09-24T09:24:24.995-0400][9.335s] GC(0) Using 8 workers of 8 for evacuation
[2022-09-24T09:24:25.000-0400][9.340s] GC(0)   Pre Evacuate Collection Set: 0.1ms
[2022-09-24T09:24:25.000-0400][9.340s] GC(0)   Merge Heap Roots: 0.1ms
[2022-09-24T09:24:25.000-0400][9.340s] GC(0)   Evacuate Collection Set: 3.8ms
[2022-09-24T09:24:25.000-0400][9.340s] GC(0)   Post Evacuate Collection Set: 0.6ms
[2022-09-24T09:24:25.000-0400][9.340s] GC(0)   Other: 0.7ms
[2022-09-24T09:24:25.000-0400][9.340s] GC(0) Eden regions: 29->0(40)
[2022-09-24T09:24:25.000-0400][9.340s] GC(0) Survivor regions: 0->4(4)
[2022-09-24T09:24:25.000-0400][9.340s] GC(0) Old regions: 0->1
[2022-09-24T09:24:25.000-0400][9.340s] GC(0) Archive regions: 0->0
[2022-09-24T09:24:25.000-0400][9.340s] GC(0) Humongous regions: 0->0
[2022-09-24T09:24:25.000-0400][9.340s] GC(0) Metaspace: 9524K(9728K)->9524K(9728K) NonClass: 8447K(8576K)->8447K(8576K) Class: 1076K(1152K)->1076K(1152K)
[2022-09-24T09:24:25.000-0400][9.340s] GC(0) Pause Young (Normal) (G1 Evacuation Pause) 29M->4M(512M) 5.821ms
[2022-09-24T09:24:25.000-0400][9.340s] GC(0) User=0.00s Sys=0.00s Real=0.01s
[2022-09-24T09:24:25.913-0400][10.253s] GC(1) Pause Young (Normal) (G1 Evacuation Pause)
[2022-09-24T09:24:25.913-0400][10.253s] GC(1) Using 8 workers of 8 for evacuation
[2022-09-24T09:24:25.921-0400][10.261s] GC(1)   Pre Evacuate Collection Set: 0.1ms
[2022-09-24T09:24:25.921-0400][10.261s] GC(1)   Merge Heap Roots: 0.0ms
[2022-09-24T09:24:25.921-0400][10.261s] GC(1)   Evacuate Collection Set: 7.4ms
[2022-09-24T09:24:25.921-0400][10.261s] GC(1)   Post Evacuate Collection Set: 0.7ms
[2022-09-24T09:24:25.921-0400][10.261s] GC(1)   Other: 0.1ms
[2022-09-24T09:24:25.921-0400][10.261s] GC(1) Eden regions: 39->0(70)
[2022-09-24T09:24:25.921-0400][10.261s] GC(1) Survivor regions: 4->6(6)
[2022-09-24T09:24:25.921-0400][10.261s] GC(1) Old regions: 1->8
[2022-09-24T09:24:25.921-0400][10.261s] GC(1) Archive regions: 0->0
[2022-09-24T09:24:25.921-0400][10.261s] GC(1) Humongous regions: 4->4
[2022-09-24T09:24:25.921-0400][10.261s] GC(1) Metaspace: 16335K(16640K)->16335K(16640K) NonClass: 14460K(14592K)->14460K(14592K) Class: 1874K(2048K)->1874K(2048K)
[2022-09-24T09:24:25.921-0400][10.261s] GC(1) Pause Young (Normal) (G1 Evacuation Pause) 47M->17M(512M) 8.683ms
[2022-09-24T09:24:25.921-0400][10.261s] GC(1) User=0.00s Sys=0.00s Real=0.01s
[2022-09-24T09:24:26.701-0400][11.042s] GC(2) Pause Young (Normal) (G1 Evacuation Pause)
[2022-09-24T09:24:26.701-0400][11.042s] GC(2) Using 8 workers of 8 for evacuation
[2022-09-24T09:24:26.706-0400][11.047s] GC(2)   Pre Evacuate Collection Set: 0.1ms
[2022-09-24T09:24:26.707-0400][11.047s] GC(2)   Merge Heap Roots: 0.1ms
[2022-09-24T09:24:26.707-0400][11.047s] GC(2)   Evacuate Collection Set: 3.6ms
[2022-09-24T09:24:26.707-0400][11.047s] GC(2)   Post Evacuate Collection Set: 0.6ms
[2022-09-24T09:24:26.707-0400][11.047s] GC(2)   Other: 0.1ms
[2022-09-24T09:24:26.707-0400][11.047s] GC(2) Eden regions: 70->0(302)
[2022-09-24T09:24:26.707-0400][11.047s] GC(2) Survivor regions: 6->5(10)
[2022-09-24T09:24:26.707-0400][11.047s] GC(2) Old regions: 8->15
[2022-09-24T09:24:26.707-0400][11.047s] GC(2) Archive regions: 0->0
[2022-09-24T09:24:26.707-0400][11.047s] GC(2) Humongous regions: 4->4
[2022-09-24T09:24:26.707-0400][11.047s] GC(2) Metaspace: 20964K(21312K)->20964K(21312K) NonClass: 18637K(18816K)->18637K(18816K) Class: 2327K(2496K)->2327K(2496K)
[2022-09-24T09:24:26.707-0400][11.047s] GC(2) Pause Young (Normal) (G1 Evacuation Pause) 87M->22M(512M) 4.954ms
[2022-09-24T09:24:26.707-0400][11.047s] GC(2) User=0.03s Sys=0.00s Real=0.01s
[2022-09-24T09:24:26.716-0400][11.060s] GC(3) Pause Young (Concurrent Start) (Metadata GC Threshold)
[2022-09-24T09:24:26.716-0400][11.060s] GC(3) Using 8 workers of 8 for evacuation
[2022-09-24T09:24:26.723-0400][11.063s] GC(3)   Pre Evacuate Collection Set: 0.2ms
[2022-09-24T09:24:26.723-0400][11.063s] GC(3)   Merge Heap Roots: 0.1ms
[2022-09-24T09:24:26.723-0400][11.063s] GC(3)   Evacuate Collection Set: 1.1ms
[2022-09-24T09:24:26.723-0400][11.063s] GC(3)   Post Evacuate Collection Set: 0.4ms
[2022-09-24T09:24:26.723-0400][11.063s] GC(3)   Other: 0.7ms
[2022-09-24T09:24:26.723-0400][11.063s] GC(3) Eden regions: 2->0(302)
[2022-09-24T09:24:26.723-0400][11.063s] GC(3) Survivor regions: 5->5(39)
[2022-09-24T09:24:26.723-0400][11.063s] GC(3) Old regions: 15->15
[2022-09-24T09:24:26.723-0400][11.063s] GC(3) Archive regions: 0->0
[2022-09-24T09:24:26.723-0400][11.063s] GC(3) Humongous regions: 4->4
[2022-09-24T09:24:26.723-0400][11.063s] GC(3) Metaspace: 21193K(21504K)->21193K(21504K) NonClass: 18853K(19008K)->18853K(19008K) Class: 2340K(2496K)->2340K(2496K)
[2022-09-24T09:24:26.723-0400][11.063s] GC(3) Pause Young (Concurrent Start) (Metadata GC Threshold) 24M->22M(512M) 3.010ms
[2022-09-24T09:24:26.724-0400][11.063s] GC(4) Concurrent Mark Cycle
[2022-09-24T09:24:26.724-0400][11.063s] GC(3) User=0.02s Sys=0.00s Real=0.01s
[2022-09-24T09:24:26.724-0400][11.063s] GC(4) Concurrent Clear Claimed Marks
[2022-09-24T09:24:26.724-0400][11.063s] GC(4) Concurrent Clear Claimed Marks 0.067ms
[2022-09-24T09:24:26.724-0400][11.063s] GC(4) Concurrent Scan Root Regions
[2022-09-24T09:24:26.724-0400][11.065s] GC(4) Concurrent Scan Root Regions 1.092ms
[2022-09-24T09:24:26.724-0400][11.065s] GC(4) Concurrent Mark
[2022-09-24T09:24:26.724-0400][11.065s] GC(4) Concurrent Mark From Roots
[2022-09-24T09:24:26.724-0400][11.065s] GC(4) Using 2 workers of 2 for marking
[2022-09-24T09:24:26.743-0400][11.084s] GC(4) Concurrent Mark From Roots 19.165ms
[2022-09-24T09:24:26.743-0400][11.084s] GC(4) Concurrent Preclean
[2022-09-24T09:24:26.744-0400][11.084s] GC(4) Concurrent Preclean 0.104ms
[2022-09-24T09:24:26.744-0400][11.084s] GC(4) Pause Remark
[2022-09-24T09:24:26.746-0400][11.086s] GC(4) Pause Remark 24M->24M(512M) 2.268ms
[2022-09-24T09:24:26.746-0400][11.086s] GC(4) User=0.00s Sys=0.00s Real=0.00s
[2022-09-24T09:24:26.746-0400][11.087s] GC(4) Concurrent Mark 21.921ms
[2022-09-24T09:24:26.746-0400][11.087s] GC(4) Concurrent Rebuild Remembered Sets
[2022-09-24T09:24:26.753-0400][11.093s] GC(4) Concurrent Rebuild Remembered Sets 6.601ms
[2022-09-24T09:24:26.754-0400][11.093s] GC(4) Pause Cleanup
[2022-09-24T09:24:26.754-0400][11.094s] GC(4) Pause Cleanup 25M->25M(512M) 0.153ms
[2022-09-24T09:24:26.754-0400][11.094s] GC(4) User=0.00s Sys=0.00s Real=0.00s
[2022-09-24T09:24:26.754-0400][11.094s] GC(4) Concurrent Cleanup for Next Mark
[2022-09-24T09:24:26.754-0400][11.095s] GC(4) Concurrent Cleanup for Next Mark 0.973ms
[2022-09-24T09:24:26.756-0400][11.095s] GC(4) Concurrent Mark Cycle 32.052ms
[2022-09-24T09:31:17.866-0400][422.206s] GC(5) Pause Young (Prepare Mixed) (Metadata GC Threshold)
[2022-09-24T09:31:17.867-0400][422.207s] GC(5) Using 8 workers of 8 for evacuation
[2022-09-24T09:31:17.991-0400][422.330s] GC(5)   Pre Evacuate Collection Set: 1.3ms
[2022-09-24T09:31:17.991-0400][422.330s] GC(5)   Merge Heap Roots: 0.8ms
[2022-09-24T09:31:17.991-0400][422.330s] GC(5)   Evacuate Collection Set: 110.2ms
[2022-09-24T09:31:17.991-0400][422.330s] GC(5)   Post Evacuate Collection Set: 10.9ms
[2022-09-24T09:31:17.991-0400][422.330s] GC(5)   Other: 0.7ms
[2022-09-24T09:31:17.991-0400][422.330s] GC(5) Eden regions: 186->0(13)
[2022-09-24T09:31:17.991-0400][422.330s] GC(5) Survivor regions: 5->12(39)
[2022-09-24T09:31:17.991-0400][422.331s] GC(5) Old regions: 15->15
[2022-09-24T09:31:17.991-0400][422.331s] GC(5) Archive regions: 0->0
[2022-09-24T09:31:17.991-0400][422.331s] GC(5) Humongous regions: 4->4
[2022-09-24T09:31:17.991-0400][422.331s] GC(5) Metaspace: 36041K(36416K)->36041K(36416K) NonClass: 31861K(32064K)->31861K(32064K) Class: 4179K(4352K)->4179K(4352K)
[2022-09-24T09:31:17.991-0400][422.331s] GC(5) Pause Young (Prepare Mixed) (Metadata GC Threshold) 208M->29M(512M) 124.776ms
[2022-09-24T09:31:17.991-0400][422.331s] GC(5) User=0.08s Sys=0.25s Real=0.12s
[2022-09-24T09:31:18.081-0400][422.421s] GC(6) Pause Young (Mixed) (Metadata GC Threshold)
[2022-09-24T09:31:18.081-0400][422.421s] GC(6) Using 8 workers of 8 for evacuation
[2022-09-24T09:31:18.091-0400][422.432s] GC(6)   Pre Evacuate Collection Set: 0.1ms
[2022-09-24T09:31:18.091-0400][422.432s] GC(6)   Merge Heap Roots: 0.9ms
[2022-09-24T09:31:18.091-0400][422.432s] GC(6)   Evacuate Collection Set: 8.2ms
[2022-09-24T09:31:18.091-0400][422.432s] GC(6)   Post Evacuate Collection Set: 1.0ms
[2022-09-24T09:31:18.091-0400][422.432s] GC(6)   Other: 0.1ms
[2022-09-24T09:31:18.091-0400][422.432s] GC(6) Eden regions: 6->0(306)
[2022-09-24T09:31:18.091-0400][422.432s] GC(6) Survivor regions: 12->1(4)
[2022-09-24T09:31:18.091-0400][422.432s] GC(6) Old regions: 15->26
[2022-09-24T09:31:18.091-0400][422.432s] GC(6) Archive regions: 0->0
[2022-09-24T09:31:18.091-0400][422.432s] GC(6) Humongous regions: 5->5
[2022-09-24T09:31:18.091-0400][422.432s] GC(6) Metaspace: 36362K(36736K)->36362K(36736K) NonClass: 32143K(32320K)->32143K(32320K) Class: 4219K(4416K)->4219K(4416K)
[2022-09-24T09:31:18.091-0400][422.432s] GC(6) Pause Young (Mixed) (Metadata GC Threshold) 36M->31M(512M) 10.654ms
[2022-09-24T09:31:18.091-0400][422.432s] GC(6) User=0.02s Sys=0.02s Real=0.01s
[2022-09-24T09:31:18.181-0400][422.521s] GC(7) Pause Young (Concurrent Start) (Metadata GC Threshold)
[2022-09-24T09:31:18.181-0400][422.521s] GC(7) Using 8 workers of 8 for evacuation
[2022-09-24T09:31:18.184-0400][422.525s] GC(7)   Pre Evacuate Collection Set: 0.6ms
[2022-09-24T09:31:18.184-0400][422.525s] GC(7)   Merge Heap Roots: 0.1ms
[2022-09-24T09:31:18.185-0400][422.525s] GC(7)   Evacuate Collection Set: 1.6ms
[2022-09-24T09:31:18.185-0400][422.525s] GC(7)   Post Evacuate Collection Set: 0.3ms
[2022-09-24T09:31:18.185-0400][422.525s] GC(7)   Other: 0.6ms
[2022-09-24T09:31:18.185-0400][422.525s] GC(7) Eden regions: 5->0(104)
[2022-09-24T09:31:18.185-0400][422.525s] GC(7) Survivor regions: 1->2(39)
[2022-09-24T09:31:18.185-0400][422.525s] GC(7) Old regions: 26->26
[2022-09-24T09:31:18.185-0400][422.525s] GC(7) Archive regions: 0->0
[2022-09-24T09:31:18.185-0400][422.525s] GC(7) Humongous regions: 5->4
[2022-09-24T09:31:18.185-0400][422.525s] GC(7) Metaspace: 36652K(37056K)->36652K(37056K) NonClass: 32388K(32576K)->32388K(32576K) Class: 4263K(4480K)->4263K(4480K)
[2022-09-24T09:31:18.185-0400][422.525s] GC(7) Pause Young (Concurrent Start) (Metadata GC Threshold) 35M->30M(512M) 3.571ms
[2022-09-24T09:31:18.185-0400][422.525s] GC(7) User=0.00s Sys=0.00s Real=0.00s
[2022-09-24T09:31:18.185-0400][422.525s] GC(8) Concurrent Mark Cycle
[2022-09-24T09:31:18.185-0400][422.525s] GC(8) Concurrent Clear Claimed Marks
[2022-09-24T09:31:18.185-0400][422.525s] GC(8) Concurrent Clear Claimed Marks 0.043ms
[2022-09-24T09:31:18.185-0400][422.525s] GC(8) Concurrent Scan Root Regions
[2022-09-24T09:31:18.187-0400][422.527s] GC(8) Concurrent Scan Root Regions 1.758ms
[2022-09-24T09:31:18.187-0400][422.527s] GC(8) Concurrent Mark
[2022-09-24T09:31:18.187-0400][422.527s] GC(8) Concurrent Mark From Roots
[2022-09-24T09:31:18.187-0400][422.527s] GC(8) Using 2 workers of 2 for marking
[2022-09-24T09:31:18.233-0400][422.574s] GC(8) Concurrent Mark From Roots 46.518ms
[2022-09-24T09:31:18.234-0400][422.574s] GC(8) Concurrent Preclean
[2022-09-24T09:31:18.234-0400][422.574s] GC(8) Concurrent Preclean 0.186ms
[2022-09-24T09:31:18.235-0400][422.574s] GC(8) Pause Remark
[2022-09-24T09:31:18.250-0400][422.590s] GC(8) Pause Remark 32M->32M(512M) 15.365ms
[2022-09-24T09:31:18.250-0400][422.590s] GC(8) User=0.05s Sys=0.03s Real=0.02s
[2022-09-24T09:31:18.251-0400][422.590s] GC(8) Concurrent Mark 63.156ms
[2022-09-24T09:31:18.251-0400][422.590s] GC(8) Concurrent Rebuild Remembered Sets
[2022-09-24T09:31:18.263-0400][422.603s] GC(8) Concurrent Rebuild Remembered Sets 12.076ms
[2022-09-24T09:31:18.263-0400][422.603s] GC(8) Pause Cleanup
[2022-09-24T09:31:18.263-0400][422.603s] GC(8) Pause Cleanup 33M->33M(512M) 0.165ms
[2022-09-24T09:31:18.263-0400][422.603s] GC(8) User=0.00s Sys=0.00s Real=0.00s
[2022-09-24T09:31:18.263-0400][422.603s] GC(8) Concurrent Cleanup for Next Mark
[2022-09-24T09:31:18.266-0400][422.606s] GC(8) Concurrent Cleanup for Next Mark 2.767ms
[2022-09-24T09:31:18.266-0400][422.606s] GC(8) Concurrent Mark Cycle 80.544ms
[2022-09-24T09:31:39.636-0400][443.975s] GC(9) Pause Young (Normal) (G1 Evacuation Pause)
[2022-09-24T09:31:39.636-0400][443.976s] GC(9) Using 8 workers of 8 for evacuation
[2022-09-24T09:31:39.659-0400][443.999s] GC(9)   Pre Evacuate Collection Set: 0.3ms
[2022-09-24T09:31:39.659-0400][443.999s] GC(9)   Merge Heap Roots: 0.1ms
[2022-09-24T09:31:39.659-0400][443.999s] GC(9)   Evacuate Collection Set: 21.7ms
[2022-09-24T09:31:39.659-0400][443.999s] GC(9)   Post Evacuate Collection Set: 0.6ms
[2022-09-24T09:31:39.659-0400][443.999s] GC(9)   Other: 0.2ms
[2022-09-24T09:31:39.659-0400][443.999s] GC(9) Eden regions: 114->0(140)
[2022-09-24T09:31:39.659-0400][443.999s] GC(9) Survivor regions: 2->9(15)
[2022-09-24T09:31:39.659-0400][443.999s] GC(9) Old regions: 26->26
[2022-09-24T09:31:39.659-0400][443.999s] GC(9) Archive regions: 0->0
[2022-09-24T09:31:39.659-0400][443.999s] GC(9) Humongous regions: 4->4
[2022-09-24T09:31:39.659-0400][443.999s] GC(9) Metaspace: 44417K(44864K)->44417K(44864K) NonClass: 39206K(39424K)->39206K(39424K) Class: 5211K(5440K)->5211K(5440K)
[2022-09-24T09:31:39.659-0400][443.999s] GC(9) Pause Young (Normal) (G1 Evacuation Pause) 144M->37M(512M) 23.384ms
[2022-09-24T09:31:39.659-0400][443.999s] GC(9) User=0.00s Sys=0.00s Real=0.02s
[2022-09-24T09:37:28.027-0400][792.368s] GC(10) Pause Young (Normal) (G1 Evacuation Pause)
[2022-09-24T09:37:28.030-0400][792.370s] GC(10) Using 8 workers of 8 for evacuation
[2022-09-24T09:37:28.062-0400][792.402s] GC(10)   Pre Evacuate Collection Set: 1.4ms
[2022-09-24T09:37:28.062-0400][792.402s] GC(10)   Merge Heap Roots: 0.5ms
[2022-09-24T09:37:28.062-0400][792.402s] GC(10)   Evacuate Collection Set: 27.1ms
[2022-09-24T09:37:28.062-0400][792.402s] GC(10)   Post Evacuate Collection Set: 1.8ms
[2022-09-24T09:37:28.062-0400][792.402s] GC(10)   Other: 1.7ms
[2022-09-24T09:37:28.062-0400][792.402s] GC(10) Eden regions: 140->0(192)
[2022-09-24T09:37:28.062-0400][792.402s] GC(10) Survivor regions: 9->12(19)
[2022-09-24T09:37:28.062-0400][792.402s] GC(10) Old regions: 26->26
[2022-09-24T09:37:28.062-0400][792.402s] GC(10) Archive regions: 0->0
[2022-09-24T09:37:28.062-0400][792.402s] GC(10) Humongous regions: 4->4
[2022-09-24T09:37:28.062-0400][792.402s] GC(10) Metaspace: 46593K(47168K)->46593K(47168K) NonClass: 41124K(41472K)->41124K(41472K) Class: 5469K(5696K)->5469K(5696K)
[2022-09-24T09:37:28.062-0400][792.402s] GC(10) Pause Young (Normal) (G1 Evacuation Pause) 177M->40M(512M) 34.744ms
[2022-09-24T09:37:28.062-0400][792.402s] GC(10) User=0.06s Sys=0.11s Real=0.04s
[2022-09-24T09:51:28.149-0400][1632.488s] GC(11) Pause Young (Normal) (G1 Evacuation Pause)
[2022-09-24T09:51:28.153-0400][1632.493s] GC(11) Using 8 workers of 8 for evacuation
[2022-09-24T09:51:28.183-0400][1632.523s] GC(11)   Pre Evacuate Collection Set: 1.8ms
[2022-09-24T09:51:28.183-0400][1632.523s] GC(11)   Merge Heap Roots: 0.5ms
[2022-09-24T09:51:28.183-0400][1632.523s] GC(11)   Evacuate Collection Set: 23.0ms
[2022-09-24T09:51:28.183-0400][1632.523s] GC(11)   Post Evacuate Collection Set: 3.6ms
[2022-09-24T09:51:28.184-0400][1632.523s] GC(11)   Other: 3.1ms
[2022-09-24T09:51:28.184-0400][1632.523s] GC(11) Eden regions: 192->0(294)
[2022-09-24T09:51:28.184-0400][1632.523s] GC(11) Survivor regions: 12->13(26)
[2022-09-24T09:51:28.184-0400][1632.523s] GC(11) Old regions: 26->26
[2022-09-24T09:51:28.184-0400][1632.523s] GC(11) Archive regions: 0->0
[2022-09-24T09:51:28.184-0400][1632.523s] GC(11) Humongous regions: 7->7
[2022-09-24T09:51:28.184-0400][1632.524s] GC(11) Metaspace: 49919K(50560K)->49919K(50560K) NonClass: 44066K(44416K)->44066K(44416K) Class: 5853K(6144K)->5853K(6144K)
[2022-09-24T09:51:28.184-0400][1632.524s] GC(11) Pause Young (Normal) (G1 Evacuation Pause) 235M->44M(512M) 35.539ms
[2022-09-24T09:51:28.184-0400][1632.524s] GC(11) User=0.02s Sys=0.03s Real=0.04s
[2022-09-24T09:56:03.949-0400][1908.289s] Heap
[2022-09-24T09:56:03.949-0400][1908.289s]  garbage-first heap   total 524288K, used 109237K [0x00000000e0000000, 0x0000000100000000)
[2022-09-24T09:56:03.949-0400][1908.289s]   region size 1024K, 75 young (76800K), 13 survivors (13312K)
[2022-09-24T09:56:03.949-0400][1908.289s]  Metaspace       used 50915K, committed 51520K, reserved 1114112K
[2022-09-24T09:56:03.949-0400][1908.289s]   class space    used 5969K, committed 6272K, reserved 1048576K
