[2022-09-25T06:17:18.586-0400][0.017s] CardTable entry size: 512
[2022-09-25T06:17:18.586-0400][0.018s] Using G1
[2022-09-25T06:17:18.786-0400][0.212s] Version: 18.0.1.1+2-6 (release)
[2022-09-25T06:17:18.786-0400][0.212s] CPUs: 8 total, 8 available
[2022-09-25T06:17:18.786-0400][0.213s] Memory: 7987M
[2022-09-25T06:17:18.786-0400][0.213s] Large Page Support: Disabled
[2022-09-25T06:17:18.786-0400][0.213s] NUMA Support: Disabled
[2022-09-25T06:17:18.786-0400][0.213s] Compressed Oops: Enabled (32-bit)
[2022-09-25T06:17:18.786-0400][0.213s] Heap Region Size: 1M
[2022-09-25T06:17:18.786-0400][0.213s] Heap Min Capacity: 512M
[2022-09-25T06:17:18.786-0400][0.213s] Heap Initial Capacity: 512M
[2022-09-25T06:17:18.786-0400][0.213s] Heap Max Capacity: 512M
[2022-09-25T06:17:18.786-0400][0.213s] Pre-touch: Enabled
[2022-09-25T06:17:18.786-0400][0.213s] Parallel Workers: 8
[2022-09-25T06:17:18.786-0400][0.213s] Concurrent Workers: 2
[2022-09-25T06:17:18.786-0400][0.213s] Concurrent Refinement Workers: 8
[2022-09-25T06:17:18.786-0400][0.213s] Periodic GC: Disabled
[2022-09-25T06:17:18.786-0400][0.214s] CDS archive(s) mapped at: [0x0000000800000000-0x0000000800ba0000-0x0000000800ba0000), size 12189696, SharedBaseAddress: 0x0000000800000000, ArchiveRelocationMode: 0.
[2022-09-25T06:17:18.786-0400][0.214s] Compressed class space mapped at: 0x0000000800c00000-0x0000000840c00000, reserved size: 1073741824
[2022-09-25T06:17:18.786-0400][0.214s] Narrow klass base: 0x0000000800000000, Narrow klass shift: 0, Narrow klass range: 0x100000000
[2022-09-25T06:17:27.025-0400][8.451s] GC(0) Pause Young (Normal) (G1 Evacuation Pause)
[2022-09-25T06:17:27.025-0400][8.453s] GC(0) Using 8 workers of 8 for evacuation
[2022-09-25T06:17:27.038-0400][8.458s] GC(0)   Pre Evacuate Collection Set: 0.1ms
[2022-09-25T06:17:27.038-0400][8.458s] GC(0)   Merge Heap Roots: 0.1ms
[2022-09-25T06:17:27.038-0400][8.458s] GC(0)   Evacuate Collection Set: 3.7ms
[2022-09-25T06:17:27.038-0400][8.458s] GC(0)   Post Evacuate Collection Set: 1.2ms
[2022-09-25T06:17:27.038-0400][8.459s] GC(0)   Other: 1.1ms
[2022-09-25T06:17:27.038-0400][8.459s] GC(0) Eden regions: 29->0(40)
[2022-09-25T06:17:27.038-0400][8.459s] GC(0) Survivor regions: 0->4(4)
[2022-09-25T06:17:27.038-0400][8.459s] GC(0) Old regions: 0->1
[2022-09-25T06:17:27.038-0400][8.459s] GC(0) Archive regions: 0->0
[2022-09-25T06:17:27.038-0400][8.459s] GC(0) Humongous regions: 0->0
[2022-09-25T06:17:27.039-0400][8.459s] GC(0) Metaspace: 9526K(9728K)->9526K(9728K) NonClass: 8450K(8576K)->8450K(8576K) Class: 1076K(1152K)->1076K(1152K)
[2022-09-25T06:17:27.039-0400][8.459s] GC(0) Pause Young (Normal) (G1 Evacuation Pause) 29M->4M(512M) 8.421ms
[2022-09-25T06:17:27.039-0400][8.459s] GC(0) User=0.00s Sys=0.02s Real=0.01s
[2022-09-25T06:17:28.709-0400][10.128s] GC(1) Pause Young (Normal) (G1 Evacuation Pause)
[2022-09-25T06:17:28.709-0400][10.129s] GC(1) Using 8 workers of 8 for evacuation
[2022-09-25T06:17:28.718-0400][10.138s] GC(1)   Pre Evacuate Collection Set: 0.1ms
[2022-09-25T06:17:28.718-0400][10.138s] GC(1)   Merge Heap Roots: 0.1ms
[2022-09-25T06:17:28.719-0400][10.138s] GC(1)   Evacuate Collection Set: 8.7ms
[2022-09-25T06:17:28.719-0400][10.138s] GC(1)   Post Evacuate Collection Set: 0.9ms
[2022-09-25T06:17:28.719-0400][10.138s] GC(1)   Other: 0.1ms
[2022-09-25T06:17:28.719-0400][10.139s] GC(1) Eden regions: 38->0(68)
[2022-09-25T06:17:28.719-0400][10.139s] GC(1) Survivor regions: 4->6(6)
[2022-09-25T06:17:28.719-0400][10.139s] GC(1) Old regions: 1->9
[2022-09-25T06:17:28.719-0400][10.139s] GC(1) Archive regions: 0->0
[2022-09-25T06:17:28.719-0400][10.139s] GC(1) Humongous regions: 4->4
[2022-09-25T06:17:28.719-0400][10.139s] GC(1) Metaspace: 16356K(16704K)->16356K(16704K) NonClass: 14475K(14656K)->14475K(14656K) Class: 1881K(2048K)->1881K(2048K)
[2022-09-25T06:17:28.719-0400][10.139s] GC(1) Pause Young (Normal) (G1 Evacuation Pause) 46M->18M(512M) 10.189ms
[2022-09-25T06:17:28.719-0400][10.139s] GC(1) User=0.00s Sys=0.00s Real=0.01s
[2022-09-25T06:17:30.300-0400][11.720s] GC(2) Pause Young (Normal) (G1 Evacuation Pause)
[2022-09-25T06:17:30.300-0400][11.720s] GC(2) Using 8 workers of 8 for evacuation
[2022-09-25T06:17:30.306-0400][11.726s] GC(2)   Pre Evacuate Collection Set: 0.1ms
[2022-09-25T06:17:30.307-0400][11.726s] GC(2)   Merge Heap Roots: 0.1ms
[2022-09-25T06:17:30.307-0400][11.726s] GC(2)   Evacuate Collection Set: 4.8ms
[2022-09-25T06:17:30.307-0400][11.726s] GC(2)   Post Evacuate Collection Set: 0.9ms
[2022-09-25T06:17:30.307-0400][11.726s] GC(2)   Other: 0.1ms
[2022-09-25T06:17:30.307-0400][11.726s] GC(2) Eden regions: 68->0(302)
[2022-09-25T06:17:30.307-0400][11.726s] GC(2) Survivor regions: 6->5(10)
[2022-09-25T06:17:30.307-0400][11.726s] GC(2) Old regions: 9->15
[2022-09-25T06:17:30.307-0400][11.726s] GC(2) Archive regions: 0->0
[2022-09-25T06:17:30.307-0400][11.726s] GC(2) Humongous regions: 4->4
[2022-09-25T06:17:30.307-0400][11.726s] GC(2) Metaspace: 20571K(20928K)->20571K(20928K) NonClass: 18280K(18432K)->18280K(18432K) Class: 2291K(2496K)->2291K(2496K)
[2022-09-25T06:17:30.307-0400][11.727s] GC(2) Pause Young (Normal) (G1 Evacuation Pause) 86M->23M(512M) 6.377ms
[2022-09-25T06:17:30.307-0400][11.727s] GC(2) User=0.00s Sys=0.00s Real=0.01s
[2022-09-25T06:17:30.475-0400][11.895s] GC(3) Pause Young (Concurrent Start) (Metadata GC Threshold)
[2022-09-25T06:17:30.475-0400][11.895s] GC(3) Using 8 workers of 8 for evacuation
[2022-09-25T06:17:30.478-0400][11.898s] GC(3)   Pre Evacuate Collection Set: 0.2ms
[2022-09-25T06:17:30.478-0400][11.898s] GC(3)   Merge Heap Roots: 0.1ms
[2022-09-25T06:17:30.478-0400][11.898s] GC(3)   Evacuate Collection Set: 1.1ms
[2022-09-25T06:17:30.478-0400][11.898s] GC(3)   Post Evacuate Collection Set: 0.5ms
[2022-09-25T06:17:30.478-0400][11.898s] GC(3)   Other: 1.0ms
[2022-09-25T06:17:30.478-0400][11.898s] GC(3) Eden regions: 5->0(302)
[2022-09-25T06:17:30.478-0400][11.898s] GC(3) Survivor regions: 5->5(39)
[2022-09-25T06:17:30.478-0400][11.898s] GC(3) Old regions: 15->15
[2022-09-25T06:17:30.478-0400][11.898s] GC(3) Archive regions: 0->0
[2022-09-25T06:17:30.478-0400][11.898s] GC(3) Humongous regions: 4->4
[2022-09-25T06:17:30.478-0400][11.898s] GC(3) Metaspace: 21118K(21504K)->21118K(21504K) NonClass: 18775K(18944K)->18775K(18944K) Class: 2342K(2560K)->2342K(2560K)
[2022-09-25T06:17:30.478-0400][11.898s] GC(3) Pause Young (Concurrent Start) (Metadata GC Threshold) 27M->22M(512M) 3.222ms
[2022-09-25T06:17:30.478-0400][11.898s] GC(3) User=0.00s Sys=0.00s Real=0.00s
[2022-09-25T06:17:30.478-0400][11.898s] GC(4) Concurrent Mark Cycle
[2022-09-25T06:17:30.478-0400][11.898s] GC(4) Concurrent Clear Claimed Marks
[2022-09-25T06:17:30.478-0400][11.898s] GC(4) Concurrent Clear Claimed Marks 0.045ms
[2022-09-25T06:17:30.478-0400][11.898s] GC(4) Concurrent Scan Root Regions
[2022-09-25T06:17:30.480-0400][11.900s] GC(4) Concurrent Scan Root Regions 1.269ms
[2022-09-25T06:17:30.480-0400][11.900s] GC(4) Concurrent Mark
[2022-09-25T06:17:30.480-0400][11.900s] GC(4) Concurrent Mark From Roots
[2022-09-25T06:17:30.480-0400][11.900s] GC(4) Using 2 workers of 2 for marking
[2022-09-25T06:17:30.501-0400][11.921s] GC(4) Concurrent Mark From Roots 20.834ms
[2022-09-25T06:17:30.501-0400][11.921s] GC(4) Concurrent Preclean
[2022-09-25T06:17:30.501-0400][11.921s] GC(4) Concurrent Preclean 0.107ms
[2022-09-25T06:17:30.501-0400][11.921s] GC(4) Pause Remark
[2022-09-25T06:17:30.504-0400][11.924s] GC(4) Pause Remark 23M->23M(512M) 2.510ms
[2022-09-25T06:17:30.504-0400][11.924s] GC(4) User=0.05s Sys=0.02s Real=0.00s
[2022-09-25T06:17:30.504-0400][11.924s] GC(4) Concurrent Mark 24.233ms
[2022-09-25T06:17:30.504-0400][11.924s] GC(4) Concurrent Rebuild Remembered Sets
[2022-09-25T06:17:30.511-0400][11.931s] GC(4) Concurrent Rebuild Remembered Sets 6.993ms
[2022-09-25T06:17:30.512-0400][11.931s] GC(4) Pause Cleanup
[2022-09-25T06:17:30.512-0400][11.931s] GC(4) Pause Cleanup 24M->24M(512M) 0.172ms
[2022-09-25T06:17:30.512-0400][11.931s] GC(4) User=0.00s Sys=0.00s Real=0.00s
[2022-09-25T06:17:30.512-0400][11.932s] GC(4) Concurrent Cleanup for Next Mark
[2022-09-25T06:17:30.513-0400][11.933s] GC(4) Concurrent Cleanup for Next Mark 1.084ms
[2022-09-25T06:17:30.513-0400][11.933s] GC(4) Concurrent Mark Cycle 34.490ms
[2022-09-25T06:17:52.871-0400][34.295s] GC(5) Pause Young (Prepare Mixed) (Metadata GC Threshold)
[2022-09-25T06:17:52.871-0400][34.295s] GC(5) Using 8 workers of 8 for evacuation
[2022-09-25T06:17:52.884-0400][34.303s] GC(5)   Pre Evacuate Collection Set: 0.3ms
[2022-09-25T06:17:52.884-0400][34.304s] GC(5)   Merge Heap Roots: 0.1ms
[2022-09-25T06:17:52.884-0400][34.304s] GC(5)   Evacuate Collection Set: 6.0ms
[2022-09-25T06:17:52.884-0400][34.304s] GC(5)   Post Evacuate Collection Set: 1.4ms
[2022-09-25T06:17:52.884-0400][34.304s] GC(5)   Other: 0.3ms
[2022-09-25T06:17:52.884-0400][34.304s] GC(5) Eden regions: 144->0(13)
[2022-09-25T06:17:52.884-0400][34.304s] GC(5) Survivor regions: 5->12(39)
[2022-09-25T06:17:52.884-0400][34.304s] GC(5) Old regions: 15->15
[2022-09-25T06:17:52.884-0400][34.304s] GC(5) Archive regions: 0->0
[2022-09-25T06:17:52.884-0400][34.304s] GC(5) Humongous regions: 5->4
[2022-09-25T06:17:52.884-0400][34.304s] GC(5) Metaspace: 35830K(36288K)->35830K(36288K) NonClass: 31678K(31872K)->31678K(31872K) Class: 4152K(4416K)->4152K(4416K)
[2022-09-25T06:17:52.884-0400][34.304s] GC(5) Pause Young (Prepare Mixed) (Metadata GC Threshold) 167M->29M(512M) 8.833ms
[2022-09-25T06:17:52.884-0400][34.304s] GC(5) User=0.02s Sys=0.00s Real=0.01s
[2022-09-25T06:17:52.940-0400][34.373s] GC(6) Pause Young (Mixed) (Metadata GC Threshold)
[2022-09-25T06:17:52.940-0400][34.373s] GC(6) Using 8 workers of 8 for evacuation
[2022-09-25T06:17:52.962-0400][34.382s] GC(6)   Pre Evacuate Collection Set: 0.1ms
[2022-09-25T06:17:52.962-0400][34.382s] GC(6)   Merge Heap Roots: 0.1ms
[2022-09-25T06:17:52.962-0400][34.382s] GC(6)   Evacuate Collection Set: 7.7ms
[2022-09-25T06:17:52.962-0400][34.382s] GC(6)   Post Evacuate Collection Set: 0.6ms
[2022-09-25T06:17:52.962-0400][34.382s] GC(6)   Other: 0.1ms
[2022-09-25T06:17:52.962-0400][34.382s] GC(6) Eden regions: 5->0(306)
[2022-09-25T06:17:52.962-0400][34.382s] GC(6) Survivor regions: 12->1(4)
[2022-09-25T06:17:52.962-0400][34.382s] GC(6) Old regions: 15->26
[2022-09-25T06:17:52.962-0400][34.382s] GC(6) Archive regions: 0->0
[2022-09-25T06:17:52.962-0400][34.382s] GC(6) Humongous regions: 4->4
[2022-09-25T06:17:52.962-0400][34.382s] GC(6) Metaspace: 36194K(36608K)->36194K(36608K) NonClass: 31999K(32192K)->31999K(32192K) Class: 4195K(4416K)->4195K(4416K)
[2022-09-25T06:17:52.962-0400][34.382s] GC(6) Pause Young (Mixed) (Metadata GC Threshold) 34M->30M(512M) 9.000ms
[2022-09-25T06:17:52.962-0400][34.382s] GC(6) User=0.09s Sys=0.03s Real=0.02s
[2022-09-25T06:17:53.028-0400][34.449s] GC(7) Pause Young (Concurrent Start) (Metadata GC Threshold)
[2022-09-25T06:17:53.028-0400][34.449s] GC(7) Using 8 workers of 8 for evacuation
[2022-09-25T06:17:53.031-0400][34.451s] GC(7)   Pre Evacuate Collection Set: 0.3ms
[2022-09-25T06:17:53.031-0400][34.451s] GC(7)   Merge Heap Roots: 0.0ms
[2022-09-25T06:17:53.031-0400][34.451s] GC(7)   Evacuate Collection Set: 0.7ms
[2022-09-25T06:17:53.031-0400][34.451s] GC(7)   Post Evacuate Collection Set: 0.4ms
[2022-09-25T06:17:53.031-0400][34.451s] GC(7)   Other: 0.1ms
[2022-09-25T06:17:53.031-0400][34.451s] GC(7) Eden regions: 4->0(306)
[2022-09-25T06:17:53.031-0400][34.451s] GC(7) Survivor regions: 1->1(39)
[2022-09-25T06:17:53.031-0400][34.451s] GC(7) Old regions: 26->26
[2022-09-25T06:17:53.031-0400][34.451s] GC(7) Archive regions: 0->0
[2022-09-25T06:17:53.031-0400][34.451s] GC(7) Humongous regions: 4->4
[2022-09-25T06:17:53.031-0400][34.451s] GC(7) Metaspace: 36450K(36928K)->36450K(36928K) NonClass: 32209K(32448K)->32209K(32448K) Class: 4241K(4480K)->4241K(4480K)
[2022-09-25T06:17:53.031-0400][34.451s] GC(7) Pause Young (Concurrent Start) (Metadata GC Threshold) 33M->29M(512M) 2.090ms
[2022-09-25T06:17:53.031-0400][34.451s] GC(7) User=0.00s Sys=0.00s Real=0.00s
[2022-09-25T06:17:53.032-0400][34.452s] GC(8) Concurrent Mark Cycle
[2022-09-25T06:17:53.032-0400][34.452s] GC(8) Concurrent Clear Claimed Marks
[2022-09-25T06:17:53.032-0400][34.452s] GC(8) Concurrent Clear Claimed Marks 0.093ms
[2022-09-25T06:17:53.032-0400][34.452s] GC(8) Concurrent Scan Root Regions
[2022-09-25T06:17:53.033-0400][34.453s] GC(8) Concurrent Scan Root Regions 0.792ms
[2022-09-25T06:17:53.033-0400][34.453s] GC(8) Concurrent Mark
[2022-09-25T06:17:53.033-0400][34.453s] GC(8) Concurrent Mark From Roots
[2022-09-25T06:17:53.033-0400][34.453s] GC(8) Using 2 workers of 2 for marking
[2022-09-25T06:17:53.056-0400][34.482s] GC(8) Concurrent Mark From Roots 29.615ms
[2022-09-25T06:17:53.056-0400][34.482s] GC(8) Concurrent Preclean
[2022-09-25T06:17:53.056-0400][34.482s] GC(8) Concurrent Preclean 0.087ms
[2022-09-25T06:17:53.056-0400][34.483s] GC(8) Pause Remark
[2022-09-25T06:17:53.056-0400][34.485s] GC(8) Pause Remark 34M->34M(512M) 2.151ms
[2022-09-25T06:17:53.056-0400][34.485s] GC(8) User=0.00s Sys=0.00s Real=0.00s
[2022-09-25T06:17:53.056-0400][34.485s] GC(8) Concurrent Mark 32.267ms
[2022-09-25T06:17:53.056-0400][34.485s] GC(8) Concurrent Rebuild Remembered Sets
[2022-09-25T06:17:53.073-0400][34.495s] GC(8) Concurrent Rebuild Remembered Sets 10.195ms
[2022-09-25T06:17:53.073-0400][34.495s] GC(8) Pause Cleanup
[2022-09-25T06:17:53.073-0400][34.495s] GC(8) Pause Cleanup 35M->35M(512M) 0.116ms
[2022-09-25T06:17:53.073-0400][34.495s] GC(8) User=0.00s Sys=0.00s Real=0.00s
[2022-09-25T06:17:53.073-0400][34.495s] GC(8) Concurrent Cleanup for Next Mark
[2022-09-25T06:17:53.073-0400][34.496s] GC(8) Concurrent Cleanup for Next Mark 0.886ms
[2022-09-25T06:17:53.073-0400][34.496s] GC(8) Concurrent Mark Cycle 44.920ms
[2022-09-25T07:29:04.015-0400][4303.845s] Heap
[2022-09-25T07:29:04.015-0400][4303.846s]  garbage-first heap   total 524288K, used 204990K [0x00000000e0000000, 0x0000000100000000)
[2022-09-25T07:29:04.016-0400][4303.846s]   region size 1024K, 169 young (173056K), 1 survivors (1024K)
[2022-09-25T07:29:04.016-0400][4303.846s]  Metaspace       used 48038K, committed 48576K, reserved 1114112K
[2022-09-25T07:29:04.016-0400][4303.846s]   class space    used 5700K, committed 5952K, reserved 1048576K
