[2022-09-24T10:35:20.493-0400][0.018s] CardTable entry size: 512
[2022-09-24T10:35:20.493-0400][0.019s] Using G1
[2022-09-24T10:35:20.659-0400][0.188s] Version: 18.0.1.1+2-6 (release)
[2022-09-24T10:35:20.659-0400][0.188s] CPUs: 8 total, 8 available
[2022-09-24T10:35:20.659-0400][0.188s] Memory: 7987M
[2022-09-24T10:35:20.659-0400][0.188s] Large Page Support: Disabled
[2022-09-24T10:35:20.659-0400][0.188s] NUMA Support: Disabled
[2022-09-24T10:35:20.659-0400][0.188s] Compressed Oops: Enabled (32-bit)
[2022-09-24T10:35:20.659-0400][0.188s] Heap Region Size: 1M
[2022-09-24T10:35:20.659-0400][0.188s] Heap Min Capacity: 512M
[2022-09-24T10:35:20.659-0400][0.188s] Heap Initial Capacity: 512M
[2022-09-24T10:35:20.659-0400][0.188s] Heap Max Capacity: 512M
[2022-09-24T10:35:20.659-0400][0.189s] Pre-touch: Enabled
[2022-09-24T10:35:20.659-0400][0.189s] Parallel Workers: 8
[2022-09-24T10:35:20.659-0400][0.189s] Concurrent Workers: 2
[2022-09-24T10:35:20.659-0400][0.189s] Concurrent Refinement Workers: 8
[2022-09-24T10:35:20.659-0400][0.189s] Periodic GC: Disabled
[2022-09-24T10:35:20.659-0400][0.190s] CDS archive(s) mapped at: [0x0000000800000000-0x0000000800ba0000-0x0000000800ba0000), size 12189696, SharedBaseAddress: 0x0000000800000000, ArchiveRelocationMode: 0.
[2022-09-24T10:35:20.659-0400][0.190s] Compressed class space mapped at: 0x0000000800c00000-0x0000000840c00000, reserved size: 1073741824
[2022-09-24T10:35:20.659-0400][0.190s] Narrow klass base: 0x0000000800000000, Narrow klass shift: 0, Narrow klass range: 0x100000000
[2022-09-24T10:35:26.624-0400][6.143s] GC(0) Pause Young (Normal) (G1 Evacuation Pause)
[2022-09-24T10:35:26.625-0400][6.144s] GC(0) Using 8 workers of 8 for evacuation
[2022-09-24T10:35:26.629-0400][6.149s] GC(0)   Pre Evacuate Collection Set: 0.1ms
[2022-09-24T10:35:26.629-0400][6.149s] GC(0)   Merge Heap Roots: 0.1ms
[2022-09-24T10:35:26.629-0400][6.149s] GC(0)   Evacuate Collection Set: 3.5ms
[2022-09-24T10:35:26.629-0400][6.149s] GC(0)   Post Evacuate Collection Set: 1.1ms
[2022-09-24T10:35:26.629-0400][6.149s] GC(0)   Other: 0.7ms
[2022-09-24T10:35:26.629-0400][6.149s] GC(0) Eden regions: 29->0(40)
[2022-09-24T10:35:26.629-0400][6.149s] GC(0) Survivor regions: 0->4(4)
[2022-09-24T10:35:26.629-0400][6.149s] GC(0) Old regions: 0->1
[2022-09-24T10:35:26.629-0400][6.149s] GC(0) Archive regions: 0->0
[2022-09-24T10:35:26.629-0400][6.149s] GC(0) Humongous regions: 0->0
[2022-09-24T10:35:26.629-0400][6.149s] GC(0) Metaspace: 9538K(9728K)->9538K(9728K) NonClass: 8461K(8576K)->8461K(8576K) Class: 1076K(1152K)->1076K(1152K)
[2022-09-24T10:35:26.629-0400][6.149s] GC(0) Pause Young (Normal) (G1 Evacuation Pause) 29M->4M(512M) 5.943ms
[2022-09-24T10:35:26.629-0400][6.149s] GC(0) User=0.11s Sys=0.00s Real=0.00s
[2022-09-24T10:35:27.344-0400][6.870s] GC(1) Pause Young (Normal) (G1 Evacuation Pause)
[2022-09-24T10:35:27.344-0400][6.870s] GC(1) Using 8 workers of 8 for evacuation
[2022-09-24T10:35:27.360-0400][6.880s] GC(1)   Pre Evacuate Collection Set: 0.1ms
[2022-09-24T10:35:27.360-0400][6.880s] GC(1)   Merge Heap Roots: 0.2ms
[2022-09-24T10:35:27.360-0400][6.880s] GC(1)   Evacuate Collection Set: 8.2ms
[2022-09-24T10:35:27.360-0400][6.880s] GC(1)   Post Evacuate Collection Set: 1.1ms
[2022-09-24T10:35:27.360-0400][6.880s] GC(1)   Other: 0.1ms
[2022-09-24T10:35:27.360-0400][6.880s] GC(1) Eden regions: 38->0(70)
[2022-09-24T10:35:27.360-0400][6.880s] GC(1) Survivor regions: 4->6(6)
[2022-09-24T10:35:27.360-0400][6.880s] GC(1) Old regions: 1->9
[2022-09-24T10:35:27.360-0400][6.880s] GC(1) Archive regions: 0->0
[2022-09-24T10:35:27.360-0400][6.880s] GC(1) Humongous regions: 4->4
[2022-09-24T10:35:27.360-0400][6.880s] GC(1) Metaspace: 16353K(16704K)->16353K(16704K) NonClass: 14472K(14656K)->14472K(14656K) Class: 1881K(2048K)->1881K(2048K)
[2022-09-24T10:35:27.360-0400][6.880s] GC(1) Pause Young (Normal) (G1 Evacuation Pause) 46M->18M(512M) 10.159ms
[2022-09-24T10:35:27.360-0400][6.880s] GC(1) User=0.06s Sys=0.00s Real=0.02s
[2022-09-24T10:35:28.240-0400][7.770s] GC(2) Pause Young (Normal) (G1 Evacuation Pause)
[2022-09-24T10:35:28.240-0400][7.770s] GC(2) Using 8 workers of 8 for evacuation
[2022-09-24T10:35:28.240-0400][7.775s] GC(2)   Pre Evacuate Collection Set: 0.1ms
[2022-09-24T10:35:28.240-0400][7.775s] GC(2)   Merge Heap Roots: 0.0ms
[2022-09-24T10:35:28.240-0400][7.775s] GC(2)   Evacuate Collection Set: 3.3ms
[2022-09-24T10:35:28.240-0400][7.775s] GC(2)   Post Evacuate Collection Set: 0.7ms
[2022-09-24T10:35:28.240-0400][7.775s] GC(2)   Other: 0.1ms
[2022-09-24T10:35:28.240-0400][7.775s] GC(2) Eden regions: 68->0(302)
[2022-09-24T10:35:28.240-0400][7.775s] GC(2) Survivor regions: 6->5(10)
[2022-09-24T10:35:28.240-0400][7.775s] GC(2) Old regions: 9->15
[2022-09-24T10:35:28.240-0400][7.775s] GC(2) Archive regions: 0->0
[2022-09-24T10:35:28.240-0400][7.775s] GC(2) Humongous regions: 4->4
[2022-09-24T10:35:28.240-0400][7.775s] GC(2) Metaspace: 20673K(21056K)->20673K(21056K) NonClass: 18369K(18560K)->18369K(18560K) Class: 2303K(2496K)->2303K(2496K)
[2022-09-24T10:35:28.240-0400][7.775s] GC(2) Pause Young (Normal) (G1 Evacuation Pause) 86M->23M(512M) 4.731ms
[2022-09-24T10:35:28.240-0400][7.775s] GC(2) User=0.00s Sys=0.00s Real=0.00s
[2022-09-24T10:35:28.311-0400][7.831s] GC(3) Pause Young (Concurrent Start) (Metadata GC Threshold)
[2022-09-24T10:35:28.311-0400][7.831s] GC(3) Using 8 workers of 8 for evacuation
[2022-09-24T10:35:28.314-0400][7.833s] GC(3)   Pre Evacuate Collection Set: 0.2ms
[2022-09-24T10:35:28.314-0400][7.834s] GC(3)   Merge Heap Roots: 0.0ms
[2022-09-24T10:35:28.314-0400][7.834s] GC(3)   Evacuate Collection Set: 1.1ms
[2022-09-24T10:35:28.314-0400][7.834s] GC(3)   Post Evacuate Collection Set: 0.7ms
[2022-09-24T10:35:28.314-0400][7.834s] GC(3)   Other: 0.1ms
[2022-09-24T10:35:28.314-0400][7.834s] GC(3) Eden regions: 4->0(302)
[2022-09-24T10:35:28.314-0400][7.834s] GC(3) Survivor regions: 5->5(39)
[2022-09-24T10:35:28.314-0400][7.834s] GC(3) Old regions: 15->15
[2022-09-24T10:35:28.314-0400][7.834s] GC(3) Archive regions: 0->0
[2022-09-24T10:35:28.314-0400][7.834s] GC(3) Humongous regions: 4->4
[2022-09-24T10:35:28.314-0400][7.834s] GC(3) Metaspace: 21088K(21504K)->21088K(21504K) NonClass: 18745K(18944K)->18745K(18944K) Class: 2343K(2560K)->2343K(2560K)
[2022-09-24T10:35:28.314-0400][7.834s] GC(3) Pause Young (Concurrent Start) (Metadata GC Threshold) 27M->23M(512M) 2.512ms
[2022-09-24T10:35:28.314-0400][7.834s] GC(3) User=0.00s Sys=0.00s Real=0.00s
[2022-09-24T10:35:28.314-0400][7.834s] GC(4) Concurrent Mark Cycle
[2022-09-24T10:35:28.314-0400][7.834s] GC(4) Concurrent Clear Claimed Marks
[2022-09-24T10:35:28.315-0400][7.834s] GC(4) Concurrent Clear Claimed Marks 0.050ms
[2022-09-24T10:35:28.315-0400][7.834s] GC(4) Concurrent Scan Root Regions
[2022-09-24T10:35:28.316-0400][7.836s] GC(4) Concurrent Scan Root Regions 1.638ms
[2022-09-24T10:35:28.316-0400][7.836s] GC(4) Concurrent Mark
[2022-09-24T10:35:28.316-0400][7.836s] GC(4) Concurrent Mark From Roots
[2022-09-24T10:35:28.316-0400][7.836s] GC(4) Using 2 workers of 2 for marking
[2022-09-24T10:35:28.333-0400][7.853s] GC(4) Concurrent Mark From Roots 16.999ms
[2022-09-24T10:35:28.333-0400][7.853s] GC(4) Concurrent Preclean
[2022-09-24T10:35:28.333-0400][7.853s] GC(4) Concurrent Preclean 0.115ms
[2022-09-24T10:35:28.334-0400][7.853s] GC(4) Pause Remark
[2022-09-24T10:35:28.334-0400][7.855s] GC(4) Pause Remark 24M->24M(512M) 2.141ms
[2022-09-24T10:35:28.334-0400][7.856s] GC(4) User=0.00s Sys=0.00s Real=0.00s
[2022-09-24T10:35:28.338-0400][7.857s] GC(4) Concurrent Mark 21.270ms
[2022-09-24T10:35:28.338-0400][7.857s] GC(4) Concurrent Rebuild Remembered Sets
[2022-09-24T10:35:28.344-0400][7.864s] GC(4) Concurrent Rebuild Remembered Sets 6.941ms
[2022-09-24T10:35:28.345-0400][7.864s] GC(4) Pause Cleanup
[2022-09-24T10:35:28.345-0400][7.864s] GC(4) Pause Cleanup 25M->25M(512M) 0.173ms
[2022-09-24T10:35:28.345-0400][7.865s] GC(4) User=0.00s Sys=0.00s Real=0.00s
[2022-09-24T10:35:28.345-0400][7.865s] GC(4) Concurrent Cleanup for Next Mark
[2022-09-24T10:35:28.345-0400][7.866s] GC(4) Concurrent Cleanup for Next Mark 1.112ms
[2022-09-24T10:35:28.345-0400][7.866s] GC(4) Concurrent Mark Cycle 32.070ms
[2022-09-24T10:35:49.349-0400][28.872s] GC(5) Pause Young (Concurrent Start) (Metadata GC Threshold)
[2022-09-24T10:35:49.349-0400][28.872s] GC(5) Using 8 workers of 8 for evacuation
[2022-09-24T10:35:49.359-0400][28.879s] GC(5)   Pre Evacuate Collection Set: 0.1ms
[2022-09-24T10:35:49.360-0400][28.879s] GC(5)   Merge Heap Roots: 0.1ms
[2022-09-24T10:35:49.360-0400][28.879s] GC(5)   Evacuate Collection Set: 5.6ms
[2022-09-24T10:35:49.360-0400][28.879s] GC(5)   Post Evacuate Collection Set: 1.0ms
[2022-09-24T10:35:49.360-0400][28.879s] GC(5)   Other: 0.1ms
[2022-09-24T10:35:49.360-0400][28.879s] GC(5) Eden regions: 156->0(295)
[2022-09-24T10:35:49.360-0400][28.879s] GC(5) Survivor regions: 5->12(39)
[2022-09-24T10:35:49.360-0400][28.879s] GC(5) Old regions: 15->15
[2022-09-24T10:35:49.360-0400][28.879s] GC(5) Archive regions: 0->0
[2022-09-24T10:35:49.360-0400][28.879s] GC(5) Humongous regions: 5->4
[2022-09-24T10:35:49.360-0400][28.879s] GC(5) Metaspace: 35833K(36288K)->35833K(36288K) NonClass: 31674K(31872K)->31674K(31872K) Class: 4158K(4416K)->4158K(4416K)
[2022-09-24T10:35:49.360-0400][28.879s] GC(5) Pause Young (Concurrent Start) (Metadata GC Threshold) 179M->29M(512M) 7.297ms
[2022-09-24T10:35:49.360-0400][28.879s] GC(6) Concurrent Mark Cycle
[2022-09-24T10:35:49.360-0400][28.879s] GC(5) User=0.00s Sys=0.00s Real=0.01s
[2022-09-24T10:35:49.360-0400][28.879s] GC(6) Concurrent Clear Claimed Marks
[2022-09-24T10:35:49.360-0400][28.879s] GC(6) Concurrent Clear Claimed Marks 0.110ms
[2022-09-24T10:35:49.360-0400][28.879s] GC(6) Concurrent Scan Root Regions
[2022-09-24T10:35:49.364-0400][28.883s] GC(6) Concurrent Scan Root Regions 3.692ms
[2022-09-24T10:35:49.364-0400][28.883s] GC(6) Concurrent Mark
[2022-09-24T10:35:49.364-0400][28.883s] GC(6) Concurrent Mark From Roots
[2022-09-24T10:35:49.364-0400][28.883s] GC(6) Using 2 workers of 2 for marking
[2022-09-24T10:35:49.376-0400][28.899s] GC(6) Concurrent Mark From Roots 15.468ms
[2022-09-24T10:35:49.376-0400][28.899s] GC(6) Concurrent Preclean
[2022-09-24T10:35:49.376-0400][28.899s] GC(6) Concurrent Preclean 0.091ms
[2022-09-24T10:35:49.376-0400][28.899s] GC(6) Pause Remark
[2022-09-24T10:35:49.382-0400][28.902s] GC(6) Pause Remark 31M->31M(512M) 2.703ms
[2022-09-24T10:35:49.382-0400][28.902s] GC(6) User=0.03s Sys=0.02s Real=0.01s
[2022-09-24T10:35:49.382-0400][28.902s] GC(6) Concurrent Mark 18.648ms
[2022-09-24T10:35:49.382-0400][28.902s] GC(6) Concurrent Rebuild Remembered Sets
[2022-09-24T10:35:49.389-0400][28.908s] GC(6) Concurrent Rebuild Remembered Sets 6.488ms
[2022-09-24T10:35:49.389-0400][28.908s] GC(6) Pause Cleanup
[2022-09-24T10:35:49.389-0400][28.909s] GC(6) Pause Cleanup 33M->33M(512M) 0.124ms
[2022-09-24T10:35:49.389-0400][28.909s] GC(6) User=0.00s Sys=0.00s Real=0.00s
[2022-09-24T10:35:49.389-0400][28.909s] GC(6) Concurrent Cleanup for Next Mark
[2022-09-24T10:35:49.390-0400][28.910s] GC(6) Concurrent Cleanup for Next Mark 0.915ms
[2022-09-24T10:35:49.390-0400][28.910s] GC(6) Concurrent Mark Cycle 30.492ms
[2022-09-24T10:36:17.019-0400][56.538s] GC(7) Pause Young (Normal) (G1 Evacuation Pause)
[2022-09-24T10:36:17.019-0400][56.538s] GC(7) Using 8 workers of 8 for evacuation
[2022-09-24T10:36:17.031-0400][56.550s] GC(7)   Pre Evacuate Collection Set: 0.1ms
[2022-09-24T10:36:17.031-0400][56.550s] GC(7)   Merge Heap Roots: 0.2ms
[2022-09-24T10:36:17.031-0400][56.551s] GC(7)   Evacuate Collection Set: 10.4ms
[2022-09-24T10:36:17.031-0400][56.551s] GC(7)   Post Evacuate Collection Set: 1.4ms
[2022-09-24T10:36:17.031-0400][56.551s] GC(7)   Other: 0.1ms
[2022-09-24T10:36:17.031-0400][56.551s] GC(7) Eden regions: 295->0(283)
[2022-09-24T10:36:17.031-0400][56.551s] GC(7) Survivor regions: 12->24(39)
[2022-09-24T10:36:17.031-0400][56.551s] GC(7) Old regions: 15->15
[2022-09-24T10:36:17.031-0400][56.551s] GC(7) Archive regions: 0->0
[2022-09-24T10:36:17.031-0400][56.551s] GC(7) Humongous regions: 7->7
[2022-09-24T10:36:17.031-0400][56.551s] GC(7) Metaspace: 46567K(47040K)->46567K(47040K) NonClass: 41081K(41344K)->41081K(41344K) Class: 5486K(5696K)->5486K(5696K)
[2022-09-24T10:36:17.031-0400][56.551s] GC(7) Pause Young (Normal) (G1 Evacuation Pause) 327M->45M(512M) 12.698ms
[2022-09-24T10:36:17.031-0400][56.551s] GC(7) User=0.06s Sys=0.00s Real=0.01s
[2022-09-24T10:36:17.894-0400][57.413s] GC(8) Pause Young (Normal) (G1 Evacuation Pause)
[2022-09-24T10:36:17.894-0400][57.413s] GC(8) Using 8 workers of 8 for evacuation
[2022-09-24T10:36:17.903-0400][57.423s] GC(8)   Pre Evacuate Collection Set: 0.2ms
[2022-09-24T10:36:17.904-0400][57.423s] GC(8)   Merge Heap Roots: 0.3ms
[2022-09-24T10:36:17.904-0400][57.423s] GC(8)   Evacuate Collection Set: 7.3ms
[2022-09-24T10:36:17.904-0400][57.423s] GC(8)   Post Evacuate Collection Set: 1.3ms
[2022-09-24T10:36:17.904-0400][57.423s] GC(8)   Other: 0.1ms
[2022-09-24T10:36:17.904-0400][57.423s] GC(8) Eden regions: 283->0(286)
[2022-09-24T10:36:17.904-0400][57.423s] GC(8) Survivor regions: 24->21(39)
[2022-09-24T10:36:17.904-0400][57.423s] GC(8) Old regions: 15->19
[2022-09-24T10:36:17.904-0400][57.423s] GC(8) Archive regions: 0->0
[2022-09-24T10:36:17.904-0400][57.423s] GC(8) Humongous regions: 7->7
[2022-09-24T10:36:17.904-0400][57.423s] GC(8) Metaspace: 46658K(47168K)->46658K(47168K) NonClass: 41171K(41472K)->41171K(41472K) Class: 5486K(5696K)->5486K(5696K)
[2022-09-24T10:36:17.904-0400][57.423s] GC(8) Pause Young (Normal) (G1 Evacuation Pause) 328M->46M(512M) 9.831ms
[2022-09-24T10:36:17.904-0400][57.423s] GC(8) User=0.00s Sys=0.00s Real=0.01s
[2022-09-24T10:38:28.011-0400][187.530s] Heap
[2022-09-24T10:38:28.011-0400][187.530s]  garbage-first heap   total 524288K, used 197219K [0x00000000e0000000, 0x0000000100000000)
[2022-09-24T10:38:28.011-0400][187.531s]   region size 1024K, 168 young (172032K), 21 survivors (21504K)
[2022-09-24T10:38:28.011-0400][187.531s]  Metaspace       used 49105K, committed 49664K, reserved 1114112K
[2022-09-24T10:38:28.011-0400][187.531s]   class space    used 5760K, committed 6016K, reserved 1048576K
