[2022-09-25T07:29:08.467-0400][0.021s] CardTable entry size: 512
[2022-09-25T07:29:08.467-0400][0.022s] Using G1
[2022-09-25T07:29:08.655-0400][0.202s] Version: 18.0.1.1+2-6 (release)
[2022-09-25T07:29:08.655-0400][0.202s] CPUs: 8 total, 8 available
[2022-09-25T07:29:08.655-0400][0.202s] Memory: 7987M
[2022-09-25T07:29:08.655-0400][0.202s] Large Page Support: Disabled
[2022-09-25T07:29:08.655-0400][0.202s] NUMA Support: Disabled
[2022-09-25T07:29:08.655-0400][0.202s] Compressed Oops: Enabled (32-bit)
[2022-09-25T07:29:08.655-0400][0.202s] Heap Region Size: 1M
[2022-09-25T07:29:08.655-0400][0.202s] Heap Min Capacity: 512M
[2022-09-25T07:29:08.655-0400][0.202s] Heap Initial Capacity: 512M
[2022-09-25T07:29:08.655-0400][0.202s] Heap Max Capacity: 512M
[2022-09-25T07:29:08.656-0400][0.203s] Pre-touch: Enabled
[2022-09-25T07:29:08.656-0400][0.203s] Parallel Workers: 8
[2022-09-25T07:29:08.656-0400][0.203s] Concurrent Workers: 2
[2022-09-25T07:29:08.656-0400][0.203s] Concurrent Refinement Workers: 8
[2022-09-25T07:29:08.656-0400][0.203s] Periodic GC: Disabled
[2022-09-25T07:29:08.656-0400][0.203s] CDS archive(s) mapped at: [0x0000000800000000-0x0000000800ba0000-0x0000000800ba0000), size 12189696, SharedBaseAddress: 0x0000000800000000, ArchiveRelocationMode: 0.
[2022-09-25T07:29:08.656-0400][0.203s] Compressed class space mapped at: 0x0000000800c00000-0x0000000840c00000, reserved size: 1073741824
[2022-09-25T07:29:08.656-0400][0.203s] Narrow klass base: 0x0000000800000000, Narrow klass shift: 0, Narrow klass range: 0x100000000
[2022-09-25T07:29:14.737-0400][6.284s] GC(0) Pause Young (Normal) (G1 Evacuation Pause)
[2022-09-25T07:29:14.737-0400][6.285s] GC(0) Using 8 workers of 8 for evacuation
[2022-09-25T07:29:14.753-0400][6.301s] GC(0)   Pre Evacuate Collection Set: 0.2ms
[2022-09-25T07:29:14.753-0400][6.301s] GC(0)   Merge Heap Roots: 0.1ms
[2022-09-25T07:29:14.753-0400][6.301s] GC(0)   Evacuate Collection Set: 14.3ms
[2022-09-25T07:29:14.753-0400][6.301s] GC(0)   Post Evacuate Collection Set: 0.9ms
[2022-09-25T07:29:14.753-0400][6.301s] GC(0)   Other: 0.7ms
[2022-09-25T07:29:14.753-0400][6.301s] GC(0) Eden regions: 29->0(40)
[2022-09-25T07:29:14.753-0400][6.301s] GC(0) Survivor regions: 0->4(4)
[2022-09-25T07:29:14.753-0400][6.301s] GC(0) Old regions: 0->1
[2022-09-25T07:29:14.753-0400][6.301s] GC(0) Archive regions: 0->0
[2022-09-25T07:29:14.754-0400][6.301s] GC(0) Humongous regions: 0->0
[2022-09-25T07:29:14.754-0400][6.301s] GC(0) Metaspace: 9535K(9728K)->9535K(9728K) NonClass: 8458K(8576K)->8458K(8576K) Class: 1076K(1152K)->1076K(1152K)
[2022-09-25T07:29:14.754-0400][6.301s] GC(0) Pause Young (Normal) (G1 Evacuation Pause) 29M->4M(512M) 16.802ms
[2022-09-25T07:29:14.754-0400][6.301s] GC(0) User=0.00s Sys=0.00s Real=0.02s
[2022-09-25T07:29:15.890-0400][7.437s] GC(1) Pause Young (Normal) (G1 Evacuation Pause)
[2022-09-25T07:29:15.890-0400][7.438s] GC(1) Using 8 workers of 8 for evacuation
[2022-09-25T07:29:15.899-0400][7.446s] GC(1)   Pre Evacuate Collection Set: 0.1ms
[2022-09-25T07:29:15.899-0400][7.446s] GC(1)   Merge Heap Roots: 0.0ms
[2022-09-25T07:29:15.899-0400][7.446s] GC(1)   Evacuate Collection Set: 7.9ms
[2022-09-25T07:29:15.899-0400][7.446s] GC(1)   Post Evacuate Collection Set: 0.7ms
[2022-09-25T07:29:15.899-0400][7.446s] GC(1)   Other: 0.1ms
[2022-09-25T07:29:15.899-0400][7.446s] GC(1) Eden regions: 39->0(69)
[2022-09-25T07:29:15.899-0400][7.446s] GC(1) Survivor regions: 4->6(6)
[2022-09-25T07:29:15.899-0400][7.446s] GC(1) Old regions: 1->9
[2022-09-25T07:29:15.899-0400][7.446s] GC(1) Archive regions: 0->0
[2022-09-25T07:29:15.899-0400][7.446s] GC(1) Humongous regions: 4->4
[2022-09-25T07:29:15.899-0400][7.446s] GC(1) Metaspace: 16393K(16768K)->16393K(16768K) NonClass: 14512K(14720K)->14512K(14720K) Class: 1881K(2048K)->1881K(2048K)
[2022-09-25T07:29:15.899-0400][7.447s] GC(1) Pause Young (Normal) (G1 Evacuation Pause) 47M->18M(512M) 9.060ms
[2022-09-25T07:29:15.899-0400][7.447s] GC(1) User=0.08s Sys=0.02s Real=0.01s
[2022-09-25T07:29:17.142-0400][8.689s] GC(2) Pause Young (Normal) (G1 Evacuation Pause)
[2022-09-25T07:29:17.142-0400][8.689s] GC(2) Using 8 workers of 8 for evacuation
[2022-09-25T07:29:17.146-0400][8.693s] GC(2)   Pre Evacuate Collection Set: 0.1ms
[2022-09-25T07:29:17.146-0400][8.693s] GC(2)   Merge Heap Roots: 0.1ms
[2022-09-25T07:29:17.146-0400][8.693s] GC(2)   Evacuate Collection Set: 3.0ms
[2022-09-25T07:29:17.146-0400][8.693s] GC(2)   Post Evacuate Collection Set: 0.8ms
[2022-09-25T07:29:17.146-0400][8.693s] GC(2)   Other: 0.1ms
[2022-09-25T07:29:17.146-0400][8.693s] GC(2) Eden regions: 69->0(302)
[2022-09-25T07:29:17.146-0400][8.693s] GC(2) Survivor regions: 6->5(10)
[2022-09-25T07:29:17.146-0400][8.693s] GC(2) Old regions: 9->15
[2022-09-25T07:29:17.146-0400][8.693s] GC(2) Archive regions: 0->0
[2022-09-25T07:29:17.146-0400][8.693s] GC(2) Humongous regions: 4->4
[2022-09-25T07:29:17.146-0400][8.693s] GC(2) Metaspace: 20900K(21312K)->20900K(21312K) NonClass: 18576K(18816K)->18576K(18816K) Class: 2324K(2496K)->2324K(2496K)
[2022-09-25T07:29:17.146-0400][8.693s] GC(2) Pause Young (Normal) (G1 Evacuation Pause) 87M->23M(512M) 4.402ms
[2022-09-25T07:29:17.146-0400][8.693s] GC(2) User=0.00s Sys=0.00s Real=0.00s
[2022-09-25T07:29:17.182-0400][8.729s] GC(3) Pause Young (Concurrent Start) (Metadata GC Threshold)
[2022-09-25T07:29:17.182-0400][8.729s] GC(3) Using 8 workers of 8 for evacuation
[2022-09-25T07:29:17.184-0400][8.732s] GC(3)   Pre Evacuate Collection Set: 0.2ms
[2022-09-25T07:29:17.184-0400][8.732s] GC(3)   Merge Heap Roots: 0.1ms
[2022-09-25T07:29:17.184-0400][8.732s] GC(3)   Evacuate Collection Set: 1.2ms
[2022-09-25T07:29:17.184-0400][8.732s] GC(3)   Post Evacuate Collection Set: 0.6ms
[2022-09-25T07:29:17.185-0400][8.732s] GC(3)   Other: 0.7ms
[2022-09-25T07:29:17.185-0400][8.732s] GC(3) Eden regions: 2->0(302)
[2022-09-25T07:29:17.185-0400][8.732s] GC(3) Survivor regions: 5->5(39)
[2022-09-25T07:29:17.185-0400][8.732s] GC(3) Old regions: 15->15
[2022-09-25T07:29:17.185-0400][8.732s] GC(3) Archive regions: 0->0
[2022-09-25T07:29:17.185-0400][8.732s] GC(3) Humongous regions: 4->4
[2022-09-25T07:29:17.185-0400][8.732s] GC(3) Metaspace: 21122K(21504K)->21122K(21504K) NonClass: 18782K(18944K)->18782K(18944K) Class: 2340K(2560K)->2340K(2560K)
[2022-09-25T07:29:17.185-0400][8.732s] GC(3) Pause Young (Concurrent Start) (Metadata GC Threshold) 25M->22M(512M) 3.236ms
[2022-09-25T07:29:17.185-0400][8.732s] GC(3) User=0.00s Sys=0.00s Real=0.00s
[2022-09-25T07:29:17.185-0400][8.732s] GC(4) Concurrent Mark Cycle
[2022-09-25T07:29:17.185-0400][8.732s] GC(4) Concurrent Clear Claimed Marks
[2022-09-25T07:29:17.185-0400][8.732s] GC(4) Concurrent Clear Claimed Marks 0.062ms
[2022-09-25T07:29:17.185-0400][8.732s] GC(4) Concurrent Scan Root Regions
[2022-09-25T07:29:17.187-0400][8.735s] GC(4) Concurrent Scan Root Regions 2.385ms
[2022-09-25T07:29:17.187-0400][8.735s] GC(4) Concurrent Mark
[2022-09-25T07:29:17.187-0400][8.735s] GC(4) Concurrent Mark From Roots
[2022-09-25T07:29:17.187-0400][8.735s] GC(4) Using 2 workers of 2 for marking
[2022-09-25T07:29:17.206-0400][8.753s] GC(4) Concurrent Mark From Roots 17.990ms
[2022-09-25T07:29:17.206-0400][8.753s] GC(4) Concurrent Preclean
[2022-09-25T07:29:17.206-0400][8.753s] GC(4) Concurrent Preclean 0.104ms
[2022-09-25T07:29:17.206-0400][8.753s] GC(4) Pause Remark
[2022-09-25T07:29:17.208-0400][8.756s] GC(4) Pause Remark 23M->23M(512M) 2.308ms
[2022-09-25T07:29:17.208-0400][8.756s] GC(4) User=0.00s Sys=0.00s Real=0.00s
[2022-09-25T07:29:17.208-0400][8.756s] GC(4) Concurrent Mark 20.876ms
[2022-09-25T07:29:17.209-0400][8.756s] GC(4) Concurrent Rebuild Remembered Sets
[2022-09-25T07:29:17.215-0400][8.763s] GC(4) Concurrent Rebuild Remembered Sets 7.024ms
[2022-09-25T07:29:17.216-0400][8.763s] GC(4) Pause Cleanup
[2022-09-25T07:29:17.216-0400][8.764s] GC(4) Pause Cleanup 23M->23M(512M) 0.188ms
[2022-09-25T07:29:17.216-0400][8.764s] GC(4) User=0.00s Sys=0.00s Real=0.00s
[2022-09-25T07:29:17.216-0400][8.764s] GC(4) Concurrent Cleanup for Next Mark
[2022-09-25T07:29:17.217-0400][8.765s] GC(4) Concurrent Cleanup for Next Mark 1.031ms
[2022-09-25T07:29:17.218-0400][8.765s] GC(4) Concurrent Mark Cycle 32.578ms
[2022-09-25T07:29:39.148-0400][30.695s] GC(5) Pause Young (Prepare Mixed) (Metadata GC Threshold)
[2022-09-25T07:29:39.148-0400][30.695s] GC(5) Using 8 workers of 8 for evacuation
[2022-09-25T07:29:39.160-0400][30.707s] GC(5)   Pre Evacuate Collection Set: 0.1ms
[2022-09-25T07:29:39.160-0400][30.707s] GC(5)   Merge Heap Roots: 0.1ms
[2022-09-25T07:29:39.160-0400][30.707s] GC(5)   Evacuate Collection Set: 10.2ms
[2022-09-25T07:29:39.160-0400][30.707s] GC(5)   Post Evacuate Collection Set: 1.4ms
[2022-09-25T07:29:39.160-0400][30.707s] GC(5)   Other: 0.2ms
[2022-09-25T07:29:39.160-0400][30.707s] GC(5) Eden regions: 143->0(13)
[2022-09-25T07:29:39.160-0400][30.707s] GC(5) Survivor regions: 5->12(39)
[2022-09-25T07:29:39.160-0400][30.707s] GC(5) Old regions: 15->15
[2022-09-25T07:29:39.160-0400][30.707s] GC(5) Archive regions: 0->0
[2022-09-25T07:29:39.160-0400][30.707s] GC(5) Humongous regions: 5->4
[2022-09-25T07:29:39.160-0400][30.707s] GC(5) Metaspace: 35644K(36096K)->35644K(36096K) NonClass: 31524K(31744K)->31524K(31744K) Class: 4120K(4352K)->4120K(4352K)
[2022-09-25T07:29:39.160-0400][30.708s] GC(5) Pause Young (Prepare Mixed) (Metadata GC Threshold) 166M->30M(512M) 12.341ms
[2022-09-25T07:29:39.160-0400][30.708s] GC(5) User=0.06s Sys=0.00s Real=0.01s
[2022-09-25T07:29:39.232-0400][30.779s] GC(6) Pause Young (Mixed) (Metadata GC Threshold)
[2022-09-25T07:29:39.232-0400][30.780s] GC(6) Using 8 workers of 8 for evacuation
[2022-09-25T07:29:39.236-0400][30.784s] GC(6)   Pre Evacuate Collection Set: 0.1ms
[2022-09-25T07:29:39.236-0400][30.784s] GC(6)   Merge Heap Roots: 0.0ms
[2022-09-25T07:29:39.236-0400][30.784s] GC(6)   Evacuate Collection Set: 3.6ms
[2022-09-25T07:29:39.236-0400][30.784s] GC(6)   Post Evacuate Collection Set: 0.4ms
[2022-09-25T07:29:39.236-0400][30.784s] GC(6)   Other: 0.1ms
[2022-09-25T07:29:39.236-0400][30.784s] GC(6) Eden regions: 4->0(306)
[2022-09-25T07:29:39.236-0400][30.784s] GC(6) Survivor regions: 12->1(4)
[2022-09-25T07:29:39.236-0400][30.784s] GC(6) Old regions: 15->26
[2022-09-25T07:29:39.236-0400][30.784s] GC(6) Archive regions: 0->0
[2022-09-25T07:29:39.236-0400][30.784s] GC(6) Humongous regions: 4->4
[2022-09-25T07:29:39.236-0400][30.784s] GC(6) Metaspace: 35939K(36416K)->35939K(36416K) NonClass: 31777K(32000K)->31777K(32000K) Class: 4162K(4416K)->4162K(4416K)
[2022-09-25T07:29:39.236-0400][30.784s] GC(6) Pause Young (Mixed) (Metadata GC Threshold) 33M->30M(512M) 4.649ms
[2022-09-25T07:29:39.237-0400][30.784s] GC(6) User=0.11s Sys=0.00s Real=0.00s
[2022-09-25T07:29:39.319-0400][30.867s] GC(7) Pause Young (Concurrent Start) (Metadata GC Threshold)
[2022-09-25T07:29:39.319-0400][30.867s] GC(7) Using 8 workers of 8 for evacuation
[2022-09-25T07:29:39.325-0400][30.873s] GC(7)   Pre Evacuate Collection Set: 0.2ms
[2022-09-25T07:29:39.325-0400][30.873s] GC(7)   Merge Heap Roots: 0.1ms
[2022-09-25T07:29:39.325-0400][30.873s] GC(7)   Evacuate Collection Set: 5.1ms
[2022-09-25T07:29:39.326-0400][30.873s] GC(7)   Post Evacuate Collection Set: 0.4ms
[2022-09-25T07:29:39.326-0400][30.873s] GC(7)   Other: 0.1ms
[2022-09-25T07:29:39.326-0400][30.873s] GC(7) Eden regions: 5->0(306)
[2022-09-25T07:29:39.326-0400][30.873s] GC(7) Survivor regions: 1->1(39)
[2022-09-25T07:29:39.326-0400][30.873s] GC(7) Old regions: 26->26
[2022-09-25T07:29:39.326-0400][30.873s] GC(7) Archive regions: 0->0
[2022-09-25T07:29:39.326-0400][30.873s] GC(7) Humongous regions: 4->4
[2022-09-25T07:29:39.326-0400][30.873s] GC(7) Metaspace: 36317K(36736K)->36317K(36736K) NonClass: 32101K(32320K)->32101K(32320K) Class: 4216K(4416K)->4216K(4416K)
[2022-09-25T07:29:39.326-0400][30.873s] GC(7) Pause Young (Concurrent Start) (Metadata GC Threshold) 35M->29M(512M) 6.213ms
[2022-09-25T07:29:39.326-0400][30.873s] GC(8) Concurrent Mark Cycle
[2022-09-25T07:29:39.326-0400][30.873s] GC(7) User=0.00s Sys=0.00s Real=0.01s
[2022-09-25T07:29:39.326-0400][30.873s] GC(8) Concurrent Clear Claimed Marks
[2022-09-25T07:29:39.326-0400][30.873s] GC(8) Concurrent Clear Claimed Marks 0.103ms
[2022-09-25T07:29:39.326-0400][30.873s] GC(8) Concurrent Scan Root Regions
[2022-09-25T07:29:39.327-0400][30.874s] GC(8) Concurrent Scan Root Regions 0.862ms
[2022-09-25T07:29:39.327-0400][30.874s] GC(8) Concurrent Mark
[2022-09-25T07:29:39.327-0400][30.874s] GC(8) Concurrent Mark From Roots
[2022-09-25T07:29:39.327-0400][30.874s] GC(8) Using 2 workers of 2 for marking
[2022-09-25T07:29:39.353-0400][30.901s] GC(8) Concurrent Mark From Roots 26.629ms
[2022-09-25T07:29:39.353-0400][30.901s] GC(8) Concurrent Preclean
[2022-09-25T07:29:39.353-0400][30.901s] GC(8) Concurrent Preclean 0.089ms
[2022-09-25T07:29:39.354-0400][30.901s] GC(8) Pause Remark
[2022-09-25T07:29:39.356-0400][30.904s] GC(8) Pause Remark 31M->31M(512M) 2.616ms
[2022-09-25T07:29:39.356-0400][30.904s] GC(8) User=0.00s Sys=0.00s Real=0.00s
[2022-09-25T07:29:39.357-0400][30.904s] GC(8) Concurrent Mark 29.887ms
[2022-09-25T07:29:39.357-0400][30.904s] GC(8) Concurrent Rebuild Remembered Sets
[2022-09-25T07:29:39.368-0400][30.915s] GC(8) Concurrent Rebuild Remembered Sets 11.537ms
[2022-09-25T07:29:39.369-0400][30.916s] GC(8) Pause Cleanup
[2022-09-25T07:29:39.369-0400][30.916s] GC(8) Pause Cleanup 32M->32M(512M) 0.165ms
[2022-09-25T07:29:39.369-0400][30.916s] GC(8) User=0.00s Sys=0.00s Real=0.00s
[2022-09-25T07:29:39.370-0400][30.918s] GC(8) Concurrent Cleanup for Next Mark
[2022-09-25T07:29:39.372-0400][30.919s] GC(8) Concurrent Cleanup for Next Mark 1.392ms
[2022-09-25T07:29:39.372-0400][30.919s] GC(8) Concurrent Mark Cycle 46.318ms
[2022-09-25T11:31:05.357-0400][14517.002s] Heap
[2022-09-25T11:31:05.358-0400][14517.003s]  garbage-first heap   total 524288K, used 262745K [0x00000000e0000000, 0x0000000100000000)
[2022-09-25T11:31:05.358-0400][14517.003s]   region size 1024K, 225 young (230400K), 1 survivors (1024K)
[2022-09-25T11:31:05.358-0400][14517.003s]  Metaspace       used 49649K, committed 50304K, reserved 1114112K
[2022-09-25T11:31:05.358-0400][14517.003s]   class space    used 5817K, committed 6144K, reserved 1048576K
