[2022-09-24T22:21:58.571-0400][0.025s] CardTable entry size: 512
[2022-09-24T22:21:58.572-0400][0.025s] Using G1
[2022-09-24T22:21:58.738-0400][0.197s] Version: 18.0.1.1+2-6 (release)
[2022-09-24T22:21:58.738-0400][0.197s] CPUs: 8 total, 8 available
[2022-09-24T22:21:58.738-0400][0.197s] Memory: 7987M
[2022-09-24T22:21:58.738-0400][0.197s] Large Page Support: Disabled
[2022-09-24T22:21:58.738-0400][0.197s] NUMA Support: Disabled
[2022-09-24T22:21:58.738-0400][0.197s] Compressed Oops: Enabled (32-bit)
[2022-09-24T22:21:58.738-0400][0.197s] Heap Region Size: 1M
[2022-09-24T22:21:58.738-0400][0.197s] Heap Min Capacity: 512M
[2022-09-24T22:21:58.738-0400][0.197s] Heap Initial Capacity: 512M
[2022-09-24T22:21:58.738-0400][0.197s] Heap Max Capacity: 512M
[2022-09-24T22:21:58.744-0400][0.198s] Pre-touch: Enabled
[2022-09-24T22:21:58.744-0400][0.198s] Parallel Workers: 8
[2022-09-24T22:21:58.744-0400][0.198s] Concurrent Workers: 2
[2022-09-24T22:21:58.744-0400][0.198s] Concurrent Refinement Workers: 8
[2022-09-24T22:21:58.744-0400][0.198s] Periodic GC: Disabled
[2022-09-24T22:21:58.745-0400][0.198s] CDS archive(s) mapped at: [0x0000000800000000-0x0000000800ba0000-0x0000000800ba0000), size 12189696, SharedBaseAddress: 0x0000000800000000, ArchiveRelocationMode: 0.
[2022-09-24T22:21:58.745-0400][0.198s] Compressed class space mapped at: 0x0000000800c00000-0x0000000840c00000, reserved size: 1073741824
[2022-09-24T22:21:58.745-0400][0.198s] Narrow klass base: 0x0000000800000000, Narrow klass shift: 0, Narrow klass range: 0x100000000
[2022-09-24T22:22:04.670-0400][6.124s] GC(0) Pause Young (Normal) (G1 Evacuation Pause)
[2022-09-24T22:22:04.671-0400][6.124s] GC(0) Using 8 workers of 8 for evacuation
[2022-09-24T22:22:04.676-0400][6.130s] GC(0)   Pre Evacuate Collection Set: 0.1ms
[2022-09-24T22:22:04.676-0400][6.131s] GC(0)   Merge Heap Roots: 0.2ms
[2022-09-24T22:22:04.676-0400][6.131s] GC(0)   Evacuate Collection Set: 4.7ms
[2022-09-24T22:22:04.676-0400][6.131s] GC(0)   Post Evacuate Collection Set: 1.0ms
[2022-09-24T22:22:04.676-0400][6.131s] GC(0)   Other: 0.7ms
[2022-09-24T22:22:04.676-0400][6.131s] GC(0) Eden regions: 29->0(40)
[2022-09-24T22:22:04.676-0400][6.131s] GC(0) Survivor regions: 0->4(4)
[2022-09-24T22:22:04.676-0400][6.131s] GC(0) Old regions: 0->1
[2022-09-24T22:22:04.676-0400][6.131s] GC(0) Archive regions: 0->0
[2022-09-24T22:22:04.676-0400][6.131s] GC(0) Humongous regions: 0->0
[2022-09-24T22:22:04.676-0400][6.131s] GC(0) Metaspace: 9529K(9728K)->9529K(9728K) NonClass: 8452K(8576K)->8452K(8576K) Class: 1076K(1152K)->1076K(1152K)
[2022-09-24T22:22:04.676-0400][6.131s] GC(0) Pause Young (Normal) (G1 Evacuation Pause) 29M->4M(512M) 7.284ms
[2022-09-24T22:22:04.676-0400][6.131s] GC(0) User=0.03s Sys=0.00s Real=0.01s
[2022-09-24T22:22:05.625-0400][7.080s] GC(1) Pause Young (Normal) (G1 Evacuation Pause)
[2022-09-24T22:22:05.625-0400][7.080s] GC(1) Using 8 workers of 8 for evacuation
[2022-09-24T22:22:05.634-0400][7.087s] GC(1)   Pre Evacuate Collection Set: 0.1ms
[2022-09-24T22:22:05.634-0400][7.087s] GC(1)   Merge Heap Roots: 0.1ms
[2022-09-24T22:22:05.634-0400][7.087s] GC(1)   Evacuate Collection Set: 6.5ms
[2022-09-24T22:22:05.634-0400][7.087s] GC(1)   Post Evacuate Collection Set: 1.0ms
[2022-09-24T22:22:05.634-0400][7.088s] GC(1)   Other: 0.1ms
[2022-09-24T22:22:05.634-0400][7.088s] GC(1) Eden regions: 39->0(68)
[2022-09-24T22:22:05.634-0400][7.088s] GC(1) Survivor regions: 4->6(6)
[2022-09-24T22:22:05.634-0400][7.088s] GC(1) Old regions: 1->8
[2022-09-24T22:22:05.634-0400][7.088s] GC(1) Archive regions: 0->0
[2022-09-24T22:22:05.634-0400][7.088s] GC(1) Humongous regions: 4->4
[2022-09-24T22:22:05.634-0400][7.088s] GC(1) Metaspace: 16390K(16768K)->16390K(16768K) NonClass: 14509K(14720K)->14509K(14720K) Class: 1881K(2048K)->1881K(2048K)
[2022-09-24T22:22:05.634-0400][7.088s] GC(1) Pause Young (Normal) (G1 Evacuation Pause) 47M->17M(512M) 8.080ms
[2022-09-24T22:22:05.634-0400][7.088s] GC(1) User=0.12s Sys=0.00s Real=0.01s
[2022-09-24T22:22:06.564-0400][8.018s] GC(2) Pause Young (Normal) (G1 Evacuation Pause)
[2022-09-24T22:22:06.564-0400][8.018s] GC(2) Using 8 workers of 8 for evacuation
[2022-09-24T22:22:06.569-0400][8.022s] GC(2)   Pre Evacuate Collection Set: 0.1ms
[2022-09-24T22:22:06.569-0400][8.022s] GC(2)   Merge Heap Roots: 0.1ms
[2022-09-24T22:22:06.569-0400][8.022s] GC(2)   Evacuate Collection Set: 3.3ms
[2022-09-24T22:22:06.569-0400][8.022s] GC(2)   Post Evacuate Collection Set: 0.7ms
[2022-09-24T22:22:06.569-0400][8.023s] GC(2)   Other: 0.1ms
[2022-09-24T22:22:06.569-0400][8.023s] GC(2) Eden regions: 68->0(302)
[2022-09-24T22:22:06.569-0400][8.023s] GC(2) Survivor regions: 6->5(10)
[2022-09-24T22:22:06.569-0400][8.023s] GC(2) Old regions: 8->15
[2022-09-24T22:22:06.569-0400][8.023s] GC(2) Archive regions: 0->0
[2022-09-24T22:22:06.569-0400][8.023s] GC(2) Humongous regions: 4->4
[2022-09-24T22:22:06.569-0400][8.023s] GC(2) Metaspace: 20714K(21056K)->20714K(21056K) NonClass: 18408K(18560K)->18408K(18560K) Class: 2305K(2496K)->2305K(2496K)
[2022-09-24T22:22:06.569-0400][8.023s] GC(2) Pause Young (Normal) (G1 Evacuation Pause) 85M->22M(512M) 4.704ms
[2022-09-24T22:22:06.569-0400][8.023s] GC(2) User=0.11s Sys=0.00s Real=0.01s
[2022-09-24T22:22:06.601-0400][8.054s] GC(3) Pause Young (Concurrent Start) (Metadata GC Threshold)
[2022-09-24T22:22:06.601-0400][8.054s] GC(3) Using 8 workers of 8 for evacuation
[2022-09-24T22:22:06.603-0400][8.056s] GC(3)   Pre Evacuate Collection Set: 0.2ms
[2022-09-24T22:22:06.603-0400][8.056s] GC(3)   Merge Heap Roots: 0.1ms
[2022-09-24T22:22:06.603-0400][8.056s] GC(3)   Evacuate Collection Set: 1.0ms
[2022-09-24T22:22:06.603-0400][8.056s] GC(3)   Post Evacuate Collection Set: 0.5ms
[2022-09-24T22:22:06.603-0400][8.056s] GC(3)   Other: 0.1ms
[2022-09-24T22:22:06.603-0400][8.056s] GC(3) Eden regions: 4->0(302)
[2022-09-24T22:22:06.603-0400][8.056s] GC(3) Survivor regions: 5->5(39)
[2022-09-24T22:22:06.603-0400][8.056s] GC(3) Old regions: 15->15
[2022-09-24T22:22:06.603-0400][8.056s] GC(3) Archive regions: 0->0
[2022-09-24T22:22:06.603-0400][8.056s] GC(3) Humongous regions: 4->4
[2022-09-24T22:22:06.603-0400][8.056s] GC(3) Metaspace: 21099K(21504K)->21099K(21504K) NonClass: 18756K(18944K)->18756K(18944K) Class: 2342K(2560K)->2342K(2560K)
[2022-09-24T22:22:06.603-0400][8.056s] GC(3) Pause Young (Concurrent Start) (Metadata GC Threshold) 26M->22M(512M) 2.181ms
[2022-09-24T22:22:06.603-0400][8.056s] GC(3) User=0.00s Sys=0.00s Real=0.00s
[2022-09-24T22:22:06.603-0400][8.056s] GC(4) Concurrent Mark Cycle
[2022-09-24T22:22:06.603-0400][8.057s] GC(4) Concurrent Clear Claimed Marks
[2022-09-24T22:22:06.603-0400][8.057s] GC(4) Concurrent Clear Claimed Marks 0.043ms
[2022-09-24T22:22:06.603-0400][8.057s] GC(4) Concurrent Scan Root Regions
[2022-09-24T22:22:06.604-0400][8.058s] GC(4) Concurrent Scan Root Regions 1.256ms
[2022-09-24T22:22:06.604-0400][8.058s] GC(4) Concurrent Mark
[2022-09-24T22:22:06.604-0400][8.058s] GC(4) Concurrent Mark From Roots
[2022-09-24T22:22:06.604-0400][8.058s] GC(4) Using 2 workers of 2 for marking
[2022-09-24T22:22:06.614-0400][8.073s] GC(4) Concurrent Mark From Roots 15.269ms
[2022-09-24T22:22:06.614-0400][8.073s] GC(4) Concurrent Preclean
[2022-09-24T22:22:06.614-0400][8.073s] GC(4) Concurrent Preclean 0.073ms
[2022-09-24T22:22:06.614-0400][8.074s] GC(4) Pause Remark
[2022-09-24T22:22:06.623-0400][8.077s] GC(4) Pause Remark 24M->24M(512M) 2.404ms
[2022-09-24T22:22:06.623-0400][8.077s] GC(4) User=0.00s Sys=0.00s Real=0.01s
[2022-09-24T22:22:06.623-0400][8.077s] GC(4) Concurrent Mark 19.104ms
[2022-09-24T22:22:06.623-0400][8.077s] GC(4) Concurrent Rebuild Remembered Sets
[2022-09-24T22:22:06.631-0400][8.084s] GC(4) Concurrent Rebuild Remembered Sets 7.353ms
[2022-09-24T22:22:06.631-0400][8.085s] GC(4) Pause Cleanup
[2022-09-24T22:22:06.631-0400][8.085s] GC(4) Pause Cleanup 25M->25M(512M) 0.134ms
[2022-09-24T22:22:06.631-0400][8.085s] GC(4) User=0.00s Sys=0.00s Real=0.00s
[2022-09-24T22:22:06.631-0400][8.085s] GC(4) Concurrent Cleanup for Next Mark
[2022-09-24T22:22:06.632-0400][8.086s] GC(4) Concurrent Cleanup for Next Mark 1.113ms
[2022-09-24T22:22:06.632-0400][8.086s] GC(4) Concurrent Mark Cycle 29.636ms
[2022-09-24T22:22:28.035-0400][29.490s] GC(5) Pause Young (Prepare Mixed) (Metadata GC Threshold)
[2022-09-24T22:22:28.035-0400][29.490s] GC(5) Using 8 workers of 8 for evacuation
[2022-09-24T22:22:28.039-0400][29.496s] GC(5)   Pre Evacuate Collection Set: 0.1ms
[2022-09-24T22:22:28.039-0400][29.496s] GC(5)   Merge Heap Roots: 0.1ms
[2022-09-24T22:22:28.039-0400][29.496s] GC(5)   Evacuate Collection Set: 4.9ms
[2022-09-24T22:22:28.039-0400][29.496s] GC(5)   Post Evacuate Collection Set: 0.9ms
[2022-09-24T22:22:28.039-0400][29.496s] GC(5)   Other: 0.1ms
[2022-09-24T22:22:28.039-0400][29.496s] GC(5) Eden regions: 174->0(13)
[2022-09-24T22:22:28.039-0400][29.496s] GC(5) Survivor regions: 5->12(39)
[2022-09-24T22:22:28.039-0400][29.496s] GC(5) Old regions: 15->15
[2022-09-24T22:22:28.039-0400][29.496s] GC(5) Archive regions: 0->0
[2022-09-24T22:22:28.039-0400][29.496s] GC(5) Humongous regions: 5->4
[2022-09-24T22:22:28.039-0400][29.496s] GC(5) Metaspace: 35975K(36416K)->35975K(36416K) NonClass: 31799K(32000K)->31799K(32000K) Class: 4175K(4416K)->4175K(4416K)
[2022-09-24T22:22:28.039-0400][29.496s] GC(5) Pause Young (Prepare Mixed) (Metadata GC Threshold) 197M->29M(512M) 6.434ms
[2022-09-24T22:22:28.039-0400][29.496s] GC(5) User=0.00s Sys=0.00s Real=0.00s
[2022-09-24T22:22:28.069-0400][29.525s] GC(6) Pause Young (Mixed) (Metadata GC Threshold)
[2022-09-24T22:22:28.069-0400][29.525s] GC(6) Using 8 workers of 8 for evacuation
[2022-09-24T22:22:28.077-0400][29.530s] GC(6)   Pre Evacuate Collection Set: 0.1ms
[2022-09-24T22:22:28.077-0400][29.530s] GC(6)   Merge Heap Roots: 0.0ms
[2022-09-24T22:22:28.077-0400][29.530s] GC(6)   Evacuate Collection Set: 4.7ms
[2022-09-24T22:22:28.077-0400][29.530s] GC(6)   Post Evacuate Collection Set: 0.6ms
[2022-09-24T22:22:28.077-0400][29.530s] GC(6)   Other: 0.1ms
[2022-09-24T22:22:28.077-0400][29.531s] GC(6) Eden regions: 3->0(305)
[2022-09-24T22:22:28.077-0400][29.531s] GC(6) Survivor regions: 12->2(4)
[2022-09-24T22:22:28.077-0400][29.531s] GC(6) Old regions: 15->26
[2022-09-24T22:22:28.077-0400][29.531s] GC(6) Archive regions: 0->0
[2022-09-24T22:22:28.077-0400][29.531s] GC(6) Humongous regions: 4->4
[2022-09-24T22:22:28.077-0400][29.531s] GC(6) Metaspace: 36305K(36736K)->36305K(36736K) NonClass: 32081K(32320K)->32081K(32320K) Class: 4224K(4416K)->4224K(4416K)
[2022-09-24T22:22:28.077-0400][29.531s] GC(6) Pause Young (Mixed) (Metadata GC Threshold) 32M->30M(512M) 6.031ms
[2022-09-24T22:22:28.077-0400][29.531s] GC(6) User=0.00s Sys=0.00s Real=0.01s
[2022-09-24T22:22:28.101-0400][29.554s] GC(7) Pause Young (Concurrent Start) (Metadata GC Threshold)
[2022-09-24T22:22:28.101-0400][29.554s] GC(7) Using 8 workers of 8 for evacuation
[2022-09-24T22:22:28.102-0400][29.555s] GC(7)   Pre Evacuate Collection Set: 0.1ms
[2022-09-24T22:22:28.102-0400][29.555s] GC(7)   Merge Heap Roots: 0.0ms
[2022-09-24T22:22:28.102-0400][29.555s] GC(7)   Evacuate Collection Set: 0.6ms
[2022-09-24T22:22:28.102-0400][29.555s] GC(7)   Post Evacuate Collection Set: 0.3ms
[2022-09-24T22:22:28.102-0400][29.555s] GC(7)   Other: 0.1ms
[2022-09-24T22:22:28.102-0400][29.555s] GC(7) Eden regions: 3->0(306)
[2022-09-24T22:22:28.102-0400][29.555s] GC(7) Survivor regions: 2->1(39)
[2022-09-24T22:22:28.102-0400][29.556s] GC(7) Old regions: 26->26
[2022-09-24T22:22:28.102-0400][29.556s] GC(7) Archive regions: 0->0
[2022-09-24T22:22:28.102-0400][29.556s] GC(7) Humongous regions: 4->4
[2022-09-24T22:22:28.102-0400][29.556s] GC(7) Metaspace: 36614K(37056K)->36614K(37056K) NonClass: 32355K(32576K)->32355K(32576K) Class: 4258K(4480K)->4258K(4480K)
[2022-09-24T22:22:28.102-0400][29.556s] GC(7) Pause Young (Concurrent Start) (Metadata GC Threshold) 33M->29M(512M) 1.401ms
[2022-09-24T22:22:28.102-0400][29.556s] GC(8) Concurrent Mark Cycle
[2022-09-24T22:22:28.102-0400][29.556s] GC(7) User=0.00s Sys=0.00s Real=0.00s
[2022-09-24T22:22:28.102-0400][29.556s] GC(8) Concurrent Clear Claimed Marks
[2022-09-24T22:22:28.102-0400][29.556s] GC(8) Concurrent Clear Claimed Marks 0.088ms
[2022-09-24T22:22:28.102-0400][29.556s] GC(8) Concurrent Scan Root Regions
[2022-09-24T22:22:28.103-0400][29.556s] GC(8) Concurrent Scan Root Regions 0.688ms
[2022-09-24T22:22:28.103-0400][29.557s] GC(8) Concurrent Mark
[2022-09-24T22:22:28.103-0400][29.557s] GC(8) Concurrent Mark From Roots
[2022-09-24T22:22:28.103-0400][29.557s] GC(8) Using 2 workers of 2 for marking
[2022-09-24T22:22:28.128-0400][29.582s] GC(8) Concurrent Mark From Roots 25.495ms
[2022-09-24T22:22:28.128-0400][29.582s] GC(8) Concurrent Preclean
[2022-09-24T22:22:28.128-0400][29.582s] GC(8) Concurrent Preclean 0.124ms
[2022-09-24T22:22:28.128-0400][29.583s] GC(8) Pause Remark
[2022-09-24T22:22:28.131-0400][29.585s] GC(8) Pause Remark 34M->34M(512M) 2.499ms
[2022-09-24T22:22:28.131-0400][29.585s] GC(8) User=0.00s Sys=0.00s Real=0.00s
[2022-09-24T22:22:28.131-0400][29.585s] GC(8) Concurrent Mark 28.766ms
[2022-09-24T22:22:28.131-0400][29.585s] GC(8) Concurrent Rebuild Remembered Sets
[2022-09-24T22:22:28.142-0400][29.596s] GC(8) Concurrent Rebuild Remembered Sets 11.096ms
[2022-09-24T22:22:28.142-0400][29.597s] GC(8) Pause Cleanup
[2022-09-24T22:22:28.142-0400][29.597s] GC(8) Pause Cleanup 35M->35M(512M) 0.116ms
[2022-09-24T22:22:28.142-0400][29.597s] GC(8) User=0.00s Sys=0.00s Real=0.00s
[2022-09-24T22:22:28.143-0400][29.597s] GC(8) Concurrent Cleanup for Next Mark
[2022-09-24T22:22:28.143-0400][29.598s] GC(8) Concurrent Cleanup for Next Mark 0.801ms
[2022-09-24T22:22:28.143-0400][29.598s] GC(8) Concurrent Mark Cycle 42.026ms
