[2022-09-24T10:29:30.553-0400][0.020s] CardTable entry size: 512
[2022-09-24T10:29:30.553-0400][0.020s] Using G1
[2022-09-24T10:29:30.739-0400][0.199s] Version: 18.0.1.1+2-6 (release)
[2022-09-24T10:29:30.739-0400][0.199s] CPUs: 8 total, 8 available
[2022-09-24T10:29:30.739-0400][0.200s] Memory: 7987M
[2022-09-24T10:29:30.739-0400][0.200s] Large Page Support: Disabled
[2022-09-24T10:29:30.739-0400][0.200s] NUMA Support: Disabled
[2022-09-24T10:29:30.739-0400][0.200s] Compressed Oops: Enabled (32-bit)
[2022-09-24T10:29:30.739-0400][0.200s] Heap Region Size: 1M
[2022-09-24T10:29:30.739-0400][0.200s] Heap Min Capacity: 512M
[2022-09-24T10:29:30.739-0400][0.200s] Heap Initial Capacity: 512M
[2022-09-24T10:29:30.739-0400][0.200s] Heap Max Capacity: 512M
[2022-09-24T10:29:30.739-0400][0.200s] Pre-touch: Enabled
[2022-09-24T10:29:30.739-0400][0.200s] Parallel Workers: 8
[2022-09-24T10:29:30.739-0400][0.200s] Concurrent Workers: 2
[2022-09-24T10:29:30.739-0400][0.200s] Concurrent Refinement Workers: 8
[2022-09-24T10:29:30.739-0400][0.200s] Periodic GC: Disabled
[2022-09-24T10:29:30.740-0400][0.201s] CDS archive(s) mapped at: [0x0000000800000000-0x0000000800ba0000-0x0000000800ba0000), size 12189696, SharedBaseAddress: 0x0000000800000000, ArchiveRelocationMode: 0.
[2022-09-24T10:29:30.740-0400][0.201s] Compressed class space mapped at: 0x0000000800c00000-0x0000000840c00000, reserved size: 1073741824
[2022-09-24T10:29:30.740-0400][0.201s] Narrow klass base: 0x0000000800000000, Narrow klass shift: 0, Narrow klass range: 0x100000000
[2022-09-24T10:29:37.218-0400][6.684s] GC(0) Pause Young (Normal) (G1 Evacuation Pause)
[2022-09-24T10:29:37.218-0400][6.685s] GC(0) Using 8 workers of 8 for evacuation
[2022-09-24T10:29:37.226-0400][6.689s] GC(0)   Pre Evacuate Collection Set: 0.2ms
[2022-09-24T10:29:37.226-0400][6.690s] GC(0)   Merge Heap Roots: 0.2ms
[2022-09-24T10:29:37.226-0400][6.690s] GC(0)   Evacuate Collection Set: 3.1ms
[2022-09-24T10:29:37.226-0400][6.690s] GC(0)   Post Evacuate Collection Set: 1.1ms
[2022-09-24T10:29:37.226-0400][6.690s] GC(0)   Other: 0.9ms
[2022-09-24T10:29:37.226-0400][6.690s] GC(0) Eden regions: 29->0(40)
[2022-09-24T10:29:37.226-0400][6.690s] GC(0) Survivor regions: 0->4(4)
[2022-09-24T10:29:37.226-0400][6.690s] GC(0) Old regions: 0->1
[2022-09-24T10:29:37.226-0400][6.690s] GC(0) Archive regions: 0->0
[2022-09-24T10:29:37.226-0400][6.690s] GC(0) Humongous regions: 0->0
[2022-09-24T10:29:37.226-0400][6.690s] GC(0) Metaspace: 9529K(9728K)->9529K(9728K) NonClass: 8452K(8576K)->8452K(8576K) Class: 1076K(1152K)->1076K(1152K)
[2022-09-24T10:29:37.226-0400][6.690s] GC(0) Pause Young (Normal) (G1 Evacuation Pause) 29M->4M(512M) 6.010ms
[2022-09-24T10:29:37.226-0400][6.690s] GC(0) User=0.12s Sys=0.00s Real=0.01s
[2022-09-24T10:29:37.987-0400][7.454s] GC(1) Pause Young (Normal) (G1 Evacuation Pause)
[2022-09-24T10:29:37.987-0400][7.454s] GC(1) Using 8 workers of 8 for evacuation
[2022-09-24T10:29:38.002-0400][7.463s] GC(1)   Pre Evacuate Collection Set: 0.1ms
[2022-09-24T10:29:38.002-0400][7.463s] GC(1)   Merge Heap Roots: 0.1ms
[2022-09-24T10:29:38.002-0400][7.463s] GC(1)   Evacuate Collection Set: 7.0ms
[2022-09-24T10:29:38.002-0400][7.463s] GC(1)   Post Evacuate Collection Set: 1.2ms
[2022-09-24T10:29:38.002-0400][7.463s] GC(1)   Other: 0.1ms
[2022-09-24T10:29:38.002-0400][7.463s] GC(1) Eden regions: 38->0(69)
[2022-09-24T10:29:38.002-0400][7.463s] GC(1) Survivor regions: 4->6(6)
[2022-09-24T10:29:38.002-0400][7.463s] GC(1) Old regions: 1->8
[2022-09-24T10:29:38.002-0400][7.463s] GC(1) Archive regions: 0->0
[2022-09-24T10:29:38.002-0400][7.463s] GC(1) Humongous regions: 4->4
[2022-09-24T10:29:38.002-0400][7.463s] GC(1) Metaspace: 16365K(16704K)->16365K(16704K) NonClass: 14484K(14656K)->14484K(14656K) Class: 1881K(2048K)->1881K(2048K)
[2022-09-24T10:29:38.002-0400][7.463s] GC(1) Pause Young (Normal) (G1 Evacuation Pause) 46M->17M(512M) 8.707ms
[2022-09-24T10:29:38.002-0400][7.463s] GC(1) User=0.12s Sys=0.00s Real=0.02s
[2022-09-24T10:29:39.659-0400][9.120s] GC(2) Pause Young (Normal) (G1 Evacuation Pause)
[2022-09-24T10:29:39.659-0400][9.120s] GC(2) Using 8 workers of 8 for evacuation
[2022-09-24T10:29:39.666-0400][9.127s] GC(2)   Pre Evacuate Collection Set: 0.1ms
[2022-09-24T10:29:39.666-0400][9.127s] GC(2)   Merge Heap Roots: 0.0ms
[2022-09-24T10:29:39.666-0400][9.127s] GC(2)   Evacuate Collection Set: 6.1ms
[2022-09-24T10:29:39.666-0400][9.127s] GC(2)   Post Evacuate Collection Set: 0.7ms
[2022-09-24T10:29:39.666-0400][9.127s] GC(2)   Other: 0.2ms
[2022-09-24T10:29:39.666-0400][9.127s] GC(2) Eden regions: 69->0(302)
[2022-09-24T10:29:39.666-0400][9.127s] GC(2) Survivor regions: 6->5(10)
[2022-09-24T10:29:39.666-0400][9.127s] GC(2) Old regions: 8->15
[2022-09-24T10:29:39.666-0400][9.127s] GC(2) Archive regions: 0->0
[2022-09-24T10:29:39.666-0400][9.127s] GC(2) Humongous regions: 4->4
[2022-09-24T10:29:39.666-0400][9.127s] GC(2) Metaspace: 20795K(21184K)->20795K(21184K) NonClass: 18479K(18688K)->18479K(18688K) Class: 2315K(2496K)->2315K(2496K)
[2022-09-24T10:29:39.666-0400][9.127s] GC(2) Pause Young (Normal) (G1 Evacuation Pause) 86M->23M(512M) 7.543ms
[2022-09-24T10:29:39.666-0400][9.128s] GC(2) User=0.00s Sys=0.02s Real=0.01s
[2022-09-24T10:29:39.748-0400][9.209s] GC(3) Pause Young (Concurrent Start) (Metadata GC Threshold)
[2022-09-24T10:29:39.748-0400][9.209s] GC(3) Using 8 workers of 8 for evacuation
[2022-09-24T10:29:39.750-0400][9.213s] GC(3)   Pre Evacuate Collection Set: 0.3ms
[2022-09-24T10:29:39.750-0400][9.213s] GC(3)   Merge Heap Roots: 0.1ms
[2022-09-24T10:29:39.750-0400][9.213s] GC(3)   Evacuate Collection Set: 2.0ms
[2022-09-24T10:29:39.750-0400][9.213s] GC(3)   Post Evacuate Collection Set: 0.8ms
[2022-09-24T10:29:39.750-0400][9.213s] GC(3)   Other: 0.2ms
[2022-09-24T10:29:39.750-0400][9.213s] GC(3) Eden regions: 3->0(302)
[2022-09-24T10:29:39.750-0400][9.213s] GC(3) Survivor regions: 5->5(39)
[2022-09-24T10:29:39.750-0400][9.213s] GC(3) Old regions: 15->15
[2022-09-24T10:29:39.750-0400][9.213s] GC(3) Archive regions: 0->0
[2022-09-24T10:29:39.750-0400][9.213s] GC(3) Humongous regions: 4->4
[2022-09-24T10:29:39.750-0400][9.213s] GC(3) Metaspace: 21087K(21504K)->21087K(21504K) NonClass: 18747K(18944K)->18747K(18944K) Class: 2340K(2560K)->2340K(2560K)
[2022-09-24T10:29:39.750-0400][9.213s] GC(3) Pause Young (Concurrent Start) (Metadata GC Threshold) 25M->22M(512M) 4.521ms
[2022-09-24T10:29:39.750-0400][9.213s] GC(3) User=0.00s Sys=0.00s Real=0.00s
[2022-09-24T10:29:39.750-0400][9.213s] GC(4) Concurrent Mark Cycle
[2022-09-24T10:29:39.750-0400][9.214s] GC(4) Concurrent Clear Claimed Marks
[2022-09-24T10:29:39.750-0400][9.214s] GC(4) Concurrent Clear Claimed Marks 0.042ms
[2022-09-24T10:29:39.750-0400][9.214s] GC(4) Concurrent Scan Root Regions
[2022-09-24T10:29:39.754-0400][9.216s] GC(4) Concurrent Scan Root Regions 2.521ms
[2022-09-24T10:29:39.754-0400][9.216s] GC(4) Concurrent Mark
[2022-09-24T10:29:39.754-0400][9.216s] GC(4) Concurrent Mark From Roots
[2022-09-24T10:29:39.754-0400][9.216s] GC(4) Using 2 workers of 2 for marking
[2022-09-24T10:29:39.907-0400][9.368s] GC(4) Concurrent Mark From Roots 151.254ms
[2022-09-24T10:29:39.907-0400][9.368s] GC(4) Concurrent Preclean
[2022-09-24T10:29:39.907-0400][9.368s] GC(4) Concurrent Preclean 0.114ms
[2022-09-24T10:29:39.908-0400][9.369s] GC(4) Pause Remark
[2022-09-24T10:29:39.913-0400][9.374s] GC(4) Pause Remark 26M->26M(512M) 5.176ms
[2022-09-24T10:29:39.913-0400][9.374s] GC(4) User=0.03s Sys=0.00s Real=0.01s
[2022-09-24T10:29:39.913-0400][9.376s] GC(4) Concurrent Mark 159.302ms
[2022-09-24T10:29:39.913-0400][9.376s] GC(4) Concurrent Rebuild Remembered Sets
[2022-09-24T10:29:39.923-0400][9.384s] GC(4) Concurrent Rebuild Remembered Sets 8.421ms
[2022-09-24T10:29:39.923-0400][9.384s] GC(4) Pause Cleanup
[2022-09-24T10:29:39.924-0400][9.385s] GC(4) Pause Cleanup 27M->27M(512M) 0.159ms
[2022-09-24T10:29:39.924-0400][9.385s] GC(4) User=0.00s Sys=0.00s Real=0.00s
[2022-09-24T10:29:39.924-0400][9.385s] GC(4) Concurrent Cleanup for Next Mark
[2022-09-24T10:29:39.925-0400][9.386s] GC(4) Concurrent Cleanup for Next Mark 1.026ms
[2022-09-24T10:29:39.925-0400][9.386s] GC(4) Concurrent Mark Cycle 172.650ms
[2022-09-24T10:30:02.637-0400][32.101s] GC(5) Pause Young (Prepare Mixed) (Metadata GC Threshold)
[2022-09-24T10:30:02.637-0400][32.101s] GC(5) Using 8 workers of 8 for evacuation
[2022-09-24T10:30:02.646-0400][32.108s] GC(5)   Pre Evacuate Collection Set: 0.1ms
[2022-09-24T10:30:02.646-0400][32.108s] GC(5)   Merge Heap Roots: 0.1ms
[2022-09-24T10:30:02.646-0400][32.108s] GC(5)   Evacuate Collection Set: 5.6ms
[2022-09-24T10:30:02.646-0400][32.108s] GC(5)   Post Evacuate Collection Set: 0.8ms
[2022-09-24T10:30:02.646-0400][32.108s] GC(5)   Other: 0.1ms
[2022-09-24T10:30:02.646-0400][32.108s] GC(5) Eden regions: 169->0(13)
[2022-09-24T10:30:02.646-0400][32.108s] GC(5) Survivor regions: 5->12(39)
[2022-09-24T10:30:02.646-0400][32.108s] GC(5) Old regions: 15->15
[2022-09-24T10:30:02.646-0400][32.108s] GC(5) Archive regions: 0->0
[2022-09-24T10:30:02.646-0400][32.108s] GC(5) Humongous regions: 5->4
[2022-09-24T10:30:02.646-0400][32.108s] GC(5) Metaspace: 36499K(36928K)->36499K(36928K) NonClass: 32235K(32448K)->32235K(32448K) Class: 4264K(4480K)->4264K(4480K)
[2022-09-24T10:30:02.646-0400][32.108s] GC(5) Pause Young (Prepare Mixed) (Metadata GC Threshold) 192M->30M(512M) 6.993ms
[2022-09-24T10:30:02.646-0400][32.108s] GC(5) User=0.09s Sys=0.02s Real=0.01s
[2022-09-24T10:30:02.681-0400][32.144s] GC(6) Pause Young (Mixed) (Metadata GC Threshold)
[2022-09-24T10:30:02.681-0400][32.144s] GC(6) Using 8 workers of 8 for evacuation
[2022-09-24T10:30:02.689-0400][32.150s] GC(6)   Pre Evacuate Collection Set: 0.1ms
[2022-09-24T10:30:02.689-0400][32.150s] GC(6)   Merge Heap Roots: 0.1ms
[2022-09-24T10:30:02.689-0400][32.150s] GC(6)   Evacuate Collection Set: 5.1ms
[2022-09-24T10:30:02.689-0400][32.150s] GC(6)   Post Evacuate Collection Set: 0.5ms
[2022-09-24T10:30:02.689-0400][32.150s] GC(6)   Other: 0.1ms
[2022-09-24T10:30:02.689-0400][32.150s] GC(6) Eden regions: 7->0(306)
[2022-09-24T10:30:02.689-0400][32.150s] GC(6) Survivor regions: 12->1(4)
[2022-09-24T10:30:02.689-0400][32.150s] GC(6) Old regions: 15->26
[2022-09-24T10:30:02.689-0400][32.150s] GC(6) Archive regions: 0->0
[2022-09-24T10:30:02.689-0400][32.150s] GC(6) Humongous regions: 4->4
[2022-09-24T10:30:02.689-0400][32.150s] GC(6) Metaspace: 36828K(37248K)->36828K(37248K) NonClass: 32487K(32704K)->32487K(32704K) Class: 4341K(4544K)->4341K(4544K)
[2022-09-24T10:30:02.689-0400][32.150s] GC(6) Pause Young (Mixed) (Metadata GC Threshold) 36M->30M(512M) 6.237ms
[2022-09-24T10:30:02.689-0400][32.150s] GC(6) User=0.00s Sys=0.00s Real=0.01s
[2022-09-24T10:30:02.711-0400][32.173s] GC(7) Pause Young (Concurrent Start) (Metadata GC Threshold)
[2022-09-24T10:30:02.711-0400][32.173s] GC(7) Using 8 workers of 8 for evacuation
[2022-09-24T10:30:02.711-0400][32.174s] GC(7)   Pre Evacuate Collection Set: 0.1ms
[2022-09-24T10:30:02.711-0400][32.174s] GC(7)   Merge Heap Roots: 0.1ms
[2022-09-24T10:30:02.711-0400][32.174s] GC(7)   Evacuate Collection Set: 0.6ms
[2022-09-24T10:30:02.711-0400][32.174s] GC(7)   Post Evacuate Collection Set: 0.4ms
[2022-09-24T10:30:02.711-0400][32.174s] GC(7)   Other: 0.1ms
[2022-09-24T10:30:02.711-0400][32.174s] GC(7) Eden regions: 4->0(306)
[2022-09-24T10:30:02.711-0400][32.174s] GC(7) Survivor regions: 1->1(39)
[2022-09-24T10:30:02.711-0400][32.174s] GC(7) Old regions: 26->26
[2022-09-24T10:30:02.711-0400][32.174s] GC(7) Archive regions: 0->0
[2022-09-24T10:30:02.711-0400][32.174s] GC(7) Humongous regions: 4->4
[2022-09-24T10:30:02.711-0400][32.174s] GC(7) Metaspace: 37178K(37568K)->37178K(37568K) NonClass: 32781K(32960K)->32781K(32960K) Class: 4396K(4608K)->4396K(4608K)
[2022-09-24T10:30:02.711-0400][32.174s] GC(7) Pause Young (Concurrent Start) (Metadata GC Threshold) 34M->30M(512M) 1.415ms
[2022-09-24T10:30:02.711-0400][32.174s] GC(8) Concurrent Mark Cycle
[2022-09-24T10:30:02.711-0400][32.174s] GC(7) User=0.00s Sys=0.00s Real=0.00s
[2022-09-24T10:30:02.711-0400][32.174s] GC(8) Concurrent Clear Claimed Marks
[2022-09-24T10:30:02.711-0400][32.174s] GC(8) Concurrent Clear Claimed Marks 0.058ms
[2022-09-24T10:30:02.711-0400][32.174s] GC(8) Concurrent Scan Root Regions
[2022-09-24T10:30:02.714-0400][32.175s] GC(8) Concurrent Scan Root Regions 0.670ms
[2022-09-24T10:30:02.714-0400][32.175s] GC(8) Concurrent Mark
[2022-09-24T10:30:02.714-0400][32.175s] GC(8) Concurrent Mark From Roots
[2022-09-24T10:30:02.714-0400][32.175s] GC(8) Using 2 workers of 2 for marking
[2022-09-24T10:30:02.730-0400][32.197s] GC(8) Concurrent Mark From Roots 22.356ms
[2022-09-24T10:30:02.730-0400][32.197s] GC(8) Concurrent Preclean
[2022-09-24T10:30:02.730-0400][32.197s] GC(8) Concurrent Preclean 0.063ms
[2022-09-24T10:30:02.730-0400][32.198s] GC(8) Pause Remark
[2022-09-24T10:30:02.738-0400][32.200s] GC(8) Pause Remark 33M->33M(512M) 2.425ms
[2022-09-24T10:30:02.738-0400][32.200s] GC(8) User=0.11s Sys=0.00s Real=0.01s
[2022-09-24T10:30:02.738-0400][32.200s] GC(8) Concurrent Mark 25.321ms
[2022-09-24T10:30:02.738-0400][32.200s] GC(8) Concurrent Rebuild Remembered Sets
[2022-09-24T10:30:02.748-0400][32.208s] GC(8) Concurrent Rebuild Remembered Sets 8.072ms
[2022-09-24T10:30:02.748-0400][32.209s] GC(8) Pause Cleanup
[2022-09-24T10:30:02.748-0400][32.209s] GC(8) Pause Cleanup 35M->35M(512M) 0.134ms
[2022-09-24T10:30:02.748-0400][32.209s] GC(8) User=0.00s Sys=0.00s Real=0.00s
[2022-09-24T10:30:02.748-0400][32.209s] GC(8) Concurrent Cleanup for Next Mark
[2022-09-24T10:30:02.749-0400][32.210s] GC(8) Concurrent Cleanup for Next Mark 0.907ms
[2022-09-24T10:30:02.749-0400][32.210s] GC(8) Concurrent Mark Cycle 35.694ms
[2022-09-24T10:32:25.230-0400][174.691s] Heap
[2022-09-24T10:32:25.230-0400][174.691s]  garbage-first heap   total 524288K, used 267410K [0x00000000e0000000, 0x0000000100000000)
[2022-09-24T10:32:25.230-0400][174.691s]   region size 1024K, 230 young (235520K), 1 survivors (1024K)
[2022-09-24T10:32:25.230-0400][174.691s]  Metaspace       used 50101K, committed 50752K, reserved 1114112K
[2022-09-24T10:32:25.230-0400][174.691s]   class space    used 5897K, committed 6208K, reserved 1048576K
