[2022-09-24T09:56:09.393-0400][0.018s] CardTable entry size: 512
[2022-09-24T09:56:09.394-0400][0.019s] Using G1
[2022-09-24T09:56:09.588-0400][0.213s] Version: 18.0.1.1+2-6 (release)
[2022-09-24T09:56:09.588-0400][0.214s] CPUs: 8 total, 8 available
[2022-09-24T09:56:09.588-0400][0.214s] Memory: 7987M
[2022-09-24T09:56:09.588-0400][0.214s] Large Page Support: Disabled
[2022-09-24T09:56:09.588-0400][0.214s] NUMA Support: Disabled
[2022-09-24T09:56:09.588-0400][0.214s] Compressed Oops: Enabled (32-bit)
[2022-09-24T09:56:09.588-0400][0.214s] Heap Region Size: 1M
[2022-09-24T09:56:09.588-0400][0.214s] Heap Min Capacity: 512M
[2022-09-24T09:56:09.588-0400][0.214s] Heap Initial Capacity: 512M
[2022-09-24T09:56:09.588-0400][0.214s] Heap Max Capacity: 512M
[2022-09-24T09:56:09.589-0400][0.214s] Pre-touch: Enabled
[2022-09-24T09:56:09.589-0400][0.215s] Parallel Workers: 8
[2022-09-24T09:56:09.589-0400][0.215s] Concurrent Workers: 2
[2022-09-24T09:56:09.589-0400][0.215s] Concurrent Refinement Workers: 8
[2022-09-24T09:56:09.589-0400][0.215s] Periodic GC: Disabled
[2022-09-24T09:56:09.590-0400][0.215s] CDS archive(s) mapped at: [0x0000000800000000-0x0000000800ba0000-0x0000000800ba0000), size 12189696, SharedBaseAddress: 0x0000000800000000, ArchiveRelocationMode: 0.
[2022-09-24T09:56:09.590-0400][0.215s] Compressed class space mapped at: 0x0000000800c00000-0x0000000840c00000, reserved size: 1073741824
[2022-09-24T09:56:09.590-0400][0.215s] Narrow klass base: 0x0000000800000000, Narrow klass shift: 0, Narrow klass range: 0x100000000
[2022-09-24T09:56:15.987-0400][6.624s] GC(0) Pause Young (Normal) (G1 Evacuation Pause)
[2022-09-24T09:56:15.987-0400][6.624s] GC(0) Using 8 workers of 8 for evacuation
[2022-09-24T09:56:16.003-0400][6.628s] GC(0)   Pre Evacuate Collection Set: 0.2ms
[2022-09-24T09:56:16.003-0400][6.628s] GC(0)   Merge Heap Roots: 0.3ms
[2022-09-24T09:56:16.003-0400][6.628s] GC(0)   Evacuate Collection Set: 2.7ms
[2022-09-24T09:56:16.003-0400][6.628s] GC(0)   Post Evacuate Collection Set: 0.8ms
[2022-09-24T09:56:16.003-0400][6.628s] GC(0)   Other: 0.6ms
[2022-09-24T09:56:16.003-0400][6.628s] GC(0) Eden regions: 29->0(40)
[2022-09-24T09:56:16.003-0400][6.629s] GC(0) Survivor regions: 0->4(4)
[2022-09-24T09:56:16.003-0400][6.629s] GC(0) Old regions: 0->1
[2022-09-24T09:56:16.003-0400][6.629s] GC(0) Archive regions: 0->0
[2022-09-24T09:56:16.003-0400][6.629s] GC(0) Humongous regions: 0->0
[2022-09-24T09:56:16.003-0400][6.629s] GC(0) Metaspace: 9545K(9728K)->9545K(9728K) NonClass: 8468K(8576K)->8468K(8576K) Class: 1076K(1152K)->1076K(1152K)
[2022-09-24T09:56:16.003-0400][6.629s] GC(0) Pause Young (Normal) (G1 Evacuation Pause) 29M->4M(512M) 4.949ms
[2022-09-24T09:56:16.003-0400][6.629s] GC(0) User=0.02s Sys=0.00s Real=0.02s
[2022-09-24T09:56:16.620-0400][7.247s] GC(1) Pause Young (Normal) (G1 Evacuation Pause)
[2022-09-24T09:56:16.620-0400][7.247s] GC(1) Using 8 workers of 8 for evacuation
[2022-09-24T09:56:16.620-0400][7.253s] GC(1)   Pre Evacuate Collection Set: 0.1ms
[2022-09-24T09:56:16.620-0400][7.253s] GC(1)   Merge Heap Roots: 0.1ms
[2022-09-24T09:56:16.620-0400][7.253s] GC(1)   Evacuate Collection Set: 5.7ms
[2022-09-24T09:56:16.620-0400][7.253s] GC(1)   Post Evacuate Collection Set: 0.7ms
[2022-09-24T09:56:16.620-0400][7.253s] GC(1)   Other: 0.1ms
[2022-09-24T09:56:16.620-0400][7.253s] GC(1) Eden regions: 38->0(70)
[2022-09-24T09:56:16.620-0400][7.253s] GC(1) Survivor regions: 4->6(6)
[2022-09-24T09:56:16.620-0400][7.253s] GC(1) Old regions: 1->9
[2022-09-24T09:56:16.620-0400][7.253s] GC(1) Archive regions: 0->0
[2022-09-24T09:56:16.620-0400][7.253s] GC(1) Humongous regions: 4->4
[2022-09-24T09:56:16.620-0400][7.253s] GC(1) Metaspace: 16367K(16704K)->16367K(16704K) NonClass: 14486K(14656K)->14486K(14656K) Class: 1881K(2048K)->1881K(2048K)
[2022-09-24T09:56:16.620-0400][7.254s] GC(1) Pause Young (Normal) (G1 Evacuation Pause) 46M->18M(512M) 6.915ms
[2022-09-24T09:56:16.620-0400][7.254s] GC(1) User=0.00s Sys=0.00s Real=0.00s
[2022-09-24T09:56:17.336-0400][7.973s] GC(2) Pause Young (Normal) (G1 Evacuation Pause)
[2022-09-24T09:56:17.336-0400][7.973s] GC(2) Using 8 workers of 8 for evacuation
[2022-09-24T09:56:17.336-0400][7.976s] GC(2)   Pre Evacuate Collection Set: 0.1ms
[2022-09-24T09:56:17.336-0400][7.976s] GC(2)   Merge Heap Roots: 0.0ms
[2022-09-24T09:56:17.336-0400][7.976s] GC(2)   Evacuate Collection Set: 2.6ms
[2022-09-24T09:56:17.336-0400][7.976s] GC(2)   Post Evacuate Collection Set: 0.5ms
[2022-09-24T09:56:17.336-0400][7.976s] GC(2)   Other: 0.1ms
[2022-09-24T09:56:17.336-0400][7.976s] GC(2) Eden regions: 70->0(302)
[2022-09-24T09:56:17.336-0400][7.976s] GC(2) Survivor regions: 6->5(10)
[2022-09-24T09:56:17.336-0400][7.976s] GC(2) Old regions: 9->15
[2022-09-24T09:56:17.336-0400][7.976s] GC(2) Archive regions: 0->0
[2022-09-24T09:56:17.336-0400][7.976s] GC(2) Humongous regions: 4->4
[2022-09-24T09:56:17.336-0400][7.976s] GC(2) Metaspace: 20975K(21312K)->20975K(21312K) NonClass: 18641K(18816K)->18641K(18816K) Class: 2333K(2496K)->2333K(2496K)
[2022-09-24T09:56:17.336-0400][7.976s] GC(2) Pause Young (Normal) (G1 Evacuation Pause) 88M->22M(512M) 3.602ms
[2022-09-24T09:56:17.336-0400][7.976s] GC(2) User=0.00s Sys=0.00s Real=0.00s
[2022-09-24T09:56:17.352-0400][7.992s] GC(3) Pause Young (Concurrent Start) (Metadata GC Threshold)
[2022-09-24T09:56:17.352-0400][7.992s] GC(3) Using 8 workers of 8 for evacuation
[2022-09-24T09:56:17.368-0400][7.994s] GC(3)   Pre Evacuate Collection Set: 0.1ms
[2022-09-24T09:56:17.368-0400][7.994s] GC(3)   Merge Heap Roots: 0.0ms
[2022-09-24T09:56:17.368-0400][7.994s] GC(3)   Evacuate Collection Set: 0.9ms
[2022-09-24T09:56:17.368-0400][7.994s] GC(3)   Post Evacuate Collection Set: 0.3ms
[2022-09-24T09:56:17.368-0400][7.994s] GC(3)   Other: 0.5ms
[2022-09-24T09:56:17.368-0400][7.994s] GC(3) Eden regions: 2->0(302)
[2022-09-24T09:56:17.368-0400][7.994s] GC(3) Survivor regions: 5->5(39)
[2022-09-24T09:56:17.368-0400][7.994s] GC(3) Old regions: 15->15
[2022-09-24T09:56:17.368-0400][7.994s] GC(3) Archive regions: 0->0
[2022-09-24T09:56:17.368-0400][7.994s] GC(3) Humongous regions: 4->4
[2022-09-24T09:56:17.368-0400][7.994s] GC(3) Metaspace: 21088K(21504K)->21088K(21504K) NonClass: 18746K(18944K)->18746K(18944K) Class: 2341K(2560K)->2341K(2560K)
[2022-09-24T09:56:17.368-0400][7.994s] GC(3) Pause Young (Concurrent Start) (Metadata GC Threshold) 24M->22M(512M) 2.219ms
[2022-09-24T09:56:17.368-0400][7.994s] GC(3) User=0.02s Sys=0.00s Real=0.02s
[2022-09-24T09:56:17.368-0400][7.994s] GC(4) Concurrent Mark Cycle
[2022-09-24T09:56:17.368-0400][7.994s] GC(4) Concurrent Clear Claimed Marks
[2022-09-24T09:56:17.368-0400][7.994s] GC(4) Concurrent Clear Claimed Marks 0.037ms
[2022-09-24T09:56:17.368-0400][7.994s] GC(4) Concurrent Scan Root Regions
[2022-09-24T09:56:17.368-0400][7.995s] GC(4) Concurrent Scan Root Regions 0.912ms
[2022-09-24T09:56:17.368-0400][7.995s] GC(4) Concurrent Mark
[2022-09-24T09:56:17.368-0400][7.995s] GC(4) Concurrent Mark From Roots
[2022-09-24T09:56:17.368-0400][7.995s] GC(4) Using 2 workers of 2 for marking
[2022-09-24T09:56:17.386-0400][8.012s] GC(4) Concurrent Mark From Roots 16.642ms
[2022-09-24T09:56:17.386-0400][8.012s] GC(4) Concurrent Preclean
[2022-09-24T09:56:17.386-0400][8.012s] GC(4) Concurrent Preclean 0.105ms
[2022-09-24T09:56:17.387-0400][8.012s] GC(4) Pause Remark
[2022-09-24T09:56:17.389-0400][8.014s] GC(4) Pause Remark 24M->24M(512M) 2.358ms
[2022-09-24T09:56:17.389-0400][8.014s] GC(4) User=0.00s Sys=0.00s Real=0.00s
[2022-09-24T09:56:17.389-0400][8.015s] GC(4) Concurrent Mark 19.604ms
[2022-09-24T09:56:17.389-0400][8.015s] GC(4) Concurrent Rebuild Remembered Sets
[2022-09-24T09:56:17.396-0400][8.021s] GC(4) Concurrent Rebuild Remembered Sets 6.211ms
[2022-09-24T09:56:17.396-0400][8.021s] GC(4) Pause Cleanup
[2022-09-24T09:56:17.396-0400][8.021s] GC(4) Pause Cleanup 24M->24M(512M) 0.178ms
[2022-09-24T09:56:17.396-0400][8.021s] GC(4) User=0.00s Sys=0.00s Real=0.00s
[2022-09-24T09:56:17.396-0400][8.022s] GC(4) Concurrent Cleanup for Next Mark
[2022-09-24T09:56:17.397-0400][8.023s] GC(4) Concurrent Cleanup for Next Mark 1.178ms
[2022-09-24T09:56:17.398-0400][8.023s] GC(4) Concurrent Mark Cycle 28.939ms
[2022-09-24T09:56:38.884-0400][29.518s] GC(5) Pause Young (Prepare Mixed) (Metadata GC Threshold)
[2022-09-24T09:56:38.884-0400][29.519s] GC(5) Using 8 workers of 8 for evacuation
[2022-09-24T09:56:38.900-0400][29.525s] GC(5)   Pre Evacuate Collection Set: 0.1ms
[2022-09-24T09:56:38.900-0400][29.525s] GC(5)   Merge Heap Roots: 0.1ms
[2022-09-24T09:56:38.900-0400][29.525s] GC(5)   Evacuate Collection Set: 5.3ms
[2022-09-24T09:56:38.900-0400][29.525s] GC(5)   Post Evacuate Collection Set: 1.2ms
[2022-09-24T09:56:38.900-0400][29.525s] GC(5)   Other: 0.1ms
[2022-09-24T09:56:38.900-0400][29.525s] GC(5) Eden regions: 168->0(13)
[2022-09-24T09:56:38.900-0400][29.525s] GC(5) Survivor regions: 5->12(39)
[2022-09-24T09:56:38.900-0400][29.525s] GC(5) Old regions: 15->15
[2022-09-24T09:56:38.900-0400][29.526s] GC(5) Archive regions: 0->0
[2022-09-24T09:56:38.900-0400][29.526s] GC(5) Humongous regions: 5->4
[2022-09-24T09:56:38.900-0400][29.526s] GC(5) Metaspace: 35966K(36416K)->35966K(36416K) NonClass: 31796K(32000K)->31796K(32000K) Class: 4170K(4416K)->4170K(4416K)
[2022-09-24T09:56:38.900-0400][29.526s] GC(5) Pause Young (Prepare Mixed) (Metadata GC Threshold) 191M->29M(512M) 7.106ms
[2022-09-24T09:56:38.900-0400][29.526s] GC(5) User=0.05s Sys=0.03s Real=0.02s
[2022-09-24T09:56:38.948-0400][29.577s] GC(6) Pause Young (Mixed) (Metadata GC Threshold)
[2022-09-24T09:56:38.948-0400][29.577s] GC(6) Using 8 workers of 8 for evacuation
[2022-09-24T09:56:38.958-0400][29.583s] GC(6)   Pre Evacuate Collection Set: 0.1ms
[2022-09-24T09:56:38.958-0400][29.583s] GC(6)   Merge Heap Roots: 0.0ms
[2022-09-24T09:56:38.958-0400][29.583s] GC(6)   Evacuate Collection Set: 5.1ms
[2022-09-24T09:56:38.958-0400][29.583s] GC(6)   Post Evacuate Collection Set: 0.6ms
[2022-09-24T09:56:38.958-0400][29.583s] GC(6)   Other: 0.1ms
[2022-09-24T09:56:38.958-0400][29.583s] GC(6) Eden regions: 5->0(305)
[2022-09-24T09:56:38.958-0400][29.583s] GC(6) Survivor regions: 12->2(4)
[2022-09-24T09:56:38.958-0400][29.583s] GC(6) Old regions: 15->26
[2022-09-24T09:56:38.958-0400][29.583s] GC(6) Archive regions: 0->0
[2022-09-24T09:56:38.958-0400][29.583s] GC(6) Humongous regions: 4->4
[2022-09-24T09:56:38.958-0400][29.583s] GC(6) Metaspace: 36341K(36736K)->36341K(36736K) NonClass: 32119K(32320K)->32119K(32320K) Class: 4222K(4416K)->4222K(4416K)
[2022-09-24T09:56:38.958-0400][29.583s] GC(6) Pause Young (Mixed) (Metadata GC Threshold) 34M->30M(512M) 6.194ms
[2022-09-24T09:56:38.958-0400][29.583s] GC(6) User=0.02s Sys=0.00s Real=0.01s
[2022-09-24T09:56:38.989-0400][29.615s] GC(7) Pause Young (Concurrent Start) (Metadata GC Threshold)
[2022-09-24T09:56:38.989-0400][29.615s] GC(7) Using 8 workers of 8 for evacuation
[2022-09-24T09:56:38.989-0400][29.616s] GC(7)   Pre Evacuate Collection Set: 0.1ms
[2022-09-24T09:56:38.989-0400][29.616s] GC(7)   Merge Heap Roots: 0.0ms
[2022-09-24T09:56:38.989-0400][29.616s] GC(7)   Evacuate Collection Set: 0.5ms
[2022-09-24T09:56:38.989-0400][29.616s] GC(7)   Post Evacuate Collection Set: 0.2ms
[2022-09-24T09:56:38.989-0400][29.616s] GC(7)   Other: 0.1ms
[2022-09-24T09:56:38.989-0400][29.616s] GC(7) Eden regions: 4->0(306)
[2022-09-24T09:56:38.989-0400][29.616s] GC(7) Survivor regions: 2->1(39)
[2022-09-24T09:56:38.989-0400][29.616s] GC(7) Old regions: 26->26
[2022-09-24T09:56:38.989-0400][29.616s] GC(7) Archive regions: 0->0
[2022-09-24T09:56:38.989-0400][29.616s] GC(7) Humongous regions: 4->4
[2022-09-24T09:56:38.989-0400][29.616s] GC(7) Metaspace: 36594K(37056K)->36594K(37056K) NonClass: 32319K(32576K)->32319K(32576K) Class: 4274K(4480K)->4274K(4480K)
[2022-09-24T09:56:38.989-0400][29.616s] GC(7) Pause Young (Concurrent Start) (Metadata GC Threshold) 34M->29M(512M) 1.272ms
[2022-09-24T09:56:38.989-0400][29.616s] GC(7) User=0.00s Sys=0.00s Real=0.00s
[2022-09-24T09:56:38.989-0400][29.616s] GC(8) Concurrent Mark Cycle
[2022-09-24T09:56:38.989-0400][29.616s] GC(8) Concurrent Clear Claimed Marks
[2022-09-24T09:56:38.989-0400][29.616s] GC(8) Concurrent Clear Claimed Marks 0.046ms
[2022-09-24T09:56:38.989-0400][29.616s] GC(8) Concurrent Scan Root Regions
[2022-09-24T09:56:38.989-0400][29.617s] GC(8) Concurrent Scan Root Regions 0.792ms
[2022-09-24T09:56:38.989-0400][29.617s] GC(8) Concurrent Mark
[2022-09-24T09:56:38.989-0400][29.617s] GC(8) Concurrent Mark From Roots
[2022-09-24T09:56:38.989-0400][29.617s] GC(8) Using 2 workers of 2 for marking
[2022-09-24T09:56:39.012-0400][29.638s] GC(8) Concurrent Mark From Roots 21.398ms
[2022-09-24T09:56:39.012-0400][29.638s] GC(8) Concurrent Preclean
[2022-09-24T09:56:39.012-0400][29.639s] GC(8) Concurrent Preclean 0.105ms
[2022-09-24T09:56:39.012-0400][29.639s] GC(8) Pause Remark
[2022-09-24T09:56:39.016-0400][29.642s] GC(8) Pause Remark 32M->32M(512M) 2.976ms
[2022-09-24T09:56:39.016-0400][29.642s] GC(8) User=0.00s Sys=0.00s Real=0.00s
[2022-09-24T09:56:39.016-0400][29.642s] GC(8) Concurrent Mark 24.982ms
[2022-09-24T09:56:39.016-0400][29.642s] GC(8) Concurrent Rebuild Remembered Sets
[2022-09-24T09:56:39.019-0400][29.652s] GC(8) Concurrent Rebuild Remembered Sets 9.760ms
[2022-09-24T09:56:39.019-0400][29.652s] GC(8) Pause Cleanup
[2022-09-24T09:56:39.019-0400][29.652s] GC(8) Pause Cleanup 34M->34M(512M) 0.120ms
[2022-09-24T09:56:39.019-0400][29.652s] GC(8) User=0.00s Sys=0.00s Real=0.00s
[2022-09-24T09:56:39.019-0400][29.652s] GC(8) Concurrent Cleanup for Next Mark
[2022-09-24T09:56:39.019-0400][29.653s] GC(8) Concurrent Cleanup for Next Mark 0.916ms
[2022-09-24T09:56:39.019-0400][29.653s] GC(8) Concurrent Mark Cycle 37.151ms
[2022-09-24T09:57:17.910-0400][68.536s] GC(9) Pause Young (Normal) (G1 Evacuation Pause)
[2022-09-24T09:57:17.910-0400][68.536s] GC(9) Using 8 workers of 8 for evacuation
[2022-09-24T09:57:17.919-0400][68.544s] GC(9)   Pre Evacuate Collection Set: 0.1ms
[2022-09-24T09:57:17.919-0400][68.544s] GC(9)   Merge Heap Roots: 0.1ms
[2022-09-24T09:57:17.919-0400][68.544s] GC(9)   Evacuate Collection Set: 7.4ms
[2022-09-24T09:57:17.919-0400][68.544s] GC(9)   Post Evacuate Collection Set: 0.7ms
[2022-09-24T09:57:17.919-0400][68.544s] GC(9)   Other: 0.1ms
[2022-09-24T09:57:17.919-0400][68.544s] GC(9) Eden regions: 306->0(295)
[2022-09-24T09:57:17.919-0400][68.544s] GC(9) Survivor regions: 1->12(39)
[2022-09-24T09:57:17.919-0400][68.544s] GC(9) Old regions: 26->26
[2022-09-24T09:57:17.919-0400][68.544s] GC(9) Archive regions: 0->0
[2022-09-24T09:57:17.919-0400][68.544s] GC(9) Humongous regions: 7->7
[2022-09-24T09:57:17.919-0400][68.544s] GC(9) Metaspace: 46852K(47424K)->46852K(47424K) NonClass: 41328K(41664K)->41328K(41664K) Class: 5523K(5760K)->5523K(5760K)
[2022-09-24T09:57:17.919-0400][68.544s] GC(9) Pause Young (Normal) (G1 Evacuation Pause) 338M->44M(512M) 8.792ms
[2022-09-24T09:57:17.919-0400][68.544s] GC(9) User=0.00s Sys=0.00s Real=0.01s
[2022-09-24T10:11:49.990-0400][940.615s] Heap
[2022-09-24T10:11:49.990-0400][940.616s]  garbage-first heap   total 524288K, used 342708K [0x00000000e0000000, 0x0000000100000000)
[2022-09-24T10:11:49.990-0400][940.616s]   region size 1024K, 303 young (310272K), 12 survivors (12288K)
[2022-09-24T10:11:49.990-0400][940.616s]  Metaspace       used 51173K, committed 51776K, reserved 1114112K
[2022-09-24T10:11:49.990-0400][940.616s]   class space    used 5989K, committed 6272K, reserved 1048576K
